ARM GAS  /tmp/cc8S2fAI.s 			page 1


   1              	# 1 "../../../os/common/startup/ARMCMx/compilers/GCC/crt0_v6m.S"
   1              	/*
   1              	...
   0              	
   0              	
   2              	    ChibiOS - Copyright (C) 2006..2018 Giovanni Di Sirio
   3              	
   4              	    Licensed under the Apache License, Version 2.0 (the "License");
   5              	    you may not use this file except in compliance with the License.
   6              	    You may obtain a copy of the License at
   7              	
   8              	        http://www.apache.org/licenses/LICENSE-2.0
   9              	
  10              	    Unless required by applicable law or agreed to in writing, software
  11              	    distributed under the License is distributed on an "AS IS" BASIS,
  12              	    WITHOUT WARRANTIES OR CONDITIONS OF ANY KIND, either express or implied.
  13              	    See the License for the specific language governing permissions and
  14              	    limitations under the License.
  15              	*/
  16              	
  17              	/**
  18              	 * @file    crt0_v6m.S
  19              	 * @brief   Generic ARMv6-M (Cortex-M0/M1) startup file for ChibiOS.
  20              	 *
  21              	 * @addtogroup ARMCMx_GCC_STARTUP_V6M
  22              	 * @{
  23              	 */
  24              	
  25              	/*===========================================================================*/
  26              	/* Module constants.                                                         */
  27              	/*===========================================================================*/
  28              	
  29              	#if !defined(FALSE) || defined(__DOXYGEN__)
  30              	#define FALSE                               0
  31              	#endif
  32              	
  33              	#if !defined(TRUE) || defined(__DOXYGEN__)
  34              	#define TRUE                                1
  35              	#endif
  36              	
  37              	#define CONTROL_MODE_PRIVILEGED             0
  38              	#define CONTROL_MODE_UNPRIVILEGED           1
  39              	#define CONTROL_USE_MSP                     0
  40              	#define CONTROL_USE_PSP                     2
  41              	
  42              	#define SCB_VTOR                            0xE000ED08
  43              	
  44              	/*===========================================================================*/
  45              	/* Module pre-compile time settings.                                         */
  46              	/*===========================================================================*/
  47              	
  48              	/**
  49              	 * @brief   Enforces initialization of MSP.
  50              	 * @note    This is required if the boot process is not reliable for whatever
  51              	 *          reason (bad ROMs, bad bootloaders, bad debuggers=.
  52              	 */
  53              	#if !defined(CRT0_FORCE_MSP_INIT) || defined(__DOXYGEN__)
ARM GAS  /tmp/cc8S2fAI.s 			page 2


  54              	#define CRT0_FORCE_MSP_INIT                 TRUE
  55              	#endif
  56              	
  57              	/**
  58              	 * @brief   VTOR special register initialization.
  59              	 * @details VTOR is initialized to point to the vectors table.
  60              	 * @note    This option can only be enabled on Cortex-M0+ cores.
  61              	 */
  62              	#if !defined(CRT0_VTOR_INIT) || defined(__DOXYGEN__)
  63              	#define CRT0_VTOR_INIT                      FALSE
  64              	#endif
  65              	
  66              	/**
  67              	 * @brief   Control special register initialization value.
  68              	 * @details The system is setup to run in privileged mode using the PSP
  69              	 *          stack (dual stack mode).
  70              	 */
  71              	#if !defined(CRT0_CONTROL_INIT) || defined(__DOXYGEN__)
  72              	#define CRT0_CONTROL_INIT                   (CONTROL_USE_PSP |              \
  73              	                                             CONTROL_MODE_PRIVILEGED)
  74              	#endif
  75              	
  76              	/**
  77              	 * @brief   Core initialization switch.
  78              	 */
  79              	#if !defined(CRT0_INIT_CORE) || defined(__DOXYGEN__)
  80              	#define CRT0_INIT_CORE                      TRUE
  81              	#endif
  82              	
  83              	/**
  84              	 * @brief   Stack segments initialization switch.
  85              	 */
  86              	#if !defined(CRT0_STACKS_FILL_PATTERN) || defined(__DOXYGEN__)
  87              	#define CRT0_STACKS_FILL_PATTERN            0x55555555
  88              	#endif
  89              	
  90              	/**
  91              	 * @brief   Stack segments initialization switch.
  92              	 */
  93              	#if !defined(CRT0_INIT_STACKS) || defined(__DOXYGEN__)
  94              	#define CRT0_INIT_STACKS                    TRUE
  95              	#endif
  96              	
  97              	/**
  98              	 * @brief   Vectors table initialization.
  99              	 * @details Vectors are copied in RAM on startup.
 100              	 */
 101              	#if !defined(CRT0_INIT_VECTORS) || defined(__DOXYGEN__)
 102              	#define CRT0_INIT_VECTORS                   FALSE
 103              	#endif
 104              	
 105              	/**
 106              	 * @brief   DATA segment initialization switch.
 107              	 */
 108              	#if !defined(CRT0_INIT_DATA) || defined(__DOXYGEN__)
 109              	#define CRT0_INIT_DATA                      TRUE
 110              	#endif
ARM GAS  /tmp/cc8S2fAI.s 			page 3


 111              	
 112              	/**
 113              	 * @brief   BSS segment initialization switch.
 114              	 */
 115              	#if !defined(CRT0_INIT_BSS) || defined(__DOXYGEN__)
 116              	#define CRT0_INIT_BSS                       TRUE
 117              	#endif
 118              	
 119              	/**
 120              	 * @brief   RAM areas initialization switch.
 121              	 */
 122              	#if !defined(CRT0_INIT_RAM_AREAS) || defined(__DOXYGEN__)
 123              	#define CRT0_INIT_RAM_AREAS                 TRUE
 124              	#endif
 125              	
 126              	/**
 127              	 * @brief   Constructors invocation switch.
 128              	 */
 129              	#if !defined(CRT0_CALL_CONSTRUCTORS) || defined(__DOXYGEN__)
 130              	#define CRT0_CALL_CONSTRUCTORS              TRUE
 131              	#endif
 132              	
 133              	/**
 134              	 * @brief   Destructors invocation switch.
 135              	 */
 136              	#if !defined(CRT0_CALL_DESTRUCTORS) || defined(__DOXYGEN__)
 137              	#define CRT0_CALL_DESTRUCTORS               TRUE
 138              	#endif
 139              	
 140              	/**
 141              	 * @brief   Number of extra cores.
 142              	 */
 143              	#if !defined(CRT0_EXTRA_CORES_NUMBER) || defined(__DOXYGEN__)
 144              	#define CRT0_EXTRA_CORES_NUMBER             0
 145              	#endif
 146              	
 147              	/*===========================================================================*/
 148              	/* Code section.                                                             */
 149              	/*===========================================================================*/
 150              	
 151              	#if !defined(__DOXYGEN__)
 152              	
 153              	                .cpu    cortex-m0
 154              	                .fpu    softvfp
 155              	                .syntax unified
 156              	                .thumb
 157              	                .text
 158              	
 159              	/*
 160              	 * CRT0 entry point.
 161              	 */
 162              	                .align  2
 163              	                .thumb_func
 164              	                .global _crt0_entry
 165              	_crt0_entry:
 166              	                /* Interrupts are globally masked initially.*/
 167 0000 72B6     	                cpsid   i
ARM GAS  /tmp/cc8S2fAI.s 			page 4


 168              	
 169              	#if CRT0_FORCE_MSP_INIT == TRUE
 170              	                /* MSP stack pointers initialization.*/
 171 0002 3948     	                ldr     r0, =__main_stack_end__
 172 0004 80F30888 	                msr     MSP, r0
 173              	#endif
 174              	
 175              	                /* PSP stack pointers initialization.*/
 176 0008 3848     	                ldr     r0, =__process_stack_end__
 177 000a 80F30988 	                msr     PSP, r0
 178              	
 179              	                /* CPU mode initialization as configured.*/
 180 000e 0220     	                movs    r0, #CRT0_CONTROL_INIT
 181 0010 80F31488 	                msr     CONTROL, r0
 182 0014 BFF36F8F 	                isb
 183              	
 184              	#if CRT0_VTOR_INIT == TRUE
 185 0018 3548     	                ldr     r0, =_vectors
 186 001a 3649     	                ldr     r1, =SCB_VTOR
 187 001c 0860     	                str     r0, [r1]
 188              	#endif
 189              	
 190              	#if CRT0_INIT_CORE == TRUE
 191              	                /* Core initialization.*/
 192 001e FFF7FEFF 	                bl      __cpu_init
 193              	#endif
 194              	
 195              	                /* Early initialization..*/
 196 0022 FFF7FEFF 	                bl      __early_init
 197              	
 198              	#if CRT0_INIT_STACKS == TRUE
 199 0026 3448     	                ldr     r0, =CRT0_STACKS_FILL_PATTERN
 200              	                /* Main Stack initialization. Note, it assumes that the
 201              	                   stack size is a multiple of 4 so the linker file must
 202              	                   ensure this.*/
 203 0028 3449     	                ldr     r1, =__main_stack_base__
 204 002a 2F4A     	                ldr     r2, =__main_stack_end__
 205              	.Lmsloop:
 206 002c 9142     	                cmp     r1, r2
 207 002e 02DA     	                bge     .Lendmsloop
 208 0030 0860     	                str     r0, [r1]
 209 0032 0431     	                adds    r1, #4
 210 0034 FAE7     	                b       .Lmsloop
 211              	.Lendmsloop:
 212              	                /* Process Stack initialization. Note, it assumes that the
 213              	                   stack size is a multiple of 4 so the linker file must
 214              	                   ensure this.*/
 215 0036 3249     	                ldr     r1, =__process_stack_base__
 216 0038 2C4A     	                ldr     r2, =__process_stack_end__
 217              	.Lpsloop:
 218 003a 9142     	                cmp     r1, r2
 219 003c 02DA     	                bge     .Lendpsloop
 220 003e 0860     	                str     r0, [r1]
 221 0040 0431     	                adds    r1, #4
 222 0042 FAE7     	                b       .Lpsloop
 223              	.Lendpsloop:
 224              	#endif
ARM GAS  /tmp/cc8S2fAI.s 			page 5


 225              	
 226              	#if CRT0_INIT_VECTORS == TRUE
 227              	                /* Vectors initialization. Note, it assumes that the vectors
 228              	                   size is a multiple of 4 so the linker file must ensure
 229              	                   this.*/
 230              	                ldr     r1, =__textvectors_base__
 231              	                ldr     r2, =__vectors_base__
 232              	                ldr     r3, =__vectors_end__
 233              	                mov     r4, r2
 234              	.Lvloop:
 235              	                cmp     r2, r3
 236              	                bge     .Lendvloop
 237              	                ldr     r0, [r1]
 238              	                str     r0, [r2]
 239              	                adds    r1, #4
 240              	                adds    r2, #4
 241              	                b       .Lvloop
 242              	.Lendvloop:
 243              	
 244              	                /* VTOR now pointing to the RAM table.*/
 245              	                ldr     r1, =SCB_VTOR
 246              	                str     r4, [r1]
 247              	#endif
 248              	
 249              	#if CRT0_INIT_DATA == TRUE
 250              	                /* Data initialization. Note, it assumes that the DATA
 251              	                   size is a multiple of 4 so the linker file must ensure
 252              	                   this.*/
 253 0044 2F49     	                ldr     r1, =__textdata_base__
 254 0046 304A     	                ldr     r2, =__data_base__
 255 0048 304B     	                ldr     r3, =__data_end__
 256              	.Ldloop:
 257 004a 9A42     	                cmp     r2, r3
 258 004c 04DA     	                bge     .Lenddloop
 259 004e 0868     	                ldr     r0, [r1]
 260 0050 1060     	                str     r0, [r2]
 261 0052 0431     	                adds    r1, #4
 262 0054 0432     	                adds    r2, #4
 263 0056 F8E7     	                b       .Ldloop
 264              	.Lenddloop:
 265              	#endif
 266              	
 267              	#if CRT0_INIT_BSS == TRUE
 268              	                /* BSS initialization. Note, it assumes that the DATA
 269              	                   size is a multiple of 4 so the linker file must ensure
 270              	                   this.*/
 271 0058 0020     	                movs    r0, #0
 272 005a 2D49     	                ldr     r1, =__bss_base__
 273 005c 2D4A     	                ldr     r2, =__bss_end__
 274              	.Lbloop:
 275 005e 9142     	                cmp     r1, r2
 276 0060 02DA     	                bge     .Lendbloop
 277 0062 0860     	                str     r0, [r1]
 278 0064 0431     	                adds    r1, #4
 279 0066 FAE7     	                b       .Lbloop
 280              	.Lendbloop:
 281              	#endif
ARM GAS  /tmp/cc8S2fAI.s 			page 6


 282              	
 283              	#if CRT0_INIT_RAM_AREAS == TRUE
 284              	                /* RAM areas initialization.*/
 285 0068 FFF7FEFF 	                bl      __init_ram_areas
 286              	#endif
 287              	
 288              	                /* Late initialization..*/
 289 006c FFF7FEFF 	                bl      __late_init
 290              	
 291              	#if CRT0_CALL_CONSTRUCTORS == TRUE
 292              	                /* Constructors invocation.*/
 293 0070 294C     	                ldr     r4, =__init_array_base__
 294 0072 2A4D     	                ldr     r5, =__init_array_end__
 295              	.Linitloop:
 296 0074 AC42     	                cmp     r4, r5
 297 0076 03DA     	                bge     .Lendinitloop
 298 0078 2168     	                ldr     r1, [r4]
 299 007a 8847     	                blx     r1
 300 007c 0434     	                adds    r4, #4
 301 007e F9E7     	                b       .Linitloop
 302              	.Lendinitloop:
 303              	#endif
 304              	
 305              	                /* Main program invocation, r0 contains the returned value.*/
 306 0080 FFF7FEFF 	                bl      main
 307              	
 308              	#if CRT0_CALL_DESTRUCTORS == TRUE
 309              	                /* Destructors invocation.*/
 310 0084 264C     	                ldr     r4, =__fini_array_base__
 311 0086 274D     	                ldr     r5, =__fini_array_end__
 312              	.Lfiniloop:
 313 0088 AC42     	                cmp     r4, r5
 314 008a 03DA     	                bge     .Lendfiniloop
 315 008c 2168     	                ldr     r1, [r4]
 316 008e 8847     	                blx     r1
 317 0090 0434     	                adds    r4, #4
 318 0092 F9E7     	                b       .Lfiniloop
 319              	.Lendfiniloop:
 320              	#endif
 321              	
 322              	                /* Branching to the defined exit handler.*/
 323 0094 2449     	                ldr     r1, =__default_exit
 324 0096 0847     	                bx      r1
 325              	
 326              	#endif
 327              	
 328              	#if CRT0_EXTRA_CORES_NUMBER > 0
 329              	                .align  2
 330              	                .thumb_func
 331              	                .global _crt0_c1_entry
 332              	_crt0_c1_entry:
 333              	                /* Interrupts are globally masked initially.*/
 334 0098 72B6     	                cpsid   i
 335              	
 336              	#if CRT0_FORCE_MSP_INIT == TRUE
 337              	                /* MSP stack pointers initialization.*/
 338 009a 2448     	                ldr     r0, =__c1_main_stack_end__
ARM GAS  /tmp/cc8S2fAI.s 			page 7


 339 009c 80F30888 	                msr     MSP, r0
 340              	#endif
 341              	
 342              	                /* PSP stack pointers initialization.*/
 343 00a0 2348     	                ldr     r0, =__c1_process_stack_end__
 344 00a2 80F30988 	                msr     PSP, r0
 345              	
 346              	                /* CPU mode initialization as configured.*/
 347 00a6 0220     	                movs    r0, #CRT0_CONTROL_INIT
 348 00a8 80F31488 	                msr     CONTROL, r0
 349 00ac BFF36F8F 	                isb
 350              	
 351              	#if CRT0_VTOR_INIT == TRUE
 352 00b0 0F48     	                ldr     r0, =_vectors
 353 00b2 1049     	                ldr     r1, =SCB_VTOR
 354 00b4 0860     	                str     r0, [r1]
 355              	#endif
 356              	
 357              	#if CRT0_INIT_CORE == TRUE
 358              	                /* Core initialization.*/
 359 00b6 FFF7FEFF 	                bl      __c1_cpu_init
 360              	#endif
 361              	
 362              	                /* Early initialization..*/
 363 00ba FFF7FEFF 	                bl      __c1_early_init
 364              	
 365              	#if CRT0_INIT_STACKS == TRUE
 366 00be 0E48     	                ldr     r0, =CRT0_STACKS_FILL_PATTERN
 367              	                /* Main Stack initialization. Note, it assumes that the
 368              	                   stack size is a multiple of 4 so the linker file must
 369              	                   ensure this.*/
 370 00c0 1C49     	                ldr     r1, =__c1_main_stack_base__
 371 00c2 1A4A     	                ldr     r2, =__c1_main_stack_end__
 372              	.Lc1msloop:
 373 00c4 9142     	                cmp     r1, r2
 374 00c6 02DA     	                bge     .Lc1endmsloop
 375 00c8 0860     	                str     r0, [r1]
 376 00ca 0431     	                adds    r1, #4
 377 00cc FAE7     	                b       .Lc1msloop
 378              	.Lc1endmsloop:
 379              	                /* Process Stack initialization. Note, it assumes that the
 380              	                   stack size is a multiple of 4 so the linker file must
 381              	                   ensure this.*/
 382 00ce 1A49     	                ldr     r1, =__c1_process_stack_base__
 383 00d0 174A     	                ldr     r2, =__c1_process_stack_end__
 384              	.Lc1psloop:
 385 00d2 9142     	                cmp     r1, r2
 386 00d4 02DA     	                bge     .Lc1endpsloop
 387 00d6 0860     	                str     r0, [r1]
 388 00d8 0431     	                adds    r1, #4
 389 00da FAE7     	                b       .Lc1psloop
 390              	.Lc1endpsloop:
 391              	#endif
 392              	
 393              	                /* Late initialization..*/
 394 00dc FFF7FEFF 	                bl      __c1_late_init
 395              	
ARM GAS  /tmp/cc8S2fAI.s 			page 8


 396              	                /* Main program invocation, r0 contains the returned value.*/
 397 00e0 FFF7FEFF 	                bl      c1_main
 398              	
 399              	                /* Branching to the defined exit handler.*/
 400 00e4 1549     	                ldr     r1, =__c1_default_exit
 401 00e6 08470000 	                bx      r1
 401      00000000 
 401      00000000 
 401      000008ED 
 401      00E05555 
ARM GAS  /tmp/cc8S2fAI.s 			page 9


DEFINED SYMBOLS
../../../os/common/startup/ARMCMx/compilers/GCC/crt0_v6m.S:162    .text:0000000000000000 $t
../../../os/common/startup/ARMCMx/compilers/GCC/crt0_v6m.S:165    .text:0000000000000000 _crt0_entry
../../../os/common/startup/ARMCMx/compilers/GCC/crt0_v6m.S:332    .text:0000000000000098 _crt0_c1_entry
../../../os/common/startup/ARMCMx/compilers/GCC/crt0_v6m.S:401    .text:00000000000000e8 $d

UNDEFINED SYMBOLS
__main_stack_end__
__process_stack_end__
_vectors
__cpu_init
__early_init
__main_stack_base__
__process_stack_base__
__textdata_base__
__data_base__
__data_end__
__bss_base__
__bss_end__
__init_ram_areas
__late_init
__init_array_base__
__init_array_end__
main
__fini_array_base__
__fini_array_end__
__default_exit
__c1_main_stack_end__
__c1_process_stack_end__
__c1_cpu_init
__c1_early_init
__c1_main_stack_base__
__c1_process_stack_base__
__c1_late_init
c1_main
__c1_default_exit
