Archive member included to satisfy reference by file (symbol)

/opt/gcc-arm-none-eabi-10-2020-q4-major/bin/../lib/gcc/arm-none-eabi/10.2.1/../../../../arm-none-eabi/lib/thumb/v8-m.main/nofp/libg.a(lib_a-ctype_.o)
                              ./build/obj/chscanf.o (symbol from plugin) (_ctype_)
/opt/gcc-arm-none-eabi-10-2020-q4-major/bin/../lib/gcc/arm-none-eabi/10.2.1/../../../../arm-none-eabi/lib/thumb/v8-m.main/nofp/libg.a(lib_a-memcmp.o)
                              /tmp/ch.elf.FAxYGx.ltrans0.ltrans.o (memcmp)
/opt/gcc-arm-none-eabi-10-2020-q4-major/bin/../lib/gcc/arm-none-eabi/10.2.1/../../../../arm-none-eabi/lib/thumb/v8-m.main/nofp/libg.a(lib_a-memcpy.o)
                              /tmp/ch.elf.FAxYGx.ltrans0.ltrans.o (memcpy)
/opt/gcc-arm-none-eabi-10-2020-q4-major/bin/../lib/gcc/arm-none-eabi/10.2.1/../../../../arm-none-eabi/lib/thumb/v8-m.main/nofp/libg.a(lib_a-memset.o)
                              /tmp/ch.elf.FAxYGx.ltrans0.ltrans.o (memset)
/opt/gcc-arm-none-eabi-10-2020-q4-major/bin/../lib/gcc/arm-none-eabi/10.2.1/../../../../arm-none-eabi/lib/thumb/v8-m.main/nofp/libg.a(lib_a-strchr.o)
                              /tmp/ch.elf.FAxYGx.ltrans0.ltrans.o (strchr)
/opt/gcc-arm-none-eabi-10-2020-q4-major/bin/../lib/gcc/arm-none-eabi/10.2.1/../../../../arm-none-eabi/lib/thumb/v8-m.main/nofp/libg.a(lib_a-strcmp.o)
                              /tmp/ch.elf.FAxYGx.ltrans0.ltrans.o (strcmp)
/opt/gcc-arm-none-eabi-10-2020-q4-major/bin/../lib/gcc/arm-none-eabi/10.2.1/../../../../arm-none-eabi/lib/thumb/v8-m.main/nofp/libg.a(lib_a-strncmp.o)
                              /tmp/ch.elf.FAxYGx.ltrans0.ltrans.o (strncmp)
/opt/gcc-arm-none-eabi-10-2020-q4-major/bin/../lib/gcc/arm-none-eabi/10.2.1/../../../../arm-none-eabi/lib/thumb/v8-m.main/nofp/libg.a(lib_a-strpbrk.o)
                              /tmp/ch.elf.FAxYGx.ltrans0.ltrans.o (strpbrk)
/opt/gcc-arm-none-eabi-10-2020-q4-major/bin/../lib/gcc/arm-none-eabi/10.2.1/../../../../arm-none-eabi/lib/thumb/v8-m.main/nofp/libg.a(lib_a-strspn.o)
                              /tmp/ch.elf.FAxYGx.ltrans0.ltrans.o (strspn)

Discarded input sections

 .data          0x0000000000000000        0x0 ./build/obj/crt0_v8m-ml.o
 .bss           0x0000000000000000        0x0 ./build/obj/crt0_v8m-ml.o
 .data          0x0000000000000000        0x0 ./build/obj/vectors.o
 .bss           0x0000000000000000        0x0 ./build/obj/vectors.o
 .data          0x0000000000000000        0x0 ./build/obj/chcoreasm.o
 .bss           0x0000000000000000        0x0 ./build/obj/chcoreasm.o
 .text          0x0000000000000000        0x0 /tmp/ch.elf.FAxYGx.ltrans0.ltrans.o
 .data          0x0000000000000000        0x0 /tmp/ch.elf.FAxYGx.ltrans0.ltrans.o
 .bss           0x0000000000000000        0x0 /tmp/ch.elf.FAxYGx.ltrans0.ltrans.o
 .text.irqInit  0x0000000000000000        0x4 /tmp/ch.elf.FAxYGx.ltrans0.ltrans.o
 .text.boardInit
                0x0000000000000000        0x4 /tmp/ch.elf.FAxYGx.ltrans0.ltrans.o
 .text.stdio_init_all
                0x0000000000000000        0x4 /tmp/ch.elf.FAxYGx.ltrans0.ltrans.o
 .text          0x0000000000000000        0x0 /tmp/ch.elf.FAxYGx.ltrans1.ltrans.o
 .data          0x0000000000000000        0x0 /tmp/ch.elf.FAxYGx.ltrans1.ltrans.o
 .bss           0x0000000000000000        0x0 /tmp/ch.elf.FAxYGx.ltrans1.ltrans.o
 .comment       0x0000000000000000       0x4e /tmp/cc4cK4gQ.debug.temp.o
 .debug_info    0x0000000000000000      0x13e /tmp/cc5RlpMY.debug.temp.o
 .debug_abbrev  0x0000000000000000       0xda /tmp/cc5RlpMY.debug.temp.o
 .debug_line    0x0000000000000000       0x82 /tmp/cc5RlpMY.debug.temp.o
 .debug_str     0x0000000000000000      0x226 /tmp/cc5RlpMY.debug.temp.o
 .comment       0x0000000000000000       0x4e /tmp/cc5RlpMY.debug.temp.o
 .comment       0x0000000000000000       0x4e /tmp/ccXUTnkH.debug.temp.o
 .comment       0x0000000000000000       0x4e /tmp/ccXew7Lx.debug.temp.o
 .debug_info    0x0000000000000000      0xb9d /tmp/ccbND9Mo.debug.temp.o
 .debug_abbrev  0x0000000000000000      0x1cd /tmp/ccbND9Mo.debug.temp.o
 .debug_line    0x0000000000000000      0x29a /tmp/ccbND9Mo.debug.temp.o
 .debug_str     0x0000000000000000      0x75c /tmp/ccbND9Mo.debug.temp.o
 .comment       0x0000000000000000       0x4e /tmp/ccbND9Mo.debug.temp.o
 .debug_info    0x0000000000000000      0x8fe /tmp/ccYyRjzB.debug.temp.o
 .debug_abbrev  0x0000000000000000      0x1b3 /tmp/ccYyRjzB.debug.temp.o
 .debug_line    0x0000000000000000      0x258 /tmp/ccYyRjzB.debug.temp.o
 .debug_str     0x0000000000000000      0x56f /tmp/ccYyRjzB.debug.temp.o
 .comment       0x0000000000000000       0x4e /tmp/ccYyRjzB.debug.temp.o
 .debug_info    0x0000000000000000      0x7d4 /tmp/ccSBV2O1.debug.temp.o
 .debug_abbrev  0x0000000000000000      0x1b5 /tmp/ccSBV2O1.debug.temp.o
 .debug_line    0x0000000000000000      0x256 /tmp/ccSBV2O1.debug.temp.o
 .debug_str     0x0000000000000000      0x45d /tmp/ccSBV2O1.debug.temp.o
[...]
Memory Configuration

Name             Origin             Length             Attributes
flash0           0x0000000000000000 0x0000000000004000 xr
flash1           0x0000000010000000 0x0000000001000000 xr
flash2           0x0000000000000000 0x0000000000000000 xr
flash3           0x0000000000000000 0x0000000000000000 xr
flash4           0x0000000000000000 0x0000000000000000 xr
flash5           0x0000000000000000 0x0000000000000000 xr
flash6           0x0000000000000000 0x0000000000000000 xr
flash7           0x0000000000000000 0x0000000000000000 xr
ram0             0x0000000020000000 0x0000000000040000 xw
ram1             0x0000000000000000 0x0000000000040000 xw
ram2             0x0000000000000000 0x0000000000000000 xw
ram3             0x0000000000000000 0x0000000000000000 xw
ram4             0x0000000020040000 0x0000000000001000 xw
ram5             0x0000000020041000 0x0000000000001000 xw
ram6             0x0000000000000000 0x0000000000000000 xw
ram7             0x0000000020041f00 0x0000000000000100 xw
*default*        0x0000000000000000 0xffffffffffffffff

Linker script and memory map

LOAD ./build/obj/crt0_v8m-ml.o
LOAD ./build/obj/vectors.o
LOAD ./build/obj/chcoreasm.o
LOAD ./build/obj/crt1.o
LOAD /tmp/ch.elf.FAxYGx.ltrans0.ltrans.o
LOAD /tmp/ch.elf.FAxYGx.ltrans1.ltrans.o
LOAD /tmp/cc4cK4gQ.debug.temp.o
LOAD /tmp/cc5RlpMY.debug.temp.o
LOAD /tmp/ccXUTnkH.debug.temp.o
LOAD /tmp/ccXew7Lx.debug.temp.o
LOAD /tmp/ccbND9Mo.debug.temp.o
LOAD /tmp/ccYyRjzB.debug.temp.o
LOAD /tmp/ccSBV2O1.debug.temp.o
LOAD /tmp/ccHhi7Rp.debug.temp.o
LOAD /tmp/ccAZZKmr.debug.temp.o
LOAD /tmp/ccgvWlje.debug.temp.o
LOAD /tmp/cceQOQux.debug.temp.o
LOAD /tmp/ccvXUQu1.debug.temp.o
LOAD /tmp/ccgco9Fw.debug.temp.o
LOAD /tmp/ccetD1Oz.debug.temp.o
LOAD /tmp/ccyMQpOD.debug.temp.o
LOAD /tmp/ccZmkc2Y.debug.temp.o
LOAD /tmp/ccLTSdlN.debug.temp.o
LOAD /tmp/ccpxJrdJ.debug.temp.o
LOAD /tmp/cc7Qhynn.debug.temp.o
LOAD /tmp/ccw3tSzE.debug.temp.o
LOAD /tmp/ccxs52Bj.debug.temp.o
LOAD /tmp/ccKcitv8.debug.temp.o
LOAD /tmp/cclNGfOI.debug.temp.o
LOAD /tmp/ccZn10nj.debug.temp.o
LOAD /tmp/ccssz4Wg.debug.temp.o
LOAD /tmp/cctph1cz.debug.temp.o
LOAD /tmp/ccJZ0USq.debug.temp.o
LOAD /tmp/ccZCnfJs.debug.temp.o
LOAD /tmp/ccfdUqHB.debug.temp.o
LOAD /tmp/ccW8lemJ.debug.temp.o
LOAD /tmp/ccr6pUnp.debug.temp.o
LOAD /tmp/cciqepxP.debug.temp.o
LOAD /tmp/cc1dWSWa.debug.temp.o
LOAD /tmp/ccQ3zpz2.debug.temp.o
LOAD /tmp/ccl75Emy.debug.temp.o
LOAD /tmp/ccDL8SKN.debug.temp.o
LOAD /tmp/ccUdZWac.debug.temp.o
LOAD /tmp/cc6pjXNK.debug.temp.o
LOAD /tmp/cc5HI9PQ.debug.temp.o
LOAD /tmp/ccBrHwoz.debug.temp.o
LOAD /tmp/ccnUT5SQ.debug.temp.o
LOAD /tmp/ccXLVMx4.debug.temp.o
LOAD /tmp/ccQ74CmR.debug.temp.o
LOAD /tmp/ccJGERsL.debug.temp.o
LOAD /tmp/ccC8jQX6.debug.temp.o
LOAD /tmp/ccYbh240.debug.temp.o
LOAD /tmp/ccIZFuuJ.debug.temp.o
LOAD /tmp/ccjRQVrZ.debug.temp.o
LOAD /tmp/cc5h8Kc0.debug.temp.o
LOAD /tmp/ccDTcpSo.debug.temp.o
LOAD /tmp/ccsxx51z.debug.temp.o
LOAD /tmp/ccemxyYc.debug.temp.o
LOAD /tmp/ccVOKkyn.debug.temp.o
LOAD /tmp/cc6nrGJh.debug.temp.o
LOAD /tmp/ccxac1eQ.debug.temp.o
LOAD /tmp/cctKBXb2.debug.temp.o
LOAD /tmp/ccEuguNO.debug.temp.o
LOAD /tmp/ccEIyRBW.debug.temp.o
LOAD /tmp/ccQWIMGh.debug.temp.o
LOAD /tmp/ccMWlUUC.debug.temp.o
LOAD /tmp/cc6wvWof.debug.temp.o
LOAD /tmp/cc3EVhZ6.debug.temp.o
LOAD /tmp/ccEyPGaq.debug.temp.o
LOAD /tmp/ccMRdiea.debug.temp.o
LOAD /tmp/cc4DLIxK.debug.temp.o
LOAD /tmp/ccCWZUrL.debug.temp.o
LOAD /tmp/ccBDFRKd.debug.temp.o
LOAD /tmp/ccmjGE7A.debug.temp.o
LOAD /tmp/ccn8Sosy.debug.temp.o
LOAD /tmp/ccjc05Fm.debug.temp.o
LOAD /tmp/cc8UKpTY.debug.temp.o
LOAD /tmp/ccbMokX1.debug.temp.o
LOAD /tmp/ccvRlxuG.debug.temp.o
LOAD /tmp/cczJMxFg.debug.temp.o
LOAD /tmp/cc9QfDyM.debug.temp.o
LOAD /tmp/ccOSvWbK.debug.temp.o
LOAD /tmp/cc0c8q2U.debug.temp.o
LOAD /tmp/ccebZuRn.debug.temp.o
LOAD /tmp/ccSIu8rN.debug.temp.o
LOAD /tmp/cctRDlA1.debug.temp.o
LOAD /tmp/ccyBXePe.debug.temp.o
LOAD /tmp/ccmvRQZu.debug.temp.o
LOAD /tmp/ccC4oA32.debug.temp.o
LOAD /tmp/ccJq505M.debug.temp.o
LOAD /tmp/ccBVUHoc.debug.temp.o
LOAD /tmp/ccO3Ncef.debug.temp.o
LOAD /tmp/cc9H8FWN.debug.temp.o
LOAD ./build/obj/oop_base_object.o
LOAD ./build/obj/hal.o
LOAD ./build/obj/hal_st.o
LOAD ./build/obj/hal_buffered_serial.o
LOAD ./build/obj/hal_buffers.o
LOAD ./build/obj/hal_queues.o
LOAD ./build/obj/hal_mmcsd.o
LOAD ./build/obj/hal_pal.o
LOAD ./build/obj/hal_sio.o
LOAD ./build/obj/hal_flash.o
LOAD ./build/obj/nvic.o
LOAD ./build/obj/rp_isr.o
LOAD ./build/obj/hal_lld.o
LOAD ./build/obj/rp_dma.o
LOAD ./build/obj/hal_pal_lld.o
LOAD ./build/obj/hal_spi_lld.o
LOAD ./build/obj/hal_st_lld.o
LOAD ./build/obj/hal_sio_lld.o
LOAD ./build/obj/board.o
LOAD ./build/obj/osal.o
LOAD ./build/obj/chsys.o
LOAD ./build/obj/chrfcu.o
LOAD ./build/obj/chdebug.o
LOAD ./build/obj/chtrace.o
LOAD ./build/obj/chvt.o
LOAD ./build/obj/chschd.o
LOAD ./build/obj/chinstances.o
LOAD ./build/obj/chthreads.o
LOAD ./build/obj/chtm.o
LOAD ./build/obj/chregistry.o
LOAD ./build/obj/chsem.o
LOAD ./build/obj/chmtx.o
LOAD ./build/obj/chcond.o
LOAD ./build/obj/chevents.o
LOAD ./build/obj/chmsg.o
LOAD ./build/obj/chdynamic.o
LOAD ./build/obj/chmemchecks.o
LOAD ./build/obj/chmboxes.o
LOAD ./build/obj/chmemcore.o
LOAD ./build/obj/chmemheaps.o
LOAD ./build/obj/chmempools.o
LOAD ./build/obj/chpipes.o
LOAD ./build/obj/chobjcaches.o
LOAD ./build/obj/chdelegates.o
LOAD ./build/obj/chfactory.o
LOAD ./build/obj/chcore.o
LOAD ./build/obj/clocks.o
LOAD ./build/obj/stdio.o
LOAD ./build/obj/gpio.o
LOAD ./build/obj/pll.o
LOAD ./build/obj/watchdog.o
LOAD ./build/obj/xosc.o
LOAD ./build/obj/chprintf.o
LOAD ./build/obj/chscanf.o
LOAD ./build/obj/memstreams.o
LOAD ./build/obj/nullstreams.o
LOAD ./build/obj/bufstreams.o
LOAD ./build/obj/shell.o
LOAD ./build/obj/shell_cmd.o
LOAD ./build/obj/ch_test.o
LOAD ./build/obj/ch_test_printf.o
LOAD ./build/obj/rt_test_root.o
LOAD ./build/obj/rt_test_sequence_001.o
LOAD ./build/obj/rt_test_sequence_002.o
LOAD ./build/obj/rt_test_sequence_003.o
LOAD ./build/obj/rt_test_sequence_004.o
LOAD ./build/obj/rt_test_sequence_005.o
LOAD ./build/obj/rt_test_sequence_006.o
LOAD ./build/obj/rt_test_sequence_007.o
LOAD ./build/obj/rt_test_sequence_008.o
LOAD ./build/obj/rt_test_sequence_009.o
LOAD ./build/obj/rt_test_sequence_010.o
LOAD ./build/obj/rt_test_sequence_011.o
LOAD ./build/obj/rt_test_sequence_012.o
LOAD ./build/obj/oslib_test_root.o
LOAD ./build/obj/oslib_test_sequence_001.o
LOAD ./build/obj/oslib_test_sequence_002.o
LOAD ./build/obj/oslib_test_sequence_003.o
LOAD ./build/obj/oslib_test_sequence_004.o
LOAD ./build/obj/oslib_test_sequence_005.o
LOAD ./build/obj/oslib_test_sequence_006.o
LOAD ./build/obj/oslib_test_sequence_007.o
LOAD ./build/obj/oslib_test_sequence_008.o
LOAD ./build/obj/oslib_test_sequence_009.o
LOAD ./build/obj/main.o
LOAD ./build/obj/c1_main.o

.mstack         0x0000000020040000      0x200
                0x0000000020040000                . = ALIGN (0x8)
                0x0000000020040000                __main_stack_base__ = .
                0x0000000020040200                . = (. + __main_stack_size__)
 *fill*         0x0000000020040000      0x200 
                0x0000000020040200                . = ALIGN (0x8)
                0x0000000020040200                __main_stack_end__ = .

.pstack         0x0000000020040200      0x200
                0x0000000020040200                . = ALIGN (0x8)
                0x0000000020040200                __process_stack_base__ = .
                0x0000000020040200                __main_thread_stack_base__ = .
                0x0000000020040400                . = (. + __process_stack_size__)
 *fill*         0x0000000020040200      0x200 
                0x0000000020040400                . = ALIGN (0x8)
                0x0000000020040400                __process_stack_end__ = .
                0x0000000020040400                __main_thread_stack_end__ = .
                0x0000000000000200                __c1_main_stack_size__ = __main_stack_size__
                0x0000000000000200                __c1_process_stack_size__ = __process_stack_size__

.c1_mstack      0x0000000020041000      0x200
                0x0000000020041000                . = ALIGN (0x8)
                0x0000000020041000                __c1_main_stack_base__ = .
                0x0000000020041200                . = (. + __c1_main_stack_size__)
 *fill*         0x0000000020041000      0x200 
                0x0000000020041200                . = ALIGN (0x8)
                0x0000000020041200                __c1_main_stack_end__ = .

.c1_pstack      0x0000000020041200      0x200
                0x0000000020041200                . = ALIGN (0x8)
                0x0000000020041200                __c1_process_stack_base__ = .
                0x0000000020041200                __c1_main_thread_stack_base__ = .
                0x0000000020041400                . = (. + __c1_process_stack_size__)
 *fill*         0x0000000020041200      0x200 
                0x0000000020041400                . = ALIGN (0x8)
                0x0000000020041400                __c1_process_stack_end__ = .
                0x0000000020041400                __c1_main_thread_stack_end__ = .

.vectors        0x0000000020000000       0xc0
                0x0000000020000000                __textvectors_base__ = LOADADDR (.vectors)
                0x0000000020000000                __vectors_base__ = .
 *(.vectors)
 .vectors       0x0000000020000000       0xc0 ./build/obj/vectors.o
                0x0000000020000000                _vectors
                0x00000000200000c0                __vectors_end__ = .

.xtors          0x00000000200000c0        0x0
                0x00000000200000c0                __init_array_base__ = .
 *(SORT_BY_NAME(.init_array.*))
 *(.init_array)
                0x00000000200000c0                __init_array_end__ = .
                0x00000000200000c0                __fini_array_base__ = .
 *(.fini_array)
 *(SORT_BY_NAME(.fini_array.*))
                0x00000000200000c0                __fini_array_end__ = .

.text           0x00000000200000c0     0xb24c
                0x00000000200000c0                __text_base__ = .
 *(.text)
 .text          0x00000000200000c0      0x14c ./build/obj/crt0_v8m-ml.o
                0x00000000200000c0                _crt0_entry
                0x0000000020000168                _crt0_c1_entry
 .text          0x000000002000020c        0x8 ./build/obj/vectors.o
                0x000000002000020c                Reset_Handler
                0x000000002000020e                Vector58
                0x000000002000020e                Vector9C
                0x000000002000020e                VectorAC
                0x000000002000020e                DebugMon_Handler
                0x000000002000020e                Vector5C
                0x000000002000020e                HardFault_Handler
                0x000000002000020e                Vector8C
                0x000000002000020e                SysTick_Handler
                0x000000002000020e                PendSV_Handler
                0x000000002000020e                NMI_Handler
                0x000000002000020e                VectorA8
                0x000000002000020e                VectorB4
                0x000000002000020e                Vector74
                0x000000002000020e                UsageFault_Handler
                0x000000002000020e                VectorBC
                0x000000002000020e                Vector64
                0x000000002000020e                Vector54
                0x000000002000020e                Vector98
                0x000000002000020e                Vector24
                0x000000002000020e                Vector84
                0x000000002000020e                SecureFault_Handler
                0x000000002000020e                MemManage_Handler
                0x000000002000020e                Vector6C
                0x000000002000020e                VectorA0
                0x000000002000020e                Vector7C
                0x000000002000020e                VectorB0
                0x000000002000020e                Vector60
                0x000000002000020e                Vector70
                0x000000002000020e                Vector80
                0x000000002000020e                Vector68
                0x000000002000020e                Vector78
                0x000000002000020e                Vector88
                0x000000002000020e                BusFault_Handler
                0x000000002000020e                Vector50
                0x000000002000020e                Vector28
                0x000000002000020e                VectorB8
                0x000000002000020e                Vector34
                0x000000002000020e                VectorA4
                0x000000002000020e                Vector20
                0x0000000020000212                _unhandled_exception
 .text          0x0000000020000214       0x2a ./build/obj/chcoreasm.o
                0x0000000020000214                __port_switch
                0x0000000020000224                __port_thread_start
                0x0000000020000236                __port_switch_from_isr
                0x000000002000023a                __port_exit_from_isr
 *fill*         0x000000002000023e        0x2 
 .text          0x0000000020000240       0xec /opt/gcc-arm-none-eabi-10-2020-q4-major/bin/../lib/gcc/arm-none-eabi/10.2.1/../../../../arm-none-eabi/lib/thumb/v8-m.main/nofp/libg.a(lib_a-memcpy.o)
                0x0000000020000240                memcpy
 .text          0x000000002000032c      0x1bc /opt/gcc-arm-none-eabi-10-2020-q4-major/bin/../lib/gcc/arm-none-eabi/10.2.1/../../../../arm-none-eabi/lib/thumb/v8-m.main/nofp/libg.a(lib_a-strcmp.o)
                0x000000002000032c                strcmp
 *(.text.*)
 *fill*         0x00000000200004e8        0x8 
 .text.stGetCounter
                0x00000000200004f0        0xc /tmp/ch.elf.FAxYGx.ltrans0.ltrans.o
 *fill*         0x00000000200004fc        0x4 
 .text.stStartAlarm
                0x0000000020000500       0x18 /tmp/ch.elf.FAxYGx.ltrans0.ltrans.o
 *fill*         0x0000000020000518        0x8 
 .text.stStopAlarm
                0x0000000020000520       0x10 /tmp/ch.elf.FAxYGx.ltrans0.ltrans.o
 .text.stSetAlarm
                0x0000000020000530        0xc /tmp/ch.elf.FAxYGx.ltrans0.ltrans.o
 *fill*         0x000000002000053c        0x4 
 .text.sioObjectInit
                0x0000000020000540       0x20 /tmp/ch.elf.FAxYGx.ltrans0.ltrans.o
 .text.nvicEnableVector
                0x0000000020000560       0x28 /tmp/ch.elf.FAxYGx.ltrans0.ltrans.o
 *fill*         0x0000000020000588        0x8 
 .text.__pal_lld_init
                0x0000000020000590       0x18 /tmp/ch.elf.FAxYGx.ltrans0.ltrans.o
 *fill*         0x00000000200005a8        0x8 
 .text.st_lld_init
                0x00000000200005b0       0x20 /tmp/ch.elf.FAxYGx.ltrans0.ltrans.o
 .text.stInit   0x00000000200005d0       0x20 /tmp/ch.elf.FAxYGx.ltrans0.ltrans.o
 .text.sio_lld_init
                0x00000000200005f0       0x44 /tmp/ch.elf.FAxYGx.ltrans0.ltrans.o
 *fill*         0x0000000020000634        0xc 
 .text.sioInit  0x0000000020000640        0x8 /tmp/ch.elf.FAxYGx.ltrans0.ltrans.o
 *fill*         0x0000000020000648        0x8 
 .text.sio_lld_update_enable_flags
                0x0000000020000650       0x4c /tmp/ch.elf.FAxYGx.ltrans0.ltrans.o
 *fill*         0x000000002000069c        0x4 
 .text.sio_lld_read
                0x00000000200006a0       0x54 /tmp/ch.elf.FAxYGx.ltrans0.ltrans.o
 *fill*         0x00000000200006f4        0xc 
 .text.sioAsyncRead
                0x0000000020000700       0x14 /tmp/ch.elf.FAxYGx.ltrans0.ltrans.o
 *fill*         0x0000000020000714        0xc 
 .text.sio_lld_write
                0x0000000020000720       0x38 /tmp/ch.elf.FAxYGx.ltrans0.ltrans.o
 *fill*         0x0000000020000758        0x8 
 .text.sioAsyncWrite
                0x0000000020000760       0x14 /tmp/ch.elf.FAxYGx.ltrans0.ltrans.o
 *fill*         0x0000000020000774        0xc 
 .text.sio_lld_get
                0x0000000020000780       0x38 /tmp/ch.elf.FAxYGx.ltrans0.ltrans.o
 *fill*         0x00000000200007b8        0x8 
 .text.sio_lld_put
                0x00000000200007c0       0x20 /tmp/ch.elf.FAxYGx.ltrans0.ltrans.o
 .text.sio_lld_control
                0x00000000200007e0        0x4 /tmp/ch.elf.FAxYGx.ltrans0.ltrans.o
 *fill*         0x00000000200007e4        0xc 
 .text.__ctl    0x00000000200007f0       0x18 /tmp/ch.elf.FAxYGx.ltrans0.ltrans.o
 *fill*         0x0000000020000808        0x8 
 .text.chSysIntegrityCheckI
                0x0000000020000810       0xdc /tmp/ch.elf.FAxYGx.ltrans0.ltrans.o
 *fill*         0x00000000200008ec        0x4 
 .text.chSysGetStatusAndLockX
                0x00000000200008f0       0x20 /tmp/ch.elf.FAxYGx.ltrans0.ltrans.o
 .text.chRFCUCollectFaultsI
                0x0000000020000910       0x10 /tmp/ch.elf.FAxYGx.ltrans0.ltrans.o
 .text.chVTObjectInit
                0x0000000020000920        0x8 /tmp/ch.elf.FAxYGx.ltrans0.ltrans.o
 *fill*         0x0000000020000928        0x8 
 .text.chVTGetTimeStampI
                0x0000000020000930       0x2c /tmp/ch.elf.FAxYGx.ltrans0.ltrans.o
 *fill*         0x000000002000095c        0x4 
 .text.chSchIsPreemptionRequired
                0x0000000020000960       0x24 /tmp/ch.elf.FAxYGx.ltrans0.ltrans.o
 *fill*         0x0000000020000984        0xc 
 .text.__idle_thread
                0x0000000020000990        0x4 /tmp/ch.elf.FAxYGx.ltrans0.ltrans.o
 *fill*         0x0000000020000994        0xc 
 .text.chThdObjectInit
                0x00000000200009a0       0x58 /tmp/ch.elf.FAxYGx.ltrans0.ltrans.o
 *fill*         0x00000000200009f8        0x8 
 .text.chThdSpawnSuspendedI
                0x0000000020000a00       0x40 /tmp/ch.elf.FAxYGx.ltrans0.ltrans.o
 .text.chThdCreateSuspendedI
                0x0000000020000a40       0x44 /tmp/ch.elf.FAxYGx.ltrans0.ltrans.o
 *fill*         0x0000000020000a84        0xc 
 .text.chThdRelease
                0x0000000020000a90       0x3c /tmp/ch.elf.FAxYGx.ltrans0.ltrans.o
 *fill*         0x0000000020000acc        0x4 
 .text.chThdTerminate
                0x0000000020000ad0       0x18 /tmp/ch.elf.FAxYGx.ltrans0.ltrans.o
 *fill*         0x0000000020000ae8        0x8 
 .text.chThdQueueObjectInit
                0x0000000020000af0        0x8 /tmp/ch.elf.FAxYGx.ltrans0.ltrans.o
 *fill*         0x0000000020000af8        0x8 
 .text.chTMObjectInit
                0x0000000020000b00       0x18 /tmp/ch.elf.FAxYGx.ltrans0.ltrans.o
 *fill*         0x0000000020000b18        0x8 
 .text.chTMStartMeasurementX
                0x0000000020000b20        0xc /tmp/ch.elf.FAxYGx.ltrans0.ltrans.o
 *fill*         0x0000000020000b2c        0x4 
 .text.chTMStopMeasurementX
                0x0000000020000b30       0x40 /tmp/ch.elf.FAxYGx.ltrans0.ltrans.o
 .text.chRegFirstThread
                0x0000000020000b70       0x24 /tmp/ch.elf.FAxYGx.ltrans0.ltrans.o
 *fill*         0x0000000020000b94        0xc 
 .text.chRegNextThread
                0x0000000020000ba0       0x34 /tmp/ch.elf.FAxYGx.ltrans0.ltrans.o
 *fill*         0x0000000020000bd4        0xc 
 .text.chMtxObjectInit
                0x0000000020000be0        0xc /tmp/ch.elf.FAxYGx.ltrans0.ltrans.o
 *fill*         0x0000000020000bec        0x4 
 .text.chMtxTryLockS
                0x0000000020000bf0       0x28 /tmp/ch.elf.FAxYGx.ltrans0.ltrans.o
 *fill*         0x0000000020000c18        0x8 
 .text.chMtxTryLock
                0x0000000020000c20       0x14 /tmp/ch.elf.FAxYGx.ltrans0.ltrans.o
 *fill*         0x0000000020000c34        0xc 
 .text.chCondObjectInit
                0x0000000020000c40        0x8 /tmp/ch.elf.FAxYGx.ltrans0.ltrans.o
 *fill*         0x0000000020000c48        0x8 
 .text.chEvtObjectInit
                0x0000000020000c50        0x4 /tmp/ch.elf.FAxYGx.ltrans0.ltrans.o
 *fill*         0x0000000020000c54        0xc 
 .text.chEvtRegisterMaskWithFlagsI
                0x0000000020000c60       0x2c /tmp/ch.elf.FAxYGx.ltrans0.ltrans.o
 *fill*         0x0000000020000c8c        0x4 
 .text.chEvtRegisterMaskWithFlags
                0x0000000020000c90       0x18 /tmp/ch.elf.FAxYGx.ltrans0.ltrans.o
 *fill*         0x0000000020000ca8        0x8 
 .text.chEvtUnregister
                0x0000000020000cb0       0x20 /tmp/ch.elf.FAxYGx.ltrans0.ltrans.o
 .text.chEvtGetAndClearEventsI
                0x0000000020000cd0       0x20 /tmp/ch.elf.FAxYGx.ltrans0.ltrans.o
 .text.chEvtGetAndClearEvents
                0x0000000020000cf0       0x14 /tmp/ch.elf.FAxYGx.ltrans0.ltrans.o
 *fill*         0x0000000020000d04        0xc 
 .text.chEvtAddEvents
                0x0000000020000d10       0x28 /tmp/ch.elf.FAxYGx.ltrans0.ltrans.o
 *fill*         0x0000000020000d38        0x8 
 .text.chEvtDispatch
                0x0000000020000d40       0x2c /tmp/ch.elf.FAxYGx.ltrans0.ltrans.o
 *fill*         0x0000000020000d6c        0x4 
 .text.chMemIsSpaceContainedX
                0x0000000020000d70       0x44 /tmp/ch.elf.FAxYGx.ltrans0.ltrans.o
 *fill*         0x0000000020000db4        0xc 
 .text.chMemIsAddressExecutableX
                0x0000000020000dc0       0x14 /tmp/ch.elf.FAxYGx.ltrans0.ltrans.o
 *fill*         0x0000000020000dd4        0xc 
 .text.__core_init
                0x0000000020000de0       0x18 /tmp/ch.elf.FAxYGx.ltrans0.ltrans.o
 *fill*         0x0000000020000df8        0x8 
 .text.chCoreAllocFromTopI
                0x0000000020000e00       0x2c /tmp/ch.elf.FAxYGx.ltrans0.ltrans.o
 *fill*         0x0000000020000e2c        0x4 
 .text.chCoreAllocFromTop
                0x0000000020000e30       0x14 /tmp/ch.elf.FAxYGx.ltrans0.ltrans.o
 *fill*         0x0000000020000e44        0xc 
 .text.chCoreGetStatusX
                0x0000000020000e50       0x14 /tmp/ch.elf.FAxYGx.ltrans0.ltrans.o
 *fill*         0x0000000020000e64        0xc 
 .text.__heap_init
                0x0000000020000e70       0x28 /tmp/ch.elf.FAxYGx.ltrans0.ltrans.o
 *fill*         0x0000000020000e98        0x8 
 .text.chPoolAllocI
                0x0000000020000ea0       0x1c /tmp/ch.elf.FAxYGx.ltrans0.ltrans.o
 *fill*         0x0000000020000ebc        0x4 
 .text.chPoolFreeI
                0x0000000020000ec0        0x8 /tmp/ch.elf.FAxYGx.ltrans0.ltrans.o
 *fill*         0x0000000020000ec8        0x8 
 .text.chPipeObjectInit
                0x0000000020000ed0       0x30 /tmp/ch.elf.FAxYGx.ltrans0.ltrans.o
 .text.hash_get_s
                0x0000000020000f00       0x30 /tmp/ch.elf.FAxYGx.ltrans0.ltrans.o
 .text.__ch_delegate_fn0
                0x0000000020000f30       0x10 /tmp/ch.elf.FAxYGx.ltrans0.ltrans.o
                0x0000000020000f30                __ch_delegate_fn0
 .text.__ch_delegate_fn1
                0x0000000020000f40       0x18 /tmp/ch.elf.FAxYGx.ltrans0.ltrans.o
                0x0000000020000f40                __ch_delegate_fn1
 *fill*         0x0000000020000f58        0x8 
 .text.__ch_delegate_fn2
                0x0000000020000f60       0x20 /tmp/ch.elf.FAxYGx.ltrans0.ltrans.o
                0x0000000020000f60                __ch_delegate_fn2
 .text.__ch_delegate_fn3
                0x0000000020000f80       0x28 /tmp/ch.elf.FAxYGx.ltrans0.ltrans.o
                0x0000000020000f80                __ch_delegate_fn3
 *fill*         0x0000000020000fa8        0x8 
 .text.__ch_delegate_fn4
                0x0000000020000fb0       0x30 /tmp/ch.elf.FAxYGx.ltrans0.ltrans.o
                0x0000000020000fb0                __ch_delegate_fn4
 .text.chCoreAllocAlignedI
                0x0000000020000fe0        0xc /tmp/ch.elf.FAxYGx.ltrans0.ltrans.o
 *fill*         0x0000000020000fec        0x4 
 .text.copy_name
                0x0000000020000ff0       0x18 /tmp/ch.elf.FAxYGx.ltrans0.ltrans.o
 *fill*         0x0000000020001008        0x8 
 .text.dyn_list_find_prev
                0x0000000020001010       0x18 /tmp/ch.elf.FAxYGx.ltrans0.ltrans.o
 *fill*         0x0000000020001028        0x8 
 .text.dyn_list_unlink
                0x0000000020001030        0xc /tmp/ch.elf.FAxYGx.ltrans0.ltrans.o
 *fill*         0x000000002000103c        0x4 
 .text.port_init
                0x0000000020001040       0x70 /tmp/ch.elf.FAxYGx.ltrans0.ltrans.o
 .text.__port_irq_epilogue
                0x00000000200010b0       0x48 /tmp/ch.elf.FAxYGx.ltrans0.ltrans.o
 *fill*         0x00000000200010f8        0x8 
 .text.clock_get_hz
                0x0000000020001100        0x4 /tmp/ch.elf.FAxYGx.ltrans0.ltrans.o
 *fill*         0x0000000020001104        0xc 
 .text.hal_lld_init
                0x0000000020001110       0x30 /tmp/ch.elf.FAxYGx.ltrans0.ltrans.o
 .text.sio_lld_start
                0x0000000020001140       0xb4 /tmp/ch.elf.FAxYGx.ltrans0.ltrans.o
 *fill*         0x00000000200011f4        0xc 
 .text.gpio_set_function
                0x0000000020001200       0x38 /tmp/ch.elf.FAxYGx.ltrans0.ltrans.o
 *fill*         0x0000000020001238        0x8 
 .text.long_to_string_with_divisor
                0x0000000020001240       0x4c /tmp/ch.elf.FAxYGx.ltrans0.ltrans.o
 *fill*         0x000000002000128c        0x4 
 .text.ch_ltoa  0x0000000020001290        0xc /tmp/ch.elf.FAxYGx.ltrans0.ltrans.o
 *fill*         0x000000002000129c        0x4 
 .text.chvprintf
                0x00000000200012a0      0x280 /tmp/ch.elf.FAxYGx.ltrans0.ltrans.o
 .text.test_stream_putchar
                0x0000000020001520       0x18 /tmp/ch.elf.FAxYGx.ltrans0.ltrans.o
 *fill*         0x0000000020001538        0x8 
 .text.test_clear_tokens
                0x0000000020001540       0x10 /tmp/ch.elf.FAxYGx.ltrans0.ltrans.o
 .text.test_execute_case
                0x0000000020001550       0x24 /tmp/ch.elf.FAxYGx.ltrans0.ltrans.o
 *fill*         0x0000000020001574        0xc 
 .text.__test_fail
                0x0000000020001580       0x14 /tmp/ch.elf.FAxYGx.ltrans0.ltrans.o
 *fill*         0x0000000020001594        0xc 
 .text.test_ltoswd
                0x00000000200015a0       0x4c /tmp/ch.elf.FAxYGx.ltrans0.ltrans.o
 *fill*         0x00000000200015ec        0x4 
 .text.test_ltoa
                0x00000000200015f0        0xc /tmp/ch.elf.FAxYGx.ltrans0.ltrans.o
 *fill*         0x00000000200015fc        0x4 
 .text.test_putchar
                0x0000000020001600       0x10 /tmp/ch.elf.FAxYGx.ltrans0.ltrans.o
 .text.test_print_tokens
                0x0000000020001610       0x20 /tmp/ch.elf.FAxYGx.ltrans0.ltrans.o
 .text.test_print_string
                0x0000000020001630       0x14 /tmp/ch.elf.FAxYGx.ltrans0.ltrans.o
 *fill*         0x0000000020001644        0xc 
 .text.test_print_line
                0x0000000020001650       0x20 /tmp/ch.elf.FAxYGx.ltrans0.ltrans.o
 .text.test_print_fat_line
                0x0000000020001670       0x20 /tmp/ch.elf.FAxYGx.ltrans0.ltrans.o
 .text.test_vprintf
                0x0000000020001690      0x310 /tmp/ch.elf.FAxYGx.ltrans0.ltrans.o
 .text.test_terminate_threads
                0x00000000200019a0       0x24 /tmp/ch.elf.FAxYGx.ltrans0.ltrans.o
 *fill*         0x00000000200019c4        0xc 
 .text.rt_test_002_003_execute
                0x00000000200019d0       0x24 /tmp/ch.elf.FAxYGx.ltrans0.ltrans.o
 *fill*         0x00000000200019f4        0xc 
 .text.rt_test_003_001_execute
                0x0000000020001a00       0x1c /tmp/ch.elf.FAxYGx.ltrans0.ltrans.o
 *fill*         0x0000000020001a1c        0x4 
 .text.rt_test_006_001_setup
                0x0000000020001a20        0xc /tmp/ch.elf.FAxYGx.ltrans0.ltrans.o
 *fill*         0x0000000020001a2c        0x4 
 .text.rt_test_008_001_setup
                0x0000000020001a30       0x10 /tmp/ch.elf.FAxYGx.ltrans0.ltrans.o
 .text.rt_test_008_004_setup
                0x0000000020001a40       0x18 /tmp/ch.elf.FAxYGx.ltrans0.ltrans.o
 *fill*         0x0000000020001a58        0x8 
 .text.rt_test_008_005_setup
                0x0000000020001a60       0x10 /tmp/ch.elf.FAxYGx.ltrans0.ltrans.o
 .text.rt_test_008_007_setup
                0x0000000020001a70       0x18 /tmp/ch.elf.FAxYGx.ltrans0.ltrans.o
 *fill*         0x0000000020001a88        0x8 
 .text.rt_test_008_008_setup
                0x0000000020001a90       0x18 /tmp/ch.elf.FAxYGx.ltrans0.ltrans.o
 *fill*         0x0000000020001aa8        0x8 
 .text.rt_test_008_009_setup
                0x0000000020001ab0       0x24 /tmp/ch.elf.FAxYGx.ltrans0.ltrans.o
 *fill*         0x0000000020001ad4        0xc 
 .text.rt_test_010_002_setup
                0x0000000020001ae0        0xc /tmp/ch.elf.FAxYGx.ltrans0.ltrans.o
 *fill*         0x0000000020001aec        0x4 
 .text.rt_test_010_003_setup
                0x0000000020001af0        0xc /tmp/ch.elf.FAxYGx.ltrans0.ltrans.o
 *fill*         0x0000000020001afc        0x4 
 .text.rt_test_010_004_setup
                0x0000000020001b00        0xc /tmp/ch.elf.FAxYGx.ltrans0.ltrans.o
 *fill*         0x0000000020001b0c        0x4 
 .text.rt_test_010_005_setup
                0x0000000020001b10        0xc /tmp/ch.elf.FAxYGx.ltrans0.ltrans.o
 *fill*         0x0000000020001b1c        0x4 
 .text.rt_test_010_006_setup
                0x0000000020001b20        0xc /tmp/ch.elf.FAxYGx.ltrans0.ltrans.o
 *fill*         0x0000000020001b2c        0x4 
 .text.rt_test_010_007_setup
                0x0000000020001b30       0x20 /tmp/ch.elf.FAxYGx.ltrans0.ltrans.o
 .text.tmo      0x0000000020001b50        0x4 /tmp/ch.elf.FAxYGx.ltrans0.ltrans.o
 *fill*         0x0000000020001b54        0xc 
 .text.rt_test_012_011_setup
                0x0000000020001b60       0x10 /tmp/ch.elf.FAxYGx.ltrans0.ltrans.o
 .text.oslib_test_003_001_setup
                0x0000000020001b70       0x18 /tmp/ch.elf.FAxYGx.ltrans0.ltrans.o
 *fill*         0x0000000020001b88        0x8 
 .text.oslib_test_003_002_setup
                0x0000000020001b90       0x18 /tmp/ch.elf.FAxYGx.ltrans0.ltrans.o
 *fill*         0x0000000020001ba8        0x8 
 .text.vt_set_alarm
                0x0000000020001bb0       0x3c /tmp/ch.elf.FAxYGx.ltrans0.ltrans.o
 *fill*         0x0000000020001bec        0x4 
 .text.chVTDoResetI
                0x0000000020001bf0       0x80 /tmp/ch.elf.FAxYGx.ltrans0.ltrans.o
 .text.vt_insert_first
                0x0000000020001c70       0x5c /tmp/ch.elf.FAxYGx.ltrans0.ltrans.o
 *fill*         0x0000000020001ccc        0x4 
 .text.vt_enqueue
                0x0000000020001cd0       0x64 /tmp/ch.elf.FAxYGx.ltrans0.ltrans.o
 *fill*         0x0000000020001d34        0xc 
 .text.chVTDoSetI
                0x0000000020001d40       0x2c /tmp/ch.elf.FAxYGx.ltrans0.ltrans.o
 *fill*         0x0000000020001d6c        0x4 
 .text.chVTDoTickI
                0x0000000020001d70       0xe8 /tmp/ch.elf.FAxYGx.ltrans0.ltrans.o
 *fill*         0x0000000020001e58        0x8 
 .text.chSysTimerHandlerI
                0x0000000020001e60        0x8 /tmp/ch.elf.FAxYGx.ltrans0.ltrans.o
 *fill*         0x0000000020001e68        0x8 
 .text.__sch_ready_behind
                0x0000000020001e70       0x1c /tmp/ch.elf.FAxYGx.ltrans0.ltrans.o
 *fill*         0x0000000020001e8c        0x4 
 .text.__sch_wakeup
                0x0000000020001e90       0x58 /tmp/ch.elf.FAxYGx.ltrans0.ltrans.o
 *fill*         0x0000000020001ee8        0x8 
 .text.chSchReadyI
                0x0000000020001ef0       0x38 /tmp/ch.elf.FAxYGx.ltrans0.ltrans.o
 *fill*         0x0000000020001f28        0x8 
 .text.chThdSpawnRunningI
                0x0000000020001f30        0xc /tmp/ch.elf.FAxYGx.ltrans0.ltrans.o
 *fill*         0x0000000020001f3c        0x4 
 .text.chThdResumeI
                0x0000000020001f40       0x14 /tmp/ch.elf.FAxYGx.ltrans0.ltrans.o
 *fill*         0x0000000020001f54        0xc 
 .text.sio_lld_serve_interrupt
                0x0000000020001f60       0xd0 /tmp/ch.elf.FAxYGx.ltrans0.ltrans.o
 .text.chThdDequeueNextI
                0x0000000020002030       0x18 /tmp/ch.elf.FAxYGx.ltrans0.ltrans.o
 *fill*         0x0000000020002048        0x8 
 .text.chMBPostI
                0x0000000020002050       0x48 /tmp/ch.elf.FAxYGx.ltrans0.ltrans.o
 *fill*         0x0000000020002098        0x8 
 .text.chMBPostAheadI
                0x00000000200020a0       0x48 /tmp/ch.elf.FAxYGx.ltrans0.ltrans.o
 *fill*         0x00000000200020e8        0x8 
 .text.chMBFetchI
                0x00000000200020f0       0x40 /tmp/ch.elf.FAxYGx.ltrans0.ltrans.o
 .text.chThdDequeueAllI
                0x0000000020002130       0x1c /tmp/ch.elf.FAxYGx.ltrans0.ltrans.o
 *fill*         0x000000002000214c        0x4 
 .text.chMBResetI
                0x0000000020002150       0x2c /tmp/ch.elf.FAxYGx.ltrans0.ltrans.o
 *fill*         0x000000002000217c        0x4 
 .text.chSemResetWithMessageI
                0x0000000020002180       0x20 /tmp/ch.elf.FAxYGx.ltrans0.ltrans.o
 .text.chSemSignalI
                0x00000000200021a0       0x24 /tmp/ch.elf.FAxYGx.ltrans0.ltrans.o
 *fill*         0x00000000200021c4        0xc 
 .text.chSemAddCounterI
                0x00000000200021d0       0x2c /tmp/ch.elf.FAxYGx.ltrans0.ltrans.o
 *fill*         0x00000000200021fc        0x4 
 .text.chMtxUnlockS
                0x0000000020002200       0x58 /tmp/ch.elf.FAxYGx.ltrans0.ltrans.o
 *fill*         0x0000000020002258        0x8 
 .text.chCondSignalI
                0x0000000020002260       0x1c /tmp/ch.elf.FAxYGx.ltrans0.ltrans.o
 *fill*         0x000000002000227c        0x4 
 .text.chCondBroadcastI
                0x0000000020002280       0x20 /tmp/ch.elf.FAxYGx.ltrans0.ltrans.o
 .text.chEvtSignalI
                0x00000000200022a0       0x2c /tmp/ch.elf.FAxYGx.ltrans0.ltrans.o
 *fill*         0x00000000200022cc        0x4 
 .text.chEvtBroadcastFlagsI
                0x00000000200022d0       0x2c /tmp/ch.elf.FAxYGx.ltrans0.ltrans.o
 *fill*         0x00000000200022fc        0x4 
 .text.__sch_ready_ahead
                0x0000000020002300       0x1c /tmp/ch.elf.FAxYGx.ltrans0.ltrans.o
 *fill*         0x000000002000231c        0x4 
 .text.__sch_reschedule_behind
                0x0000000020002320       0x34 /tmp/ch.elf.FAxYGx.ltrans0.ltrans.o
 *fill*         0x0000000020002354        0xc 
 .text.chSchDoYieldS
                0x0000000020002360       0x28 /tmp/ch.elf.FAxYGx.ltrans0.ltrans.o
 *fill*         0x0000000020002388        0x8 
 .text.chThdYield
                0x0000000020002390       0x14 /tmp/ch.elf.FAxYGx.ltrans0.ltrans.o
 *fill*         0x00000000200023a4        0xc 
 .text.bmk_thread8
                0x00000000200023b0       0x38 /tmp/ch.elf.FAxYGx.ltrans0.ltrans.o
 *fill*         0x00000000200023e8        0x8 
 .text.__sch_reschedule_ahead
                0x00000000200023f0       0x34 /tmp/ch.elf.FAxYGx.ltrans0.ltrans.o
 *fill*         0x0000000020002424        0xc 
 .text.chSchGoSleepS
                0x0000000020002430       0x2c /tmp/ch.elf.FAxYGx.ltrans0.ltrans.o
 *fill*         0x000000002000245c        0x4 
 .text.chSchGoSleepTimeoutS
                0x0000000020002460       0x4c /tmp/ch.elf.FAxYGx.ltrans0.ltrans.o
 *fill*         0x00000000200024ac        0x4 
 .text.chThdSleepUntil
                0x00000000200024b0       0x20 /tmp/ch.elf.FAxYGx.ltrans0.ltrans.o
 .text.chThdSuspendTimeoutS
                0x00000000200024d0       0x2c /tmp/ch.elf.FAxYGx.ltrans0.ltrans.o
 *fill*         0x00000000200024fc        0x4 
 .text.sioSynchronizeRX
                0x0000000020002500       0x48 /tmp/ch.elf.FAxYGx.ltrans0.ltrans.o
 *fill*         0x0000000020002548        0x8 
 .text.sync_read
                0x0000000020002550       0x34 /tmp/ch.elf.FAxYGx.ltrans0.ltrans.o
 *fill*         0x0000000020002584        0xc 
 .text.__read   0x0000000020002590        0xc /tmp/ch.elf.FAxYGx.ltrans0.ltrans.o
 *fill*         0x000000002000259c        0x4 
 .text.__readt  0x00000000200025a0        0x8 /tmp/ch.elf.FAxYGx.ltrans0.ltrans.o
 *fill*         0x00000000200025a8        0x8 
 .text.__get    0x00000000200025b0       0x18 /tmp/ch.elf.FAxYGx.ltrans0.ltrans.o
 *fill*         0x00000000200025c8        0x8 
 .text.__gett   0x00000000200025d0       0x14 /tmp/ch.elf.FAxYGx.ltrans0.ltrans.o
 *fill*         0x00000000200025e4        0xc 
 .text.sioSynchronizeTX
                0x00000000200025f0       0x34 /tmp/ch.elf.FAxYGx.ltrans0.ltrans.o
 *fill*         0x0000000020002624        0xc 
 .text.sync_write
                0x0000000020002630       0x34 /tmp/ch.elf.FAxYGx.ltrans0.ltrans.o
 *fill*         0x0000000020002664        0xc 
 .text.__write  0x0000000020002670        0xc /tmp/ch.elf.FAxYGx.ltrans0.ltrans.o
 *fill*         0x000000002000267c        0x4 
 .text.__writet
                0x0000000020002680        0x8 /tmp/ch.elf.FAxYGx.ltrans0.ltrans.o
 *fill*         0x0000000020002688        0x8 
 .text.__put    0x0000000020002690       0x20 /tmp/ch.elf.FAxYGx.ltrans0.ltrans.o
 .text.__putt   0x00000000200026b0       0x20 /tmp/ch.elf.FAxYGx.ltrans0.ltrans.o
 .text.chThdEnqueueTimeoutS
                0x00000000200026d0       0x30 /tmp/ch.elf.FAxYGx.ltrans0.ltrans.o
 .text.chSemWaitTimeoutS
                0x0000000020002700       0x44 /tmp/ch.elf.FAxYGx.ltrans0.ltrans.o
 *fill*         0x0000000020002744        0xc 
 .text.chSemWaitTimeout
                0x0000000020002750       0x14 /tmp/ch.elf.FAxYGx.ltrans0.ltrans.o
 *fill*         0x0000000020002764        0xc 
 .text.chGuardedPoolAllocTimeoutS
                0x0000000020002770       0x18 /tmp/ch.elf.FAxYGx.ltrans0.ltrans.o
 *fill*         0x0000000020002788        0x8 
 .text.chEvtWaitOneTimeout
                0x0000000020002790       0x60 /tmp/ch.elf.FAxYGx.ltrans0.ltrans.o
 .text.chEvtWaitAnyTimeout
                0x00000000200027f0       0x5c /tmp/ch.elf.FAxYGx.ltrans0.ltrans.o
 *fill*         0x000000002000284c        0x4 
 .text.chEvtWaitAllTimeout
                0x0000000020002850       0x58 /tmp/ch.elf.FAxYGx.ltrans0.ltrans.o
 *fill*         0x00000000200028a8        0x8 
 .text.chThdExitS
                0x00000000200028b0       0x4c /tmp/ch.elf.FAxYGx.ltrans0.ltrans.o
 *fill*         0x00000000200028fc        0x4 
 .text.shellExit
                0x0000000020002900       0x20 /tmp/ch.elf.FAxYGx.ltrans0.ltrans.o
 .text.chSemWaitS
                0x0000000020002920       0x3c /tmp/ch.elf.FAxYGx.ltrans0.ltrans.o
 *fill*         0x000000002000295c        0x4 
 .text.lru_get_last_s
                0x0000000020002960       0x60 /tmp/ch.elf.FAxYGx.ltrans0.ltrans.o
 .text.chMtxLockS
                0x00000000200029c0       0xcc /tmp/ch.elf.FAxYGx.ltrans0.ltrans.o
 *fill*         0x0000000020002a8c        0x4 
 .text.chMtxLock
                0x0000000020002a90       0x14 /tmp/ch.elf.FAxYGx.ltrans0.ltrans.o
 *fill*         0x0000000020002aa4        0xc 
 .text.chCondWaitTimeoutS
                0x0000000020002ab0       0x64 /tmp/ch.elf.FAxYGx.ltrans0.ltrans.o
 *fill*         0x0000000020002b14        0xc 
 .text.chCondWaitTimeout
                0x0000000020002b20       0x14 /tmp/ch.elf.FAxYGx.ltrans0.ltrans.o
 *fill*         0x0000000020002b34        0xc 
 .text.chCondWaitS
                0x0000000020002b40       0x58 /tmp/ch.elf.FAxYGx.ltrans0.ltrans.o
 *fill*         0x0000000020002b98        0x8 
 .text.chCondWait
                0x0000000020002ba0       0x14 /tmp/ch.elf.FAxYGx.ltrans0.ltrans.o
 *fill*         0x0000000020002bb4        0xc 
 .text.chEvtWaitOne
                0x0000000020002bc0       0x48 /tmp/ch.elf.FAxYGx.ltrans0.ltrans.o
 *fill*         0x0000000020002c08        0x8 
 .text.chEvtWaitAny
                0x0000000020002c10       0x44 /tmp/ch.elf.FAxYGx.ltrans0.ltrans.o
 *fill*         0x0000000020002c54        0xc 
 .text.chEvtWaitAll
                0x0000000020002c60       0x44 /tmp/ch.elf.FAxYGx.ltrans0.ltrans.o
 *fill*         0x0000000020002ca4        0xc 
 .text.chMsgSend
                0x0000000020002cb0       0x48 /tmp/ch.elf.FAxYGx.ltrans0.ltrans.o
 *fill*         0x0000000020002cf8        0x8 
 .text.msg_thread1
                0x0000000020002d00       0x24 /tmp/ch.elf.FAxYGx.ltrans0.ltrans.o
 *fill*         0x0000000020002d24        0xc 
 .text.chMsgWaitS
                0x0000000020002d30       0x38 /tmp/ch.elf.FAxYGx.ltrans0.ltrans.o
 *fill*         0x0000000020002d68        0x8 
 .text.bmk_thread4
                0x0000000020002d70       0x30 /tmp/ch.elf.FAxYGx.ltrans0.ltrans.o
 .text.chSchWakeupS
                0x0000000020002da0       0x64 /tmp/ch.elf.FAxYGx.ltrans0.ltrans.o
 *fill*         0x0000000020002e04        0xc 
 .text.chThdResumeS
                0x0000000020002e10       0x14 /tmp/ch.elf.FAxYGx.ltrans0.ltrans.o
 *fill*         0x0000000020002e24        0xc 
 .text.chThdResume
                0x0000000020002e30       0x14 /tmp/ch.elf.FAxYGx.ltrans0.ltrans.o
 *fill*         0x0000000020002e44        0xc 
 .text.chCondSignal
                0x0000000020002e50       0x24 /tmp/ch.elf.FAxYGx.ltrans0.ltrans.o
 *fill*         0x0000000020002e74        0xc 
 .text.chMsgRelease
                0x0000000020002e80       0x14 /tmp/ch.elf.FAxYGx.ltrans0.ltrans.o
 *fill*         0x0000000020002e94        0xc 
 .text.bmk_thread1
                0x0000000020002ea0       0x20 /tmp/ch.elf.FAxYGx.ltrans0.ltrans.o
 .text.chprintf
                0x0000000020002ec0       0x1c /tmp/ch.elf.FAxYGx.ltrans0.ltrans.o
 *fill*         0x0000000020002edc        0x4 
 .text.list_commands
                0x0000000020002ee0       0x20 /tmp/ch.elf.FAxYGx.ltrans0.ltrans.o
 .text.shellGetLine
                0x0000000020002f00       0x9c /tmp/ch.elf.FAxYGx.ltrans0.ltrans.o
 *fill*         0x0000000020002f9c        0x4 
 .text.cmd_exit
                0x0000000020002fa0       0x20 /tmp/ch.elf.FAxYGx.ltrans0.ltrans.o
 .text.cmd_info
                0x0000000020002fc0       0xbc /tmp/ch.elf.FAxYGx.ltrans0.ltrans.o
 *fill*         0x000000002000307c        0x4 
 .text.cmd_echo
                0x0000000020003080       0x28 /tmp/ch.elf.FAxYGx.ltrans0.ltrans.o
 *fill*         0x00000000200030a8        0x8 
 .text.cmd_systime
                0x00000000200030b0       0x30 /tmp/ch.elf.FAxYGx.ltrans0.ltrans.o
 .text.cmd_threads
                0x00000000200030e0       0x88 /tmp/ch.elf.FAxYGx.ltrans0.ltrans.o
 *fill*         0x0000000020003168        0x8 
 .text.test_printf
                0x0000000020003170       0x1c /tmp/ch.elf.FAxYGx.ltrans0.ltrans.o
 *fill*         0x000000002000318c        0x4 
 .text.rt_test_001_001_execute
                0x0000000020003190       0xdc /tmp/ch.elf.FAxYGx.ltrans0.ltrans.o
 *fill*         0x000000002000326c        0x4 
 .text.rt_test_001_002_execute
                0x0000000020003270       0xbc /tmp/ch.elf.FAxYGx.ltrans0.ltrans.o
 *fill*         0x000000002000332c        0x4 
 .text.rt_test_001_003_execute
                0x0000000020003330      0x3ec /tmp/ch.elf.FAxYGx.ltrans0.ltrans.o
 *fill*         0x000000002000371c        0x4 
 .text.rt_test_012_012_execute
                0x0000000020003720      0x15c /tmp/ch.elf.FAxYGx.ltrans0.ltrans.o
 *fill*         0x000000002000387c        0x4 
 .text.oslib_test_001_001_execute
                0x0000000020003880       0xdc /tmp/ch.elf.FAxYGx.ltrans0.ltrans.o
 *fill*         0x000000002000395c        0x4 
 .text.oslib_test_001_002_execute
                0x0000000020003960       0xc4 /tmp/ch.elf.FAxYGx.ltrans0.ltrans.o
 *fill*         0x0000000020003a24        0xc 
 .text.oslib_test_001_003_execute
                0x0000000020003a30      0x228 /tmp/ch.elf.FAxYGx.ltrans0.ltrans.o
 *fill*         0x0000000020003c58        0x8 
 .text.dyn_list_find
                0x0000000020003c60       0x28 /tmp/ch.elf.FAxYGx.ltrans0.ltrans.o
 *fill*         0x0000000020003c88        0x8 
 .text.dyn_find_object
                0x0000000020003c90       0x14 /tmp/ch.elf.FAxYGx.ltrans0.ltrans.o
 *fill*         0x0000000020003ca4        0xc 
 .text.parse_arguments
                0x0000000020003cb0       0x50 /tmp/ch.elf.FAxYGx.ltrans0.ltrans.o
 .text.cmdexec  0x0000000020003d00       0x30 /tmp/ch.elf.FAxYGx.ltrans0.ltrans.o
 .text.shellThread
                0x0000000020003d30      0x180 /tmp/ch.elf.FAxYGx.ltrans0.ltrans.o
                0x0000000020003d30                shellThread
 .text.__cpu_init
                0x0000000020003eb0        0x4 /tmp/ch.elf.FAxYGx.ltrans0.ltrans.o
                0x0000000020003eb0                __cpu_init
 *fill*         0x0000000020003eb4        0xc 
 .text.__late_init
                0x0000000020003ec0        0x4 /tmp/ch.elf.FAxYGx.ltrans0.ltrans.o
                0x0000000020003ec0                __late_init
 *fill*         0x0000000020003ec4        0xc 
 .text.__default_exit
                0x0000000020003ed0        0x4 /tmp/ch.elf.FAxYGx.ltrans0.ltrans.o
                0x0000000020003ed0                __default_exit
 *fill*         0x0000000020003ed4        0xc 
 .text.__c1_cpu_init
                0x0000000020003ee0        0x4 /tmp/ch.elf.FAxYGx.ltrans0.ltrans.o
                0x0000000020003ee0                __c1_cpu_init
 *fill*         0x0000000020003ee4        0xc 
 .text.__c1_early_init
                0x0000000020003ef0        0x4 /tmp/ch.elf.FAxYGx.ltrans0.ltrans.o
                0x0000000020003ef0                __c1_early_init
 *fill*         0x0000000020003ef4        0xc 
 .text.__c1_late_init
                0x0000000020003f00        0x4 /tmp/ch.elf.FAxYGx.ltrans0.ltrans.o
                0x0000000020003f00                __c1_late_init
 *fill*         0x0000000020003f04        0xc 
 .text.__c1_default_exit
                0x0000000020003f10        0x4 /tmp/ch.elf.FAxYGx.ltrans0.ltrans.o
                0x0000000020003f10                __c1_default_exit
 *fill*         0x0000000020003f14        0xc 
 .text.__init_ram_areas
                0x0000000020003f20       0x38 /tmp/ch.elf.FAxYGx.ltrans0.ltrans.o
                0x0000000020003f20                __init_ram_areas
 *fill*         0x0000000020003f58        0x8 
 .text.halInit  0x0000000020003f60       0x14 /tmp/ch.elf.FAxYGx.ltrans0.ltrans.o
                0x0000000020003f60                halInit
 *fill*         0x0000000020003f74        0xc 
 .text.sioStart
                0x0000000020003f80       0x34 /tmp/ch.elf.FAxYGx.ltrans0.ltrans.o
                0x0000000020003f80                sioStart
 *fill*         0x0000000020003fb4        0xc 
 .text.Vector90
                0x0000000020003fc0       0x14 /tmp/ch.elf.FAxYGx.ltrans0.ltrans.o
                0x0000000020003fc0                Vector90
 *fill*         0x0000000020003fd4        0xc 
 .text.Vector94
                0x0000000020003fe0       0x14 /tmp/ch.elf.FAxYGx.ltrans0.ltrans.o
                0x0000000020003fe0                Vector94
 *fill*         0x0000000020003ff4        0xc 
 .text.Vector40
                0x0000000020004000       0x24 /tmp/ch.elf.FAxYGx.ltrans0.ltrans.o
                0x0000000020004000                Vector40
 *fill*         0x0000000020004024        0xc 
 .text.Vector44
                0x0000000020004030       0x24 /tmp/ch.elf.FAxYGx.ltrans0.ltrans.o
                0x0000000020004030                Vector44
 *fill*         0x0000000020004054        0xc 
 .text.Vector48
                0x0000000020004060       0x20 /tmp/ch.elf.FAxYGx.ltrans0.ltrans.o
                0x0000000020004060                Vector48
 .text.Vector4C
                0x0000000020004080       0x20 /tmp/ch.elf.FAxYGx.ltrans0.ltrans.o
                0x0000000020004080                Vector4C
 .text.__early_init
                0x00000000200040a0        0x4 /tmp/ch.elf.FAxYGx.ltrans0.ltrans.o
                0x00000000200040a0                __early_init
 *fill*         0x00000000200040a4        0xc 
 .text.chSysWaitSystemState
                0x00000000200040b0       0x10 /tmp/ch.elf.FAxYGx.ltrans0.ltrans.o
                0x00000000200040b0                chSysWaitSystemState
 .text.chSchRescheduleS
                0x00000000200040c0       0x28 /tmp/ch.elf.FAxYGx.ltrans0.ltrans.o
                0x00000000200040c0                chSchRescheduleS
 *fill*         0x00000000200040e8        0x8 
 .text.chSysRestoreStatusX
                0x00000000200040f0       0x24 /tmp/ch.elf.FAxYGx.ltrans0.ltrans.o
 *fill*         0x0000000020004114        0xc 
 .text.vtcb     0x0000000020004120       0x20 /tmp/ch.elf.FAxYGx.ltrans0.ltrans.o
 .text.chThdSetPriority
                0x0000000020004140       0x3c /tmp/ch.elf.FAxYGx.ltrans0.ltrans.o
 *fill*         0x000000002000417c        0x4 
 .text.chSemResetWithMessage
                0x0000000020004180       0x18 /tmp/ch.elf.FAxYGx.ltrans0.ltrans.o
 *fill*         0x0000000020004198        0x8 
 .text.rt_test_007_001_teardown
                0x00000000200041a0       0x14 /tmp/ch.elf.FAxYGx.ltrans0.ltrans.o
 *fill*         0x00000000200041b4        0xc 
 .text.chSemSignalWait
                0x00000000200041c0       0x6c /tmp/ch.elf.FAxYGx.ltrans0.ltrans.o
 *fill*         0x000000002000422c        0x4 
 .text.chMtxUnlock
                0x0000000020004230       0x68 /tmp/ch.elf.FAxYGx.ltrans0.ltrans.o
 *fill*         0x0000000020004298        0x8 
 .text.pipe_write
                0x00000000200042a0       0x7c /tmp/ch.elf.FAxYGx.ltrans0.ltrans.o
 *fill*         0x000000002000431c        0x4 
 .text.pipe_read
                0x0000000020004320       0x74 /tmp/ch.elf.FAxYGx.ltrans0.ltrans.o
 *fill*         0x0000000020004394        0xc 
 .text.chPipeWriteTimeout
                0x00000000200043a0       0x68 /tmp/ch.elf.FAxYGx.ltrans0.ltrans.o
 *fill*         0x0000000020004408        0x8 
 .text.chPipeReadTimeout
                0x0000000020004410       0x68 /tmp/ch.elf.FAxYGx.ltrans0.ltrans.o
 *fill*         0x0000000020004478        0x8 
 .text.chMtxUnlockAllS
                0x0000000020004480       0x50 /tmp/ch.elf.FAxYGx.ltrans0.ltrans.o
 .text.chMtxUnlockAll
                0x00000000200044d0       0x14 /tmp/ch.elf.FAxYGx.ltrans0.ltrans.o
 *fill*         0x00000000200044e4        0xc 
 .text.chCondBroadcast
                0x00000000200044f0       0x18 /tmp/ch.elf.FAxYGx.ltrans0.ltrans.o
 *fill*         0x0000000020004508        0x8 
 .text.chEvtSignal
                0x0000000020004510       0x18 /tmp/ch.elf.FAxYGx.ltrans0.ltrans.o
 *fill*         0x0000000020004528        0x8 
 .text.chEvtBroadcastFlags
                0x0000000020004530       0x18 /tmp/ch.elf.FAxYGx.ltrans0.ltrans.o
 *fill*         0x0000000020004548        0x8 
 .text.chMBReset
                0x0000000020004550       0x18 /tmp/ch.elf.FAxYGx.ltrans0.ltrans.o
 *fill*         0x0000000020004568        0x8 
 .text.oslib_test_002_001_teardown
                0x0000000020004570       0x10 /tmp/ch.elf.FAxYGx.ltrans0.ltrans.o
 .text.oslib_test_002_002_teardown
                0x0000000020004580       0x10 /tmp/ch.elf.FAxYGx.ltrans0.ltrans.o
 .text.oslib_test_002_003_teardown
                0x0000000020004590       0x10 /tmp/ch.elf.FAxYGx.ltrans0.ltrans.o
 .text.chMBPostTimeoutS
                0x00000000200045a0       0x60 /tmp/ch.elf.FAxYGx.ltrans0.ltrans.o
 .text.chMBPostAheadTimeoutS
                0x0000000020004600       0x60 /tmp/ch.elf.FAxYGx.ltrans0.ltrans.o
 .text.chMBPostAheadTimeout
                0x0000000020004660       0x14 /tmp/ch.elf.FAxYGx.ltrans0.ltrans.o
 *fill*         0x0000000020004674        0xc 
 .text.chMBFetchTimeoutS
                0x0000000020004680       0x58 /tmp/ch.elf.FAxYGx.ltrans0.ltrans.o
 *fill*         0x00000000200046d8        0x8 
 .text.chPipeReset
                0x00000000200046e0       0x4c /tmp/ch.elf.FAxYGx.ltrans0.ltrans.o
 *fill*         0x000000002000472c        0x4 
 .text.thread4  0x0000000020004730       0x20 /tmp/ch.elf.FAxYGx.ltrans0.ltrans.o
 .text.chSchDoPreemption
                0x0000000020004750       0x34 /tmp/ch.elf.FAxYGx.ltrans0.ltrans.o
                0x0000000020004750                chSchDoPreemption
 *fill*         0x0000000020004784        0xc 
 .text.chInstanceObjectInit
                0x0000000020004790       0xc4 /tmp/ch.elf.FAxYGx.ltrans0.ltrans.o
                0x0000000020004790                chInstanceObjectInit
 *fill*         0x0000000020004854        0xc 
 .text.chThdCreate
                0x0000000020004860       0x20 /tmp/ch.elf.FAxYGx.ltrans0.ltrans.o
                0x0000000020004860                chThdCreate
 .text.chThdCreateStatic
                0x0000000020004880       0x80 /tmp/ch.elf.FAxYGx.ltrans0.ltrans.o
                0x0000000020004880                chThdCreateStatic
 .text.chThdExit
                0x0000000020004900       0x10 /tmp/ch.elf.FAxYGx.ltrans0.ltrans.o
                0x0000000020004900                chThdExit
 .text.bmk_thread3
                0x0000000020004910        0x8 /tmp/ch.elf.FAxYGx.ltrans0.ltrans.o
 *fill*         0x0000000020004918        0x8 
 .text.chThdWait
                0x0000000020004920       0x44 /tmp/ch.elf.FAxYGx.ltrans0.ltrans.o
                0x0000000020004920                chThdWait
 *fill*         0x0000000020004964        0xc 
 .text.test_wait_threads
                0x0000000020004970       0x2c /tmp/ch.elf.FAxYGx.ltrans0.ltrans.o
 *fill*         0x000000002000499c        0x4 
 .text.rt_test_007_005_teardown
                0x00000000200049a0        0x8 /tmp/ch.elf.FAxYGx.ltrans0.ltrans.o
 *fill*         0x00000000200049a8        0x8 
 .text.rt_test_007_006_teardown
                0x00000000200049b0        0x8 /tmp/ch.elf.FAxYGx.ltrans0.ltrans.o
 *fill*         0x00000000200049b8        0x8 
 .text.rt_test_008_004_teardown
                0x00000000200049c0        0x8 /tmp/ch.elf.FAxYGx.ltrans0.ltrans.o
 *fill*         0x00000000200049c8        0x8 
 .text.chThdSleep
                0x00000000200049d0       0x18 /tmp/ch.elf.FAxYGx.ltrans0.ltrans.o
                0x00000000200049d0                chThdSleep
 *fill*         0x00000000200049e8        0x8 
 .text.test_execute_inner
                0x00000000200049f0      0x1bc /tmp/ch.elf.FAxYGx.ltrans0.ltrans.o
 *fill*         0x0000000020004bac        0x4 
 .text.test_execute_stream
                0x0000000020004bb0       0x1c /tmp/ch.elf.FAxYGx.ltrans0.ltrans.o
 *fill*         0x0000000020004bcc        0x4 
 .text.test_rt  0x0000000020004bd0       0x10 /tmp/ch.elf.FAxYGx.ltrans0.ltrans.o
 .text.test_oslib
                0x0000000020004be0       0x10 /tmp/ch.elf.FAxYGx.ltrans0.ltrans.o
 .text.test_wait_tick
                0x0000000020004bf0       0x1c /tmp/ch.elf.FAxYGx.ltrans0.ltrans.o
 *fill*         0x0000000020004c0c        0x4 
 .text.msg_loop_test
                0x0000000020004c10       0x34 /tmp/ch.elf.FAxYGx.ltrans0.ltrans.o
 *fill*         0x0000000020004c44        0xc 
 .text.rt_test_012_001_execute
                0x0000000020004c50       0xa0 /tmp/ch.elf.FAxYGx.ltrans0.ltrans.o
 .text.rt_test_012_002_execute
                0x0000000020004cf0       0xa0 /tmp/ch.elf.FAxYGx.ltrans0.ltrans.o
 .text.rt_test_012_003_execute
                0x0000000020004d90      0x148 /tmp/ch.elf.FAxYGx.ltrans0.ltrans.o
 *fill*         0x0000000020004ed8        0x8 
 .text.rt_test_012_004_execute
                0x0000000020004ee0       0xe4 /tmp/ch.elf.FAxYGx.ltrans0.ltrans.o
 *fill*         0x0000000020004fc4        0xc 
 .text.rt_test_012_005_execute
                0x0000000020004fd0       0x94 /tmp/ch.elf.FAxYGx.ltrans0.ltrans.o
 *fill*         0x0000000020005064        0xc 
 .text.rt_test_012_006_execute
                0x0000000020005070       0x94 /tmp/ch.elf.FAxYGx.ltrans0.ltrans.o
 *fill*         0x0000000020005104        0xc 
 .text.rt_test_012_007_execute
                0x0000000020005110      0x174 /tmp/ch.elf.FAxYGx.ltrans0.ltrans.o
 *fill*         0x0000000020005284        0xc 
 .text.rt_test_012_009_execute
                0x0000000020005290       0xa4 /tmp/ch.elf.FAxYGx.ltrans0.ltrans.o
 *fill*         0x0000000020005334        0xc 
 .text.rt_test_012_011_execute
                0x0000000020005340       0x90 /tmp/ch.elf.FAxYGx.ltrans0.ltrans.o
 .text.thread2  0x00000000200053d0       0x28 /tmp/ch.elf.FAxYGx.ltrans0.ltrans.o
 *fill*         0x00000000200053f8        0x8 
 .text.thread4A
                0x0000000020005400       0x20 /tmp/ch.elf.FAxYGx.ltrans0.ltrans.o
 .text.thread4B
                0x0000000020005420       0x30 /tmp/ch.elf.FAxYGx.ltrans0.ltrans.o
 .text.evt_thread3
                0x0000000020005450       0x18 /tmp/ch.elf.FAxYGx.ltrans0.ltrans.o
 *fill*         0x0000000020005468        0x8 
 .text.evt_thread7
                0x0000000020005470       0x24 /tmp/ch.elf.FAxYGx.ltrans0.ltrans.o
 *fill*         0x0000000020005494        0xc 
 .text.rt_test_012_008_execute
                0x00000000200054a0      0x13c /tmp/ch.elf.FAxYGx.ltrans0.ltrans.o
 *fill*         0x00000000200055dc        0x4 
 .text.chSemObjectInit
                0x00000000200055e0        0x8 /tmp/ch.elf.FAxYGx.ltrans0.ltrans.o
                0x00000000200055e0                chSemObjectInit
 *fill*         0x00000000200055e8        0x8 
 .text.rt_test_007_001_setup
                0x00000000200055f0       0x10 /tmp/ch.elf.FAxYGx.ltrans0.ltrans.o
 .text.rt_test_007_002_setup
                0x0000000020005600       0x10 /tmp/ch.elf.FAxYGx.ltrans0.ltrans.o
 .text.rt_test_007_003_setup
                0x0000000020005610       0x10 /tmp/ch.elf.FAxYGx.ltrans0.ltrans.o
 .text.rt_test_007_004_setup
                0x0000000020005620       0x10 /tmp/ch.elf.FAxYGx.ltrans0.ltrans.o
 .text.rt_test_007_005_setup
                0x0000000020005630       0x10 /tmp/ch.elf.FAxYGx.ltrans0.ltrans.o
 .text.rt_test_012_007_setup
                0x0000000020005640       0x10 /tmp/ch.elf.FAxYGx.ltrans0.ltrans.o
 .text.rt_test_012_010_setup
                0x0000000020005650       0x10 /tmp/ch.elf.FAxYGx.ltrans0.ltrans.o
 .text.chSemWait
                0x0000000020005660       0x14 /tmp/ch.elf.FAxYGx.ltrans0.ltrans.o
                0x0000000020005660                chSemWait
 *fill*         0x0000000020005674        0xc 
 .text.bmk_thread7
                0x0000000020005680       0x2c /tmp/ch.elf.FAxYGx.ltrans0.ltrans.o
 *fill*         0x00000000200056ac        0x4 
 .text.chSemSignal
                0x00000000200056b0       0x2c /tmp/ch.elf.FAxYGx.ltrans0.ltrans.o
                0x00000000200056b0                chSemSignal
 *fill*         0x00000000200056dc        0x4 
 .text.thread3  0x00000000200056e0       0x18 /tmp/ch.elf.FAxYGx.ltrans0.ltrans.o
 *fill*         0x00000000200056f8        0x8 
 .text.rt_test_012_010_execute
                0x0000000020005700       0x90 /tmp/ch.elf.FAxYGx.ltrans0.ltrans.o
 .text.chMBObjectInit
                0x0000000020005790       0x28 /tmp/ch.elf.FAxYGx.ltrans0.ltrans.o
                0x0000000020005790                chMBObjectInit
 *fill*         0x00000000200057b8        0x8 
 .text.oslib_test_002_001_setup
                0x00000000200057c0       0x18 /tmp/ch.elf.FAxYGx.ltrans0.ltrans.o
 *fill*         0x00000000200057d8        0x8 
 .text.oslib_test_002_002_setup
                0x00000000200057e0       0x18 /tmp/ch.elf.FAxYGx.ltrans0.ltrans.o
 *fill*         0x00000000200057f8        0x8 
 .text.oslib_test_002_003_setup
                0x0000000020005800       0x18 /tmp/ch.elf.FAxYGx.ltrans0.ltrans.o
 *fill*         0x0000000020005818        0x8 
 .text.chMBPostTimeout
                0x0000000020005820       0x14 /tmp/ch.elf.FAxYGx.ltrans0.ltrans.o
                0x0000000020005820                chMBPostTimeout
 *fill*         0x0000000020005834        0xc 
 .text.chMBFetchTimeout
                0x0000000020005840       0x14 /tmp/ch.elf.FAxYGx.ltrans0.ltrans.o
                0x0000000020005840                chMBFetchTimeout
 *fill*         0x0000000020005854        0xc 
 .text.chHeapObjectInit
                0x0000000020005860       0x30 /tmp/ch.elf.FAxYGx.ltrans0.ltrans.o
                0x0000000020005860                chHeapObjectInit
 .text.rt_test_011_001_setup
                0x0000000020005890       0x18 /tmp/ch.elf.FAxYGx.ltrans0.ltrans.o
 *fill*         0x00000000200058a8        0x8 
 .text.chHeapAllocAligned
                0x00000000200058b0       0xf0 /tmp/ch.elf.FAxYGx.ltrans0.ltrans.o
                0x00000000200058b0                chHeapAllocAligned
 .text.chThdCreateFromHeap
                0x00000000200059a0       0x54 /tmp/ch.elf.FAxYGx.ltrans0.ltrans.o
                0x00000000200059a0                chThdCreateFromHeap
 *fill*         0x00000000200059f4        0xc 
 .text.cmd_test
                0x0000000020005a00       0x98 /tmp/ch.elf.FAxYGx.ltrans0.ltrans.o
 *fill*         0x0000000020005a98        0x8 
 .text.dyn_create_object_heap
                0x0000000020005aa0       0x38 /tmp/ch.elf.FAxYGx.ltrans0.ltrans.o
 *fill*         0x0000000020005ad8        0x8 
 .text.chHeapFree
                0x0000000020005ae0       0x8c /tmp/ch.elf.FAxYGx.ltrans0.ltrans.o
                0x0000000020005ae0                chHeapFree
 *fill*         0x0000000020005b6c        0x4 
 .text.thd_heapfree
                0x0000000020005b70        0xc /tmp/ch.elf.FAxYGx.ltrans0.ltrans.o
 *fill*         0x0000000020005b7c        0x4 
 .text.dyn_release_object_heap
                0x0000000020005b80       0x24 /tmp/ch.elf.FAxYGx.ltrans0.ltrans.o
 *fill*         0x0000000020005ba4        0xc 
 .text.chHeapStatus
                0x0000000020005bb0       0x54 /tmp/ch.elf.FAxYGx.ltrans0.ltrans.o
                0x0000000020005bb0                chHeapStatus
 *fill*         0x0000000020005c04        0xc 
 .text.cmd_mem  0x0000000020005c10       0x6c /tmp/ch.elf.FAxYGx.ltrans0.ltrans.o
 *fill*         0x0000000020005c7c        0x4 
 .text.chHeapIntegrityCheck
                0x0000000020005c80       0x84 /tmp/ch.elf.FAxYGx.ltrans0.ltrans.o
                0x0000000020005c80                chHeapIntegrityCheck
 *fill*         0x0000000020005d04        0xc 
 .text.chPoolObjectInitAligned
                0x0000000020005d10       0x10 /tmp/ch.elf.FAxYGx.ltrans0.ltrans.o
                0x0000000020005d10                chPoolObjectInitAligned
 .text.__factory_init
                0x0000000020005d20       0x54 /tmp/ch.elf.FAxYGx.ltrans0.ltrans.o
 *fill*         0x0000000020005d74        0xc 
 .text.chSysInit
                0x0000000020005d80       0x7c /tmp/ch.elf.FAxYGx.ltrans0.ltrans.o
                0x0000000020005d80                chSysInit
 *fill*         0x0000000020005dfc        0x4 
 .text.rt_test_011_002_setup
                0x0000000020005e00       0x18 /tmp/ch.elf.FAxYGx.ltrans0.ltrans.o
 *fill*         0x0000000020005e18        0x8 
 .text.chPoolAlloc
                0x0000000020005e20       0x14 /tmp/ch.elf.FAxYGx.ltrans0.ltrans.o
                0x0000000020005e20                chPoolAlloc
 *fill*         0x0000000020005e34        0xc 
 .text.chThdCreateFromMemoryPool
                0x0000000020005e40       0x58 /tmp/ch.elf.FAxYGx.ltrans0.ltrans.o
 *fill*         0x0000000020005e98        0x8 
 .text.dyn_create_object_pool
                0x0000000020005ea0       0x34 /tmp/ch.elf.FAxYGx.ltrans0.ltrans.o
 *fill*         0x0000000020005ed4        0xc 
 .text.chPoolFree
                0x0000000020005ee0       0x14 /tmp/ch.elf.FAxYGx.ltrans0.ltrans.o
                0x0000000020005ee0                chPoolFree
 *fill*         0x0000000020005ef4        0xc 
 .text.thd_poolfree
                0x0000000020005f00        0xc /tmp/ch.elf.FAxYGx.ltrans0.ltrans.o
 *fill*         0x0000000020005f0c        0x4 
 .text.chPoolLoadArray
                0x0000000020005f10       0x20 /tmp/ch.elf.FAxYGx.ltrans0.ltrans.o
                0x0000000020005f10                chPoolLoadArray
 .text.dyn_release_object_pool
                0x0000000020005f30       0x2c /tmp/ch.elf.FAxYGx.ltrans0.ltrans.o
 *fill*         0x0000000020005f5c        0x4 
 .text.chGuardedPoolObjectInitAligned
                0x0000000020005f60       0x18 /tmp/ch.elf.FAxYGx.ltrans0.ltrans.o
                0x0000000020005f60                chGuardedPoolObjectInitAligned
 *fill*         0x0000000020005f78        0x8 
 .text.chGuardedPoolAllocTimeout
                0x0000000020005f80       0x14 /tmp/ch.elf.FAxYGx.ltrans0.ltrans.o
                0x0000000020005f80                chGuardedPoolAllocTimeout
 *fill*         0x0000000020005f94        0xc 
 .text.chGuardedPoolFree
                0x0000000020005fa0       0x24 /tmp/ch.elf.FAxYGx.ltrans0.ltrans.o
                0x0000000020005fa0                chGuardedPoolFree
 *fill*         0x0000000020005fc4        0xc 
 .text.chGuardedPoolLoadArray
                0x0000000020005fd0       0x20 /tmp/ch.elf.FAxYGx.ltrans0.ltrans.o
                0x0000000020005fd0                chGuardedPoolLoadArray
 .text.chCacheObjectInit
                0x0000000020005ff0       0x88 /tmp/ch.elf.FAxYGx.ltrans0.ltrans.o
                0x0000000020005ff0                chCacheObjectInit
 *fill*         0x0000000020006078        0x8 
 .text.chCacheGetObject
                0x0000000020006080       0x78 /tmp/ch.elf.FAxYGx.ltrans0.ltrans.o
                0x0000000020006080                chCacheGetObject
 *fill*         0x00000000200060f8        0x8 
 .text.chCacheReleaseObjectI
                0x0000000020006100       0x90 /tmp/ch.elf.FAxYGx.ltrans0.ltrans.o
                0x0000000020006100                chCacheReleaseObjectI
 .text.chCacheReadObject
                0x0000000020006190       0x10 /tmp/ch.elf.FAxYGx.ltrans0.ltrans.o
                0x0000000020006190                chCacheReadObject
 .text.chDelegateCallVeneer
                0x00000000200061a0       0x24 /tmp/ch.elf.FAxYGx.ltrans0.ltrans.o
                0x00000000200061a0                chDelegateCallVeneer
 *fill*         0x00000000200061c4        0xc 
 .text.chDelegateDispatch
                0x00000000200061d0       0x28 /tmp/ch.elf.FAxYGx.ltrans0.ltrans.o
                0x00000000200061d0                chDelegateDispatch
 *fill*         0x00000000200061f8        0x8 
 .text.chFactoryRegisterObject
                0x0000000020006200       0x30 /tmp/ch.elf.FAxYGx.ltrans0.ltrans.o
                0x0000000020006200                chFactoryRegisterObject
 .text.chFactoryFindObject
                0x0000000020006230       0x28 /tmp/ch.elf.FAxYGx.ltrans0.ltrans.o
                0x0000000020006230                chFactoryFindObject
 *fill*         0x0000000020006258        0x8 
 .text.chFactoryReleaseObject
                0x0000000020006260       0x2c /tmp/ch.elf.FAxYGx.ltrans0.ltrans.o
                0x0000000020006260                chFactoryReleaseObject
 *fill*         0x000000002000628c        0x4 
 .text.chFactoryCreateBuffer
                0x0000000020006290       0x3c /tmp/ch.elf.FAxYGx.ltrans0.ltrans.o
                0x0000000020006290                chFactoryCreateBuffer
 *fill*         0x00000000200062cc        0x4 
 .text.chFactoryFindBuffer
                0x00000000200062d0       0x28 /tmp/ch.elf.FAxYGx.ltrans0.ltrans.o
                0x00000000200062d0                chFactoryFindBuffer
 *fill*         0x00000000200062f8        0x8 
 .text.chFactoryReleaseBuffer
                0x0000000020006300       0x28 /tmp/ch.elf.FAxYGx.ltrans0.ltrans.o
                0x0000000020006300                chFactoryReleaseBuffer
 *fill*         0x0000000020006328        0x8 
 .text.chFactoryCreateSemaphore
                0x0000000020006330       0x38 /tmp/ch.elf.FAxYGx.ltrans0.ltrans.o
                0x0000000020006330                chFactoryCreateSemaphore
 *fill*         0x0000000020006368        0x8 
 .text.chFactoryFindSemaphore
                0x0000000020006370       0x28 /tmp/ch.elf.FAxYGx.ltrans0.ltrans.o
                0x0000000020006370                chFactoryFindSemaphore
 *fill*         0x0000000020006398        0x8 
 .text.chFactoryReleaseSemaphore
                0x00000000200063a0       0x2c /tmp/ch.elf.FAxYGx.ltrans0.ltrans.o
                0x00000000200063a0                chFactoryReleaseSemaphore
 *fill*         0x00000000200063cc        0x4 
 .text.chFactoryCreateMailbox
                0x00000000200063d0       0x40 /tmp/ch.elf.FAxYGx.ltrans0.ltrans.o
                0x00000000200063d0                chFactoryCreateMailbox
 .text.chFactoryFindMailbox
                0x0000000020006410       0x28 /tmp/ch.elf.FAxYGx.ltrans0.ltrans.o
                0x0000000020006410                chFactoryFindMailbox
 *fill*         0x0000000020006438        0x8 
 .text.chFactoryReleaseMailbox
                0x0000000020006440       0x28 /tmp/ch.elf.FAxYGx.ltrans0.ltrans.o
                0x0000000020006440                chFactoryReleaseMailbox
 *fill*         0x0000000020006468        0x8 
 .text.chFactoryCreateObjectsFIFO
                0x0000000020006470       0x7c /tmp/ch.elf.FAxYGx.ltrans0.ltrans.o
                0x0000000020006470                chFactoryCreateObjectsFIFO
 *fill*         0x00000000200064ec        0x4 
 .text.chFactoryFindObjectsFIFO
                0x00000000200064f0       0x28 /tmp/ch.elf.FAxYGx.ltrans0.ltrans.o
                0x00000000200064f0                chFactoryFindObjectsFIFO
 *fill*         0x0000000020006518        0x8 
 .text.chFactoryReleaseObjectsFIFO
                0x0000000020006520       0x28 /tmp/ch.elf.FAxYGx.ltrans0.ltrans.o
                0x0000000020006520                chFactoryReleaseObjectsFIFO
 *fill*         0x0000000020006548        0x8 
 .text.chFactoryCreatePipe
                0x0000000020006550       0x3c /tmp/ch.elf.FAxYGx.ltrans0.ltrans.o
                0x0000000020006550                chFactoryCreatePipe
 *fill*         0x000000002000658c        0x4 
 .text.chFactoryFindPipe
                0x0000000020006590       0x28 /tmp/ch.elf.FAxYGx.ltrans0.ltrans.o
                0x0000000020006590                chFactoryFindPipe
 *fill*         0x00000000200065b8        0x8 
 .text.chFactoryReleasePipe
                0x00000000200065c0       0x28 /tmp/ch.elf.FAxYGx.ltrans0.ltrans.o
                0x00000000200065c0                chFactoryReleasePipe
 *fill*         0x00000000200065e8        0x8 
 .text.SVC_Handler
                0x00000000200065f0       0x14 /tmp/ch.elf.FAxYGx.ltrans0.ltrans.o
                0x00000000200065f0                SVC_Handler
 *fill*         0x0000000020006604        0xc 
 .text.gpio_init
                0x0000000020006610       0x18 /tmp/ch.elf.FAxYGx.ltrans0.ltrans.o
                0x0000000020006610                gpio_init
 *fill*         0x0000000020006628        0x8 
 .text.shellInit
                0x0000000020006630       0x10 /tmp/ch.elf.FAxYGx.ltrans0.ltrans.o
                0x0000000020006630                shellInit
 .text.__test_assert
                0x0000000020006640       0x10 /tmp/ch.elf.FAxYGx.ltrans0.ltrans.o
                0x0000000020006640                __test_assert
 .text.__test_assert_time_window
                0x0000000020006650       0x20 /tmp/ch.elf.FAxYGx.ltrans0.ltrans.o
 .text.rt_test_005_001_execute
                0x0000000020006670       0xd0 /tmp/ch.elf.FAxYGx.ltrans0.ltrans.o
 .text.rt_test_002_001_execute
                0x0000000020006740       0xb0 /tmp/ch.elf.FAxYGx.ltrans0.ltrans.o
 .text.rt_test_002_002_execute
                0x00000000200067f0       0xcc /tmp/ch.elf.FAxYGx.ltrans0.ltrans.o
 *fill*         0x00000000200068bc        0x4 
 .text.rt_test_003_002_execute
                0x00000000200068c0       0xac /tmp/ch.elf.FAxYGx.ltrans0.ltrans.o
 *fill*         0x000000002000696c        0x4 
 .text.rt_test_004_001_execute
                0x0000000020006970       0x70 /tmp/ch.elf.FAxYGx.ltrans0.ltrans.o
 .text.rt_test_005_003_execute
                0x00000000200069e0       0xac /tmp/ch.elf.FAxYGx.ltrans0.ltrans.o
 *fill*         0x0000000020006a8c        0x4 
 .text.rt_test_005_004_execute
                0x0000000020006a90      0x164 /tmp/ch.elf.FAxYGx.ltrans0.ltrans.o
 *fill*         0x0000000020006bf4        0xc 
 .text.rt_test_006_001_execute
                0x0000000020006c00       0xfc /tmp/ch.elf.FAxYGx.ltrans0.ltrans.o
 *fill*         0x0000000020006cfc        0x4 
 .text.rt_test_007_001_execute
                0x0000000020006d00       0xc8 /tmp/ch.elf.FAxYGx.ltrans0.ltrans.o
 *fill*         0x0000000020006dc8        0x8 
 .text.rt_test_007_005_execute
                0x0000000020006dd0       0xbc /tmp/ch.elf.FAxYGx.ltrans0.ltrans.o
 *fill*         0x0000000020006e8c        0x4 
 .text.rt_test_007_006_execute
                0x0000000020006e90      0x1ec /tmp/ch.elf.FAxYGx.ltrans0.ltrans.o
 *fill*         0x000000002000707c        0x4 
 .text.rt_test_008_004_execute
                0x0000000020007080      0x18c /tmp/ch.elf.FAxYGx.ltrans0.ltrans.o
 *fill*         0x000000002000720c        0x4 
 .text.rt_test_008_005_execute
                0x0000000020007210      0x148 /tmp/ch.elf.FAxYGx.ltrans0.ltrans.o
 *fill*         0x0000000020007358        0x8 
 .text.rt_test_010_001_execute
                0x0000000020007360       0xd4 /tmp/ch.elf.FAxYGx.ltrans0.ltrans.o
 *fill*         0x0000000020007434        0xc 
 .text.rt_test_010_003_execute
                0x0000000020007440      0x134 /tmp/ch.elf.FAxYGx.ltrans0.ltrans.o
 *fill*         0x0000000020007574        0xc 
 .text.rt_test_010_004_execute
                0x0000000020007580      0x100 /tmp/ch.elf.FAxYGx.ltrans0.ltrans.o
 .text.rt_test_010_005_execute
                0x0000000020007680      0x104 /tmp/ch.elf.FAxYGx.ltrans0.ltrans.o
 *fill*         0x0000000020007784        0xc 
 .text.rt_test_010_006_execute
                0x0000000020007790       0xb8 /tmp/ch.elf.FAxYGx.ltrans0.ltrans.o
 *fill*         0x0000000020007848        0x8 
 .text.rt_test_010_007_execute
                0x0000000020007850      0x100 /tmp/ch.elf.FAxYGx.ltrans0.ltrans.o
 .text.oslib_test_002_003_execute
                0x0000000020007950      0x12c /tmp/ch.elf.FAxYGx.ltrans0.ltrans.o
 *fill*         0x0000000020007a7c        0x4 
 .text.oslib_test_003_001_execute
                0x0000000020007a80      0x574 /tmp/ch.elf.FAxYGx.ltrans0.ltrans.o
 *fill*         0x0000000020007ff4        0xc 
 .text.oslib_test_003_002_execute
                0x0000000020008000       0xbc /tmp/ch.elf.FAxYGx.ltrans0.ltrans.o
 *fill*         0x00000000200080bc        0x4 
 .text.__test_assert_sequence
                0x00000000200080c0       0x3c /tmp/ch.elf.FAxYGx.ltrans0.ltrans.o
                0x00000000200080c0                __test_assert_sequence
 *fill*         0x00000000200080fc        0x4 
 .text.rt_test_005_002_execute
                0x0000000020008100      0x29c /tmp/ch.elf.FAxYGx.ltrans0.ltrans.o
 *fill*         0x000000002000839c        0x4 
 .text.rt_test_007_002_execute
                0x00000000200083a0      0x138 /tmp/ch.elf.FAxYGx.ltrans0.ltrans.o
 *fill*         0x00000000200084d8        0x8 
 .text.rt_test_007_004_execute
                0x00000000200084e0       0xa8 /tmp/ch.elf.FAxYGx.ltrans0.ltrans.o
 *fill*         0x0000000020008588        0x8 
 .text.rt_test_008_001_execute
                0x0000000020008590      0x124 /tmp/ch.elf.FAxYGx.ltrans0.ltrans.o
 *fill*         0x00000000200086b4        0xc 
 .text.rt_test_008_007_execute
                0x00000000200086c0      0x110 /tmp/ch.elf.FAxYGx.ltrans0.ltrans.o
 .text.rt_test_008_008_execute
                0x00000000200087d0       0xe4 /tmp/ch.elf.FAxYGx.ltrans0.ltrans.o
 *fill*         0x00000000200088b4        0xc 
 .text.rt_test_008_009_execute
                0x00000000200088c0       0xc8 /tmp/ch.elf.FAxYGx.ltrans0.ltrans.o
 *fill*         0x0000000020008988        0x8 
 .text.rt_test_010_002_execute
                0x0000000020008990       0x2c /tmp/ch.elf.FAxYGx.ltrans0.ltrans.o
 *fill*         0x00000000200089bc        0x4 
 .text.rt_test_011_001_execute
                0x00000000200089c0      0x180 /tmp/ch.elf.FAxYGx.ltrans0.ltrans.o
 .text.rt_test_011_002_execute
                0x0000000020008b40      0x198 /tmp/ch.elf.FAxYGx.ltrans0.ltrans.o
 *fill*         0x0000000020008cd8        0x8 
 .text.test_emit_token
                0x0000000020008ce0       0x18 /tmp/ch.elf.FAxYGx.ltrans0.ltrans.o
                0x0000000020008ce0                test_emit_token
 *fill*         0x0000000020008cf8        0x8 
 .text.thread   0x0000000020008d00        0xc /tmp/ch.elf.FAxYGx.ltrans0.ltrans.o
 *fill*         0x0000000020008d0c        0x4 
 .text.thread1.lto_priv.0
                0x0000000020008d10       0x28 /tmp/ch.elf.FAxYGx.ltrans0.ltrans.o
 *fill*         0x0000000020008d38        0x8 
 .text.thread1.lto_priv.1
                0x0000000020008d40       0x18 /tmp/ch.elf.FAxYGx.ltrans0.ltrans.o
 *fill*         0x0000000020008d58        0x8 
 .text.rt_test_007_003_execute
                0x0000000020008d60      0x18c /tmp/ch.elf.FAxYGx.ltrans0.ltrans.o
 *fill*         0x0000000020008eec        0x4 
 .text.thread1.lto_priv.2
                0x0000000020008ef0       0x20 /tmp/ch.elf.FAxYGx.ltrans0.ltrans.o
 .text.thread6  0x0000000020008f10       0x28 /tmp/ch.elf.FAxYGx.ltrans0.ltrans.o
 *fill*         0x0000000020008f38        0x8 
 .text.thread8  0x0000000020008f40       0x40 /tmp/ch.elf.FAxYGx.ltrans0.ltrans.o
 .text.thread9  0x0000000020008f80       0x20 /tmp/ch.elf.FAxYGx.ltrans0.ltrans.o
 .text.rt_test_009_001_execute
                0x0000000020008fa0       0x94 /tmp/ch.elf.FAxYGx.ltrans0.ltrans.o
 *fill*         0x0000000020009034        0xc 
 .text.h1       0x0000000020009040        0xc /tmp/ch.elf.FAxYGx.ltrans0.ltrans.o
 *fill*         0x000000002000904c        0x4 
 .text.h2       0x0000000020009050        0xc /tmp/ch.elf.FAxYGx.ltrans0.ltrans.o
 *fill*         0x000000002000905c        0x4 
 .text.h3       0x0000000020009060        0xc /tmp/ch.elf.FAxYGx.ltrans0.ltrans.o
 *fill*         0x000000002000906c        0x4 
 .text.dyn_thread1
                0x0000000020009070        0xc /tmp/ch.elf.FAxYGx.ltrans0.ltrans.o
 *fill*         0x000000002000907c        0x4 
 .text.oslib_test_002_001_execute
                0x0000000020009080      0x3a0 /tmp/ch.elf.FAxYGx.ltrans0.ltrans.o
 .text.oslib_test_002_002_execute
                0x0000000020009420      0x340 /tmp/ch.elf.FAxYGx.ltrans0.ltrans.o
 .text.null_provider
                0x0000000020009760        0x4 /tmp/ch.elf.FAxYGx.ltrans1.ltrans.o
 *fill*         0x0000000020009764        0xc 
 .text.job_slow
                0x0000000020009770       0x14 /tmp/ch.elf.FAxYGx.ltrans1.ltrans.o
 *fill*         0x0000000020009784        0xc 
 .text.dis_func0
                0x0000000020009790       0x10 /tmp/ch.elf.FAxYGx.ltrans1.ltrans.o
 .text.dis_func1
                0x00000000200097a0       0x10 /tmp/ch.elf.FAxYGx.ltrans1.ltrans.o
 .text.dis_func2
                0x00000000200097b0       0x18 /tmp/ch.elf.FAxYGx.ltrans1.ltrans.o
 *fill*         0x00000000200097c8        0x8 
 .text.dis_func3
                0x00000000200097d0       0x20 /tmp/ch.elf.FAxYGx.ltrans1.ltrans.o
 .text.dis_func4
                0x00000000200097f0       0x28 /tmp/ch.elf.FAxYGx.ltrans1.ltrans.o
 *fill*         0x0000000020009818        0x8 
 .text.dis_func_end
                0x0000000020009820       0x18 /tmp/ch.elf.FAxYGx.ltrans1.ltrans.o
 *fill*         0x0000000020009838        0x8 
 .text.obj_write
                0x0000000020009840       0x10 /tmp/ch.elf.FAxYGx.ltrans1.ltrans.o
 .text.Thread1.lto_priv.0
                0x0000000020009850       0x40 /tmp/ch.elf.FAxYGx.ltrans1.ltrans.o
 .text.oslib_test_004_001_execute.lto_priv.0
                0x0000000020009890      0x170 /tmp/ch.elf.FAxYGx.ltrans1.ltrans.o
                0x0000000020009890                oslib_test_004_001_execute.lto_priv.0
 .text.oslib_test_007_002_setup.lto_priv.0
                0x0000000020009a00       0x14 /tmp/ch.elf.FAxYGx.ltrans1.ltrans.o
                0x0000000020009a00                oslib_test_007_002_setup.lto_priv.0
 *fill*         0x0000000020009a14        0xc 
 .text.oslib_test_007_003_setup.lto_priv.0
                0x0000000020009a20       0x14 /tmp/ch.elf.FAxYGx.ltrans1.ltrans.o
                0x0000000020009a20                oslib_test_007_003_setup.lto_priv.0
 *fill*         0x0000000020009a34        0xc 
 .text.oslib_test_007_002_execute.lto_priv.0
                0x0000000020009a40       0xc8 /tmp/ch.elf.FAxYGx.ltrans1.ltrans.o
                0x0000000020009a40                oslib_test_007_002_execute.lto_priv.0
 *fill*         0x0000000020009b08        0x8 
 .text.oslib_test_007_003_execute.lto_priv.0
                0x0000000020009b10       0x30 /tmp/ch.elf.FAxYGx.ltrans1.ltrans.o
                0x0000000020009b10                oslib_test_007_003_execute.lto_priv.0
 .text.oslib_test_005_001_execute.lto_priv.0
                0x0000000020009b40      0x198 /tmp/ch.elf.FAxYGx.ltrans1.ltrans.o
                0x0000000020009b40                oslib_test_005_001_execute.lto_priv.0
 *fill*         0x0000000020009cd8        0x8 
 .text.obj_read
                0x0000000020009ce0       0x3c /tmp/ch.elf.FAxYGx.ltrans1.ltrans.o
 *fill*         0x0000000020009d1c        0x4 
 .text.oslib_test_006_001_execute.lto_priv.0
                0x0000000020009d20      0x2e8 /tmp/ch.elf.FAxYGx.ltrans1.ltrans.o
                0x0000000020009d20                oslib_test_006_001_execute.lto_priv.0
 *fill*         0x000000002000a008        0x8 
 .text.oslib_test_007_001_setup.lto_priv.0
                0x000000002000a010       0x14 /tmp/ch.elf.FAxYGx.ltrans1.ltrans.o
                0x000000002000a010                oslib_test_007_001_setup.lto_priv.0
 *fill*         0x000000002000a024        0xc 
 .text.oslib_test_007_001_execute.lto_priv.0
                0x000000002000a030       0xf0 /tmp/ch.elf.FAxYGx.ltrans1.ltrans.o
                0x000000002000a030                oslib_test_007_001_execute.lto_priv.0
 .text.oslib_test_008_001_setup.lto_priv.0
                0x000000002000a120       0x18 /tmp/ch.elf.FAxYGx.ltrans1.ltrans.o
                0x000000002000a120                oslib_test_008_001_setup.lto_priv.0
 *fill*         0x000000002000a138        0x8 
 .text.oslib_test_008_001_execute.lto_priv.0
                0x000000002000a140      0x454 /tmp/ch.elf.FAxYGx.ltrans1.ltrans.o
                0x000000002000a140                oslib_test_008_001_execute.lto_priv.0
 *fill*         0x000000002000a594        0xc 
 .text.oslib_test_008_002_execute.lto_priv.0
                0x000000002000a5a0       0x68 /tmp/ch.elf.FAxYGx.ltrans1.ltrans.o
                0x000000002000a5a0                oslib_test_008_002_execute.lto_priv.0
 *fill*         0x000000002000a608        0x8 
 .text.oslib_test_009_001_teardown.lto_priv.0
                0x000000002000a610       0x20 /tmp/ch.elf.FAxYGx.ltrans1.ltrans.o
                0x000000002000a610                oslib_test_009_001_teardown.lto_priv.0
 .text.oslib_test_009_001_execute.lto_priv.0
                0x000000002000a630      0x180 /tmp/ch.elf.FAxYGx.ltrans1.ltrans.o
                0x000000002000a630                oslib_test_009_001_execute.lto_priv.0
 .text.oslib_test_009_002_teardown.lto_priv.0
                0x000000002000a7b0       0x20 /tmp/ch.elf.FAxYGx.ltrans1.ltrans.o
                0x000000002000a7b0                oslib_test_009_002_teardown.lto_priv.0
 .text.oslib_test_009_002_execute.lto_priv.0
                0x000000002000a7d0      0x140 /tmp/ch.elf.FAxYGx.ltrans1.ltrans.o
                0x000000002000a7d0                oslib_test_009_002_execute.lto_priv.0
 .text.oslib_test_009_003_teardown.lto_priv.0
                0x000000002000a910       0x20 /tmp/ch.elf.FAxYGx.ltrans1.ltrans.o
                0x000000002000a910                oslib_test_009_003_teardown.lto_priv.0
 .text.oslib_test_009_003_execute.lto_priv.0
                0x000000002000a930      0x140 /tmp/ch.elf.FAxYGx.ltrans1.ltrans.o
                0x000000002000a930                oslib_test_009_003_execute.lto_priv.0
 .text.oslib_test_009_004_teardown.lto_priv.0
                0x000000002000aa70       0x20 /tmp/ch.elf.FAxYGx.ltrans1.ltrans.o
                0x000000002000aa70                oslib_test_009_004_teardown.lto_priv.0
 .text.oslib_test_009_004_execute.lto_priv.0
                0x000000002000aa90      0x140 /tmp/ch.elf.FAxYGx.ltrans1.ltrans.o
                0x000000002000aa90                oslib_test_009_004_execute.lto_priv.0
 .text.oslib_test_009_005_teardown.lto_priv.0
                0x000000002000abd0       0x20 /tmp/ch.elf.FAxYGx.ltrans1.ltrans.o
                0x000000002000abd0                oslib_test_009_005_teardown.lto_priv.0
 .text.oslib_test_009_005_execute.lto_priv.0
                0x000000002000abf0      0x148 /tmp/ch.elf.FAxYGx.ltrans1.ltrans.o
                0x000000002000abf0                oslib_test_009_005_execute.lto_priv.0
 *fill*         0x000000002000ad38        0x8 
 .text.oslib_test_009_006_teardown.lto_priv.0
                0x000000002000ad40       0x20 /tmp/ch.elf.FAxYGx.ltrans1.ltrans.o
                0x000000002000ad40                oslib_test_009_006_teardown.lto_priv.0
 .text.oslib_test_009_006_execute.lto_priv.0
                0x000000002000ad60      0x140 /tmp/ch.elf.FAxYGx.ltrans1.ltrans.o
                0x000000002000ad60                oslib_test_009_006_execute.lto_priv.0
 .text.Thread1.lto_priv.2
                0x000000002000aea0       0x34 /tmp/ch.elf.FAxYGx.ltrans1.ltrans.o
 *fill*         0x000000002000aed4        0xc 
 .text.ThreadTimer
                0x000000002000aee0       0x34 /tmp/ch.elf.FAxYGx.ltrans1.ltrans.o
 *fill*         0x000000002000af14        0xc 
 .text.main     0x000000002000af20       0x64 /tmp/ch.elf.FAxYGx.ltrans1.ltrans.o
                0x000000002000af20                main
 *fill*         0x000000002000af84        0xc 
 .text.c1_main  0x000000002000af90       0xa0 /tmp/ch.elf.FAxYGx.ltrans1.ltrans.o
                0x000000002000af90                c1_main
 .text.Thread1.lto_priv.1
                0x000000002000b030       0x24 /tmp/ch.elf.FAxYGx.ltrans1.ltrans.o
 .text.memcmp   0x000000002000b054       0x64 /opt/gcc-arm-none-eabi-10-2020-q4-major/bin/../lib/gcc/arm-none-eabi/10.2.1/../../../../arm-none-eabi/lib/thumb/v8-m.main/nofp/libg.a(lib_a-memcmp.o)
                0x000000002000b054                memcmp
 .text.memset   0x000000002000b0b8       0xa4 /opt/gcc-arm-none-eabi-10-2020-q4-major/bin/../lib/gcc/arm-none-eabi/10.2.1/../../../../arm-none-eabi/lib/thumb/v8-m.main/nofp/libg.a(lib_a-memset.o)
                0x000000002000b0b8                memset
 .text.strchr   0x000000002000b15c       0xcc /opt/gcc-arm-none-eabi-10-2020-q4-major/bin/../lib/gcc/arm-none-eabi/10.2.1/../../../../arm-none-eabi/lib/thumb/v8-m.main/nofp/libg.a(lib_a-strchr.o)
                0x000000002000b15c                strchr
 .text.strncmp  0x000000002000b228       0x78 /opt/gcc-arm-none-eabi-10-2020-q4-major/bin/../lib/gcc/arm-none-eabi/10.2.1/../../../../arm-none-eabi/lib/thumb/v8-m.main/nofp/libg.a(lib_a-strncmp.o)
                0x000000002000b228                strncmp
 .text.strpbrk  0x000000002000b2a0       0x38 /opt/gcc-arm-none-eabi-10-2020-q4-major/bin/../lib/gcc/arm-none-eabi/10.2.1/../../../../arm-none-eabi/lib/thumb/v8-m.main/nofp/libg.a(lib_a-strpbrk.o)
                0x000000002000b2a0                strpbrk
 .text.strspn   0x000000002000b2d8       0x34 /opt/gcc-arm-none-eabi-10-2020-q4-major/bin/../lib/gcc/arm-none-eabi/10.2.1/../../../../arm-none-eabi/lib/thumb/v8-m.main/nofp/libg.a(lib_a-strspn.o)
                0x000000002000b2d8                strspn
 *(.glue_7t)
 .glue_7t       0x000000002000b30c        0x0 linker stubs
 *(.glue_7)
 .glue_7        0x000000002000b30c        0x0 linker stubs
 *(.gcc*)
                0x000000002000b30c                __text_end__ = .

.vfp11_veneer   0x000000002000b30c        0x0
 .vfp11_veneer  0x000000002000b30c        0x0 linker stubs

.v4_bx          0x000000002000b30c        0x0
 .v4_bx         0x000000002000b30c        0x0 linker stubs

.iplt           0x000000002000b30c        0x0
 .iplt          0x000000002000b30c        0x0 ./build/obj/crt0_v8m-ml.o

.rodata         0x000000002000b30c     0x2b98
                0x000000002000b30c                __rodata_base__ = .
 *(.rodata)
 *(.rodata.*)
 .rodata.chvprintf.str1.4
                0x000000002000b30c        0x7 /tmp/ch.elf.FAxYGx.ltrans0.ltrans.o
 .rodata.test_print_line.str1.4
                0x000000002000b313        0x7 /tmp/ch.elf.FAxYGx.ltrans0.ltrans.o
                                          0x3 (size before relaxing)
 *fill*         0x000000002000b313        0x1 
 .rodata.list_commands.str1.4
                0x000000002000b314        0x4 /tmp/ch.elf.FAxYGx.ltrans0.ltrans.o
 .rodata.shellGetLine.str1.4
                0x000000002000b318        0x3 /tmp/ch.elf.FAxYGx.ltrans0.ltrans.o
 *fill*         0x000000002000b31b        0x1 
 .rodata.cmd_exit.str1.4
                0x000000002000b31c       0x14 /tmp/ch.elf.FAxYGx.ltrans0.ltrans.o
 .rodata.cmd_info.str1.4
                0x000000002000b330      0x12d /tmp/ch.elf.FAxYGx.ltrans0.ltrans.o
                                        0x141 (size before relaxing)
 *fill*         0x000000002000b45d        0x3 
 .rodata.cmd_echo.str1.4
                0x000000002000b460        0xf /tmp/ch.elf.FAxYGx.ltrans0.ltrans.o
                                         0x15 (size before relaxing)
 *fill*         0x000000002000b46f        0x1 
 .rodata.cmd_systime.str1.4
                0x000000002000b470        0xe /tmp/ch.elf.FAxYGx.ltrans0.ltrans.o
 *fill*         0x000000002000b47e        0x2 
 .rodata.cmd_threads.str1.4
                0x000000002000b480       0x70 /tmp/ch.elf.FAxYGx.ltrans0.ltrans.o
                                         0x7c (size before relaxing)
 .rodata.rt_test_001_001_execute.str1.4
                0x000000002000b4f0      0x139 /tmp/ch.elf.FAxYGx.ltrans0.ltrans.o
 *fill*         0x000000002000b629        0x3 
 .rodata.rt_test_001_002_execute.str1.4
                0x000000002000b62c      0x10d /tmp/ch.elf.FAxYGx.ltrans0.ltrans.o
 *fill*         0x000000002000b739        0x3 
 .rodata.rt_test_001_003_execute.str1.4
                0x000000002000b73c      0x5d5 /tmp/ch.elf.FAxYGx.ltrans0.ltrans.o
 *fill*         0x000000002000bd11        0x3 
 .rodata.rt_test_012_012_execute.str1.4
                0x000000002000bd14       0x95 /tmp/ch.elf.FAxYGx.ltrans0.ltrans.o
 *fill*         0x000000002000bda9        0x3 
 .rodata.oslib_test_001_002_execute.str1.4
                0x000000002000bdac       0x3a /tmp/ch.elf.FAxYGx.ltrans0.ltrans.o
 *fill*         0x000000002000bde6        0x2 
 .rodata.oslib_test_001_003_execute.str1.4
                0x000000002000bde8      0x315 /tmp/ch.elf.FAxYGx.ltrans0.ltrans.o
 *fill*         0x000000002000c0fd        0x3 
 .rodata.parse_arguments.str1.4
                0x000000002000c100        0x3 /tmp/ch.elf.FAxYGx.ltrans0.ltrans.o
 *fill*         0x000000002000c103        0x1 
 .rodata.shellThread.str1.4
                0x000000002000c104       0x61 /tmp/ch.elf.FAxYGx.ltrans0.ltrans.o
 *fill*         0x000000002000c165        0x3 
 .rodata.chInstanceObjectInit.str1.4
                0x000000002000c168        0xd /tmp/ch.elf.FAxYGx.ltrans0.ltrans.o
 *fill*         0x000000002000c175        0x3 
 .rodata.chThdCreateStatic.str1.4
                0x000000002000c178        0x7 /tmp/ch.elf.FAxYGx.ltrans0.ltrans.o
 *fill*         0x000000002000c17f        0x1 
 .rodata.test_execute_inner.str1.4
                0x000000002000c180      0x1a3 /tmp/ch.elf.FAxYGx.ltrans0.ltrans.o
 *fill*         0x000000002000c323        0x1 
 .rodata.rt_test_012_001_execute.str1.4
                0x000000002000c324       0x26 /tmp/ch.elf.FAxYGx.ltrans0.ltrans.o
 *fill*         0x000000002000c34a        0x2 
 .rodata.rt_test_012_005_execute.str1.4
                0x000000002000c34c        0xb /tmp/ch.elf.FAxYGx.ltrans0.ltrans.o
 *fill*         0x000000002000c357        0x1 
 .rodata.rt_test_012_007_execute.str1.4
                0x000000002000c358       0x11 /tmp/ch.elf.FAxYGx.ltrans0.ltrans.o
 *fill*         0x000000002000c369        0x3 
 .rodata.rt_test_012_009_execute.str1.4
                0x000000002000c36c        0xa /tmp/ch.elf.FAxYGx.ltrans0.ltrans.o
 *fill*         0x000000002000c376        0x2 
 .rodata.rt_test_012_011_execute.str1.4
                0x000000002000c378        0xf /tmp/ch.elf.FAxYGx.ltrans0.ltrans.o
 *fill*         0x000000002000c387        0x1 
 .rodata.rt_test_012_010_execute.str1.4
                0x000000002000c388        0xf /tmp/ch.elf.FAxYGx.ltrans0.ltrans.o
 *fill*         0x000000002000c397        0x1 
 .rodata.cmd_test.str1.4
                0x000000002000c398       0x24 /tmp/ch.elf.FAxYGx.ltrans0.ltrans.o
                                         0x34 (size before relaxing)
 .rodata.cmd_mem.str1.4
                0x000000002000c3bc       0x7a /tmp/ch.elf.FAxYGx.ltrans0.ltrans.o
 *fill*         0x000000002000c436        0x2 
 .rodata.rt_test_005_001_execute.str1.4
                0x000000002000c438       0x13 /tmp/ch.elf.FAxYGx.ltrans0.ltrans.o
 *fill*         0x000000002000c44b        0x1 
 .rodata.rt_test_002_001_execute.str1.4
                0x000000002000c44c       0x70 /tmp/ch.elf.FAxYGx.ltrans0.ltrans.o
 .rodata.rt_test_002_002_execute.str1.4
                0x000000002000c4bc       0x12 /tmp/ch.elf.FAxYGx.ltrans0.ltrans.o
 *fill*         0x000000002000c4ce        0x2 
 .rodata.rt_test_003_002_execute.str1.4
                0x000000002000c4d0        0xd /tmp/ch.elf.FAxYGx.ltrans0.ltrans.o
                                         0x19 (size before relaxing)
 *fill*         0x000000002000c4dd        0x3 
 .rodata.rt_test_004_001_execute.str1.4
                0x000000002000c4e0        0xe /tmp/ch.elf.FAxYGx.ltrans0.ltrans.o
 *fill*         0x000000002000c4ee        0x2 
 .rodata.rt_test_005_003_execute.str1.4
                0x000000002000c4f0       0x3e /tmp/ch.elf.FAxYGx.ltrans0.ltrans.o
 *fill*         0x000000002000c52e        0x2 
 .rodata.rt_test_005_004_execute.str1.4
                0x000000002000c530       0x47 /tmp/ch.elf.FAxYGx.ltrans0.ltrans.o
 *fill*         0x000000002000c577        0x1 
 .rodata.rt_test_006_001_execute.str1.4
                0x000000002000c578       0x27 /tmp/ch.elf.FAxYGx.ltrans0.ltrans.o
 *fill*         0x000000002000c59f        0x1 
 .rodata.rt_test_007_001_execute.str1.4
                0x000000002000c5a0       0x14 /tmp/ch.elf.FAxYGx.ltrans0.ltrans.o
 .rodata.rt_test_007_005_execute.str1.4
                0x000000002000c5b4       0x21 /tmp/ch.elf.FAxYGx.ltrans0.ltrans.o
 *fill*         0x000000002000c5d5        0x3 
 .rodata.rt_test_007_006_execute.str1.4
                0x000000002000c5d8       0x3f /tmp/ch.elf.FAxYGx.ltrans0.ltrans.o
                                         0x46 (size before relaxing)
 *fill*         0x000000002000c617        0x1 
 .rodata.rt_test_008_004_execute.str1.4
                0x000000002000c618       0x19 /tmp/ch.elf.FAxYGx.ltrans0.ltrans.o
 *fill*         0x000000002000c631        0x3 
 .rodata.rt_test_008_005_execute.str1.4
                0x000000002000c634       0x28 /tmp/ch.elf.FAxYGx.ltrans0.ltrans.o
 .rodata.rt_test_010_001_execute.str1.4
                0x000000002000c65c       0x1b /tmp/ch.elf.FAxYGx.ltrans0.ltrans.o
 *fill*         0x000000002000c677        0x1 
 .rodata.rt_test_010_003_execute.str1.4
                0x000000002000c678       0x31 /tmp/ch.elf.FAxYGx.ltrans0.ltrans.o
 *fill*         0x000000002000c6a9        0x3 
 .rodata.rt_test_010_004_execute.str1.4
                0x000000002000c6ac       0x17 /tmp/ch.elf.FAxYGx.ltrans0.ltrans.o
 *fill*         0x000000002000c6c3        0x1 
 .rodata.rt_test_010_005_execute.str1.4