Archive member included to satisfy reference by file (symbol)

/opt/gcc-arm-none-eabi-10-2020-q4-major/bin/../lib/gcc/arm-none-eabi/10.2.1/../../../../arm-none-eabi/lib/thumb/v8-m.main/nofp/libg.a(lib_a-ctype_.o)
                              ./build/obj/chscanf.o (symbol from plugin) (_ctype_)
/opt/gcc-arm-none-eabi-10-2020-q4-major/bin/../lib/gcc/arm-none-eabi/10.2.1/../../../../arm-none-eabi/lib/thumb/v8-m.main/nofp/libg.a(lib_a-memcmp.o)
                              /tmp/ch.elf.W9bGgI.ltrans0.ltrans.o (memcmp)
/opt/gcc-arm-none-eabi-10-2020-q4-major/bin/../lib/gcc/arm-none-eabi/10.2.1/../../../../arm-none-eabi/lib/thumb/v8-m.main/nofp/libg.a(lib_a-memcpy.o)
                              /tmp/ch.elf.W9bGgI.ltrans1.ltrans.o (memcpy)
/opt/gcc-arm-none-eabi-10-2020-q4-major/bin/../lib/gcc/arm-none-eabi/10.2.1/../../../../arm-none-eabi/lib/thumb/v8-m.main/nofp/libg.a(lib_a-memset.o)
                              /tmp/ch.elf.W9bGgI.ltrans0.ltrans.o (memset)
/opt/gcc-arm-none-eabi-10-2020-q4-major/bin/../lib/gcc/arm-none-eabi/10.2.1/../../../../arm-none-eabi/lib/thumb/v8-m.main/nofp/libg.a(lib_a-strchr.o)
                              /tmp/ch.elf.W9bGgI.ltrans0.ltrans.o (strchr)
/opt/gcc-arm-none-eabi-10-2020-q4-major/bin/../lib/gcc/arm-none-eabi/10.2.1/../../../../arm-none-eabi/lib/thumb/v8-m.main/nofp/libg.a(lib_a-strcmp.o)
                              /tmp/ch.elf.W9bGgI.ltrans0.ltrans.o (strcmp)
/opt/gcc-arm-none-eabi-10-2020-q4-major/bin/../lib/gcc/arm-none-eabi/10.2.1/../../../../arm-none-eabi/lib/thumb/v8-m.main/nofp/libg.a(lib_a-strncmp.o)
                              /tmp/ch.elf.W9bGgI.ltrans0.ltrans.o (strncmp)
/opt/gcc-arm-none-eabi-10-2020-q4-major/bin/../lib/gcc/arm-none-eabi/10.2.1/../../../../arm-none-eabi/lib/thumb/v8-m.main/nofp/libg.a(lib_a-strpbrk.o)
                              /tmp/ch.elf.W9bGgI.ltrans0.ltrans.o (strpbrk)
/opt/gcc-arm-none-eabi-10-2020-q4-major/bin/../lib/gcc/arm-none-eabi/10.2.1/../../../../arm-none-eabi/lib/thumb/v8-m.main/nofp/libg.a(lib_a-strspn.o)
                              /tmp/ch.elf.W9bGgI.ltrans0.ltrans.o (strspn)

Discarded input sections

 .data          0x0000000000000000        0x0 ./build/obj/crt0_v8m-ml.o
 .bss           0x0000000000000000        0x0 ./build/obj/crt0_v8m-ml.o
 .data          0x0000000000000000        0x0 ./build/obj/vectors.o
 .bss           0x0000000000000000        0x0 ./build/obj/vectors.o
 .data          0x0000000000000000        0x0 ./build/obj/chcoreasm.o
 .bss           0x0000000000000000        0x0 ./build/obj/chcoreasm.o
 .text          0x0000000000000000        0x0 /tmp/ch.elf.W9bGgI.ltrans0.ltrans.o
 .data          0x0000000000000000        0x0 /tmp/ch.elf.W9bGgI.ltrans0.ltrans.o
 .bss           0x0000000000000000        0x0 /tmp/ch.elf.W9bGgI.ltrans0.ltrans.o
 .text          0x0000000000000000        0x0 /tmp/ch.elf.W9bGgI.ltrans1.ltrans.o
 .data          0x0000000000000000        0x0 /tmp/ch.elf.W9bGgI.ltrans1.ltrans.o
 .bss           0x0000000000000000        0x0 /tmp/ch.elf.W9bGgI.ltrans1.ltrans.o
 .comment       0x0000000000000000       0x4e /tmp/ccOGGuXR.debug.temp.o
 .debug_info    0x0000000000000000      0x13e /tmp/ccKycJWk.debug.temp.o
 .debug_abbrev  0x0000000000000000       0xda /tmp/ccKycJWk.debug.temp.o
 .debug_line    0x0000000000000000       0x82 /tmp/ccKycJWk.debug.temp.o
 .debug_str     0x0000000000000000      0x226 /tmp/ccKycJWk.debug.temp.o
 .comment       0x0000000000000000       0x4e /tmp/ccKycJWk.debug.temp.o
 .comment       0x0000000000000000       0x4e /tmp/ccRtut1X.debug.temp.o
 .comment       0x0000000000000000       0x4e /tmp/ccUWrLFc.debug.temp.o
 .debug_info    0x0000000000000000      0xb9d /tmp/ccUMLoKm.debug.temp.o
 .debug_abbrev  0x0000000000000000      0x1cd /tmp/ccUMLoKm.debug.temp.o
 .debug_line    0x0000000000000000      0x29b /tmp/ccUMLoKm.debug.temp.o
 .debug_str     0x0000000000000000      0x75c /tmp/ccUMLoKm.debug.temp.o
 .comment       0x0000000000000000       0x4e /tmp/ccUMLoKm.debug.temp.o
 .debug_info    0x0000000000000000      0xc22 /tmp/ccq8Qin1.debug.temp.o
 .debug_abbrev  0x0000000000000000      0x202 /tmp/ccq8Qin1.debug.temp.o
 .debug_line    0x0000000000000000      0x286 /tmp/ccq8Qin1.debug.temp.o
 .debug_str     0x0000000000000000      0x7c8 /tmp/ccq8Qin1.debug.temp.o
 .comment       0x0000000000000000       0x4e /tmp/ccq8Qin1.debug.temp.o
 .debug_info    0x0000000000000000      0xaf8 /tmp/ccnFYpld.debug.temp.o
 .debug_abbrev  0x0000000000000000      0x204 /tmp/ccnFYpld.debug.temp.o
 .debug_line    0x0000000000000000      0x284 /tmp/ccnFYpld.debug.temp.o
 .debug_str     0x0000000000000000      0x6b6 /tmp/ccnFYpld.debug.temp.o
 .comment       0x0000000000000000       0x4e /tmp/ccnFYpld.debug.temp.o
 .debug_info    0x0000000000000000       0x79 /tmp/cc5jQ80J.debug.temp.o
 .debug_abbrev  0x0000000000000000       0x26 /tmp/cc5jQ80J.debug.temp.o
 .debug_line    0x0000000000000000       0x1e /tmp/cc5jQ80J.debug.temp.o
[...]
Memory Configuration

Name             Origin             Length             Attributes
flash0           0x0000000000000000 0x0000000000004000 xr
flash1           0x0000000010000000 0x0000000001000000 xr
flash2           0x0000000000000000 0x0000000000000000 xr
flash3           0x0000000000000000 0x0000000000000000 xr
flash4           0x0000000000000000 0x0000000000000000 xr
flash5           0x0000000000000000 0x0000000000000000 xr
flash6           0x0000000000000000 0x0000000000000000 xr
flash7           0x0000000000000000 0x0000000000000000 xr
ram0             0x0000000020000000 0x0000000000040000 xw
ram1             0x0000000000000000 0x0000000000040000 xw
ram2             0x0000000000000000 0x0000000000000000 xw
ram3             0x0000000000000000 0x0000000000000000 xw
ram4             0x0000000020040000 0x0000000000001000 xw
ram5             0x0000000020041000 0x0000000000001000 xw
ram6             0x0000000000000000 0x0000000000000000 xw
ram7             0x0000000020041f00 0x0000000000000100 xw
*default*        0x0000000000000000 0xffffffffffffffff

Linker script and memory map

LOAD ./build/obj/crt0_v8m-ml.o
LOAD ./build/obj/vectors.o
LOAD ./build/obj/chcoreasm.o
LOAD ./build/obj/crt1.o
LOAD /tmp/ch.elf.W9bGgI.ltrans0.ltrans.o
LOAD /tmp/ch.elf.W9bGgI.ltrans1.ltrans.o
LOAD /tmp/ccOGGuXR.debug.temp.o
LOAD /tmp/ccKycJWk.debug.temp.o
LOAD /tmp/ccRtut1X.debug.temp.o
LOAD /tmp/ccUWrLFc.debug.temp.o
LOAD /tmp/ccUMLoKm.debug.temp.o
LOAD /tmp/ccq8Qin1.debug.temp.o
LOAD /tmp/ccnFYpld.debug.temp.o
LOAD /tmp/cc5jQ80J.debug.temp.o
LOAD /tmp/ccMreeNR.debug.temp.o
LOAD /tmp/ccB1F8z3.debug.temp.o
LOAD /tmp/ccurBaee.debug.temp.o
LOAD /tmp/ccocPftj.debug.temp.o
LOAD /tmp/ccOZ8ee5.debug.temp.o
LOAD /tmp/cc9Qr2Id.debug.temp.o
LOAD /tmp/cczxJEHu.debug.temp.o
LOAD /tmp/ccFTFn8I.debug.temp.o
LOAD /tmp/ccxXeXan.debug.temp.o
LOAD /tmp/ccKvvxtB.debug.temp.o
LOAD /tmp/ccXeEkB6.debug.temp.o
LOAD /tmp/ccmjRYGC.debug.temp.o
LOAD /tmp/ccIgpDj5.debug.temp.o
LOAD /tmp/cc85CUsn.debug.temp.o
LOAD /tmp/ccHSpS0j.debug.temp.o
LOAD /tmp/ccm3Iuwm.debug.temp.o
LOAD /tmp/cc75kAup.debug.temp.o
LOAD /tmp/ccbyEtWC.debug.temp.o
LOAD /tmp/cc5Z0LcR.debug.temp.o
LOAD /tmp/ccsOk6mE.debug.temp.o
LOAD /tmp/ccDrWss3.debug.temp.o
LOAD /tmp/ccl5hSbW.debug.temp.o
LOAD /tmp/ccd9hlF1.debug.temp.o
LOAD /tmp/ccRGqzvT.debug.temp.o
LOAD /tmp/ccgtTD8Q.debug.temp.o
LOAD /tmp/ccycObLR.debug.temp.o
LOAD /tmp/cctbIv2k.debug.temp.o
LOAD /tmp/cccXfTYQ.debug.temp.o
LOAD /tmp/ccaB9COD.debug.temp.o
LOAD /tmp/cccjbGQq.debug.temp.o
LOAD /tmp/cc5ES0hM.debug.temp.o
LOAD /tmp/ccGnO851.debug.temp.o
LOAD /tmp/ccVM9i4P.debug.temp.o
LOAD /tmp/ccewgqAE.debug.temp.o
LOAD /tmp/ccX5amWn.debug.temp.o
LOAD /tmp/ccG2DqvY.debug.temp.o
LOAD /tmp/ccUqbCFb.debug.temp.o
LOAD /tmp/cc6nVk2o.debug.temp.o
LOAD /tmp/ccxTu6X3.debug.temp.o
LOAD /tmp/ccBNsF0Y.debug.temp.o
LOAD /tmp/ccMYLwBO.debug.temp.o
LOAD /tmp/ccI7PgoH.debug.temp.o
LOAD /tmp/ccHGwjHG.debug.temp.o
LOAD /tmp/ccEbi7c3.debug.temp.o
LOAD /tmp/ccZwRj1W.debug.temp.o
LOAD /tmp/cc1lTuiJ.debug.temp.o
LOAD /tmp/ccBSCmbX.debug.temp.o
LOAD /tmp/ccv4N0b0.debug.temp.o
LOAD /tmp/ccYNY37e.debug.temp.o
LOAD /tmp/ccDTTh7l.debug.temp.o
LOAD /tmp/ccOCwkx9.debug.temp.o
LOAD /tmp/ccqnU4OR.debug.temp.o
LOAD /tmp/ccu17LrW.debug.temp.o
LOAD /tmp/cc0V1PCJ.debug.temp.o
LOAD /tmp/cc29xV2e.debug.temp.o
LOAD /tmp/ccIqBeIt.debug.temp.o
LOAD /tmp/ccHmGFgb.debug.temp.o
LOAD /tmp/cc7KZYzA.debug.temp.o
LOAD /tmp/ccMCrgDb.debug.temp.o
LOAD /tmp/ccFDjUgu.debug.temp.o
LOAD /tmp/ccHOzSq3.debug.temp.o
LOAD /tmp/cc9HixCd.debug.temp.o
LOAD /tmp/ccsQOynh.debug.temp.o
LOAD /tmp/cchcj9ZH.debug.temp.o
LOAD /tmp/ccN5djKu.debug.temp.o
LOAD /tmp/ccZJZIMr.debug.temp.o
LOAD /tmp/ccUDW5r1.debug.temp.o
LOAD /tmp/cc1khwmT.debug.temp.o
LOAD /tmp/ccsRoofi.debug.temp.o
LOAD /tmp/cco7uvOF.debug.temp.o
LOAD /tmp/cc4YcFI7.debug.temp.o
LOAD /tmp/ccXzKfaD.debug.temp.o
LOAD /tmp/ccWzHLiC.debug.temp.o
LOAD /tmp/ccnbOnO0.debug.temp.o
LOAD /tmp/ccB0zlKi.debug.temp.o
LOAD /tmp/ccOBEPnU.debug.temp.o
LOAD /tmp/ccCXmVnJ.debug.temp.o
LOAD /tmp/ccrNDx5F.debug.temp.o
LOAD /tmp/cc3xbRcC.debug.temp.o
LOAD ./build/obj/oop_base_object.o
LOAD ./build/obj/hal.o
LOAD ./build/obj/hal_st.o
LOAD ./build/obj/hal_buffered_serial.o
LOAD ./build/obj/hal_buffers.o
LOAD ./build/obj/hal_queues.o
LOAD ./build/obj/hal_mmcsd.o
LOAD ./build/obj/hal_pal.o
LOAD ./build/obj/hal_sio.o
LOAD ./build/obj/hal_flash.o
LOAD ./build/obj/nvic.o
LOAD ./build/obj/rp_isr.o
LOAD ./build/obj/hal_lld.o
LOAD ./build/obj/rp_dma.o
LOAD ./build/obj/hal_pal_lld.o
LOAD ./build/obj/hal_spi_lld.o
LOAD ./build/obj/hal_st_lld.o
LOAD ./build/obj/hal_sio_lld.o
LOAD ./build/obj/board.o
LOAD ./build/obj/osal.o
LOAD ./build/obj/chsys.o
LOAD ./build/obj/chrfcu.o
LOAD ./build/obj/chdebug.o
LOAD ./build/obj/chtrace.o
LOAD ./build/obj/chvt.o
LOAD ./build/obj/chschd.o
LOAD ./build/obj/chinstances.o
LOAD ./build/obj/chthreads.o
LOAD ./build/obj/chtm.o
LOAD ./build/obj/chregistry.o
LOAD ./build/obj/chsem.o
LOAD ./build/obj/chmtx.o
LOAD ./build/obj/chcond.o
LOAD ./build/obj/chevents.o
LOAD ./build/obj/chmsg.o
LOAD ./build/obj/chdynamic.o
LOAD ./build/obj/chmemchecks.o
LOAD ./build/obj/chmboxes.o
LOAD ./build/obj/chmemcore.o
LOAD ./build/obj/chmemheaps.o
LOAD ./build/obj/chmempools.o
LOAD ./build/obj/chpipes.o
LOAD ./build/obj/chobjcaches.o
LOAD ./build/obj/chdelegates.o
LOAD ./build/obj/chfactory.o
LOAD ./build/obj/chcore.o
LOAD ./build/obj/clocks.o
LOAD ./build/obj/stdio.o
LOAD ./build/obj/gpio.o
LOAD ./build/obj/pll.o
LOAD ./build/obj/watchdog.o
LOAD ./build/obj/xosc.o
LOAD ./build/obj/chprintf.o
LOAD ./build/obj/chscanf.o
LOAD ./build/obj/memstreams.o
LOAD ./build/obj/nullstreams.o
LOAD ./build/obj/bufstreams.o
LOAD ./build/obj/shell.o
LOAD ./build/obj/shell_cmd.o
LOAD ./build/obj/ch_test.o
LOAD ./build/obj/ch_test_printf.o
LOAD ./build/obj/rt_test_root.o
LOAD ./build/obj/rt_test_sequence_001.o
LOAD ./build/obj/rt_test_sequence_002.o
LOAD ./build/obj/rt_test_sequence_003.o
LOAD ./build/obj/rt_test_sequence_004.o
LOAD ./build/obj/rt_test_sequence_005.o
LOAD ./build/obj/rt_test_sequence_006.o
LOAD ./build/obj/rt_test_sequence_007.o
LOAD ./build/obj/rt_test_sequence_008.o
LOAD ./build/obj/rt_test_sequence_009.o
LOAD ./build/obj/rt_test_sequence_010.o
LOAD ./build/obj/rt_test_sequence_011.o
LOAD ./build/obj/rt_test_sequence_012.o
LOAD ./build/obj/oslib_test_root.o
LOAD ./build/obj/oslib_test_sequence_001.o
LOAD ./build/obj/oslib_test_sequence_002.o
LOAD ./build/obj/oslib_test_sequence_003.o
LOAD ./build/obj/oslib_test_sequence_004.o
LOAD ./build/obj/oslib_test_sequence_005.o
LOAD ./build/obj/oslib_test_sequence_006.o
LOAD ./build/obj/oslib_test_sequence_007.o
LOAD ./build/obj/oslib_test_sequence_008.o
LOAD ./build/obj/oslib_test_sequence_009.o
LOAD ./build/obj/main.o
LOAD ./build/obj/c1_main.o

.mstack         0x0000000020040000      0x200
                0x0000000020040000                . = ALIGN (0x8)
                0x0000000020040000                __main_stack_base__ = .
                0x0000000020040200                . = (. + __main_stack_size__)
 *fill*         0x0000000020040000      0x200 
                0x0000000020040200                . = ALIGN (0x8)
                0x0000000020040200                __main_stack_end__ = .

.pstack         0x0000000020040200      0x200
                0x0000000020040200                . = ALIGN (0x8)
                0x0000000020040200                __process_stack_base__ = .
                0x0000000020040200                __main_thread_stack_base__ = .
                0x0000000020040400                . = (. + __process_stack_size__)
 *fill*         0x0000000020040200      0x200 
                0x0000000020040400                . = ALIGN (0x8)
                0x0000000020040400                __process_stack_end__ = .
                0x0000000020040400                __main_thread_stack_end__ = .
                0x0000000000000200                __c1_main_stack_size__ = __main_stack_size__
                0x0000000000000200                __c1_process_stack_size__ = __process_stack_size__

.c1_mstack      0x0000000020041000      0x200
                0x0000000020041000                . = ALIGN (0x8)
                0x0000000020041000                __c1_main_stack_base__ = .
                0x0000000020041200                . = (. + __c1_main_stack_size__)
 *fill*         0x0000000020041000      0x200 
                0x0000000020041200                . = ALIGN (0x8)
                0x0000000020041200                __c1_main_stack_end__ = .

.c1_pstack      0x0000000020041200      0x200
                0x0000000020041200                . = ALIGN (0x8)
                0x0000000020041200                __c1_process_stack_base__ = .
                0x0000000020041200                __c1_main_thread_stack_base__ = .
                0x0000000020041400                . = (. + __c1_process_stack_size__)
 *fill*         0x0000000020041200      0x200 
                0x0000000020041400                . = ALIGN (0x8)
                0x0000000020041400                __c1_process_stack_end__ = .
                0x0000000020041400                __c1_main_thread_stack_end__ = .

.vectors        0x0000000020000000       0xc0
                0x0000000020000000                __textvectors_base__ = LOADADDR (.vectors)
                0x0000000020000000                __vectors_base__ = .
 *(.vectors)
 .vectors       0x0000000020000000       0xc0 ./build/obj/vectors.o
                0x0000000020000000                _vectors
                0x00000000200000c0                __vectors_end__ = .

.xtors          0x00000000200000c0        0x0
                0x00000000200000c0                __init_array_base__ = .
 *(SORT_BY_NAME(.init_array.*))
 *(.init_array)
                0x00000000200000c0                __init_array_end__ = .
                0x00000000200000c0                __fini_array_base__ = .
 *(.fini_array)
 *(SORT_BY_NAME(.fini_array.*))
                0x00000000200000c0                __fini_array_end__ = .

.text           0x00000000200000c0     0xd96c
                0x00000000200000c0                __text_base__ = .
 *(.text)
 .text          0x00000000200000c0      0x14c ./build/obj/crt0_v8m-ml.o
                0x00000000200000c0                _crt0_entry
                0x0000000020000168                _crt0_c1_entry
 .text          0x000000002000020c        0x8 ./build/obj/vectors.o
                0x000000002000020c                Reset_Handler
                0x000000002000020e                Vector58
                0x000000002000020e                Vector9C
                0x000000002000020e                VectorAC
                0x000000002000020e                DebugMon_Handler
                0x000000002000020e                Vector5C
                0x000000002000020e                HardFault_Handler
                0x000000002000020e                Vector8C
                0x000000002000020e                SysTick_Handler
                0x000000002000020e                PendSV_Handler
                0x000000002000020e                VectorA8
                0x000000002000020e                VectorB4
                0x000000002000020e                Vector74
                0x000000002000020e                UsageFault_Handler
                0x000000002000020e                VectorBC
                0x000000002000020e                Vector64
                0x000000002000020e                Vector54
                0x000000002000020e                Vector98
                0x000000002000020e                Vector24
                0x000000002000020e                Vector84
                0x000000002000020e                SecureFault_Handler
                0x000000002000020e                MemManage_Handler
                0x000000002000020e                Vector6C
                0x000000002000020e                VectorA0
                0x000000002000020e                SVC_Handler
                0x000000002000020e                VectorB0
                0x000000002000020e                Vector60
                0x000000002000020e                Vector70
                0x000000002000020e                Vector68
                0x000000002000020e                Vector78
                0x000000002000020e                Vector88
                0x000000002000020e                BusFault_Handler
                0x000000002000020e                Vector50
                0x000000002000020e                Vector28
                0x000000002000020e                VectorB8
                0x000000002000020e                Vector34
                0x000000002000020e                VectorA4
                0x000000002000020e                Vector20
                0x0000000020000212                _unhandled_exception
 .text          0x0000000020000214       0x48 ./build/obj/chcoreasm.o
                0x0000000020000214                __port_switch
                0x0000000020000234                __port_thread_start
                0x0000000020000246                __port_switch_from_isr
                0x000000002000024a                __port_exit_from_isr
 .text          0x000000002000025c       0xec /opt/gcc-arm-none-eabi-10-2020-q4-major/bin/../lib/gcc/arm-none-eabi/10.2.1/../../../../arm-none-eabi/lib/thumb/v8-m.main/nofp/libg.a(lib_a-memcpy.o)
                0x000000002000025c                memcpy
 .text          0x0000000020000348      0x1bc /opt/gcc-arm-none-eabi-10-2020-q4-major/bin/../lib/gcc/arm-none-eabi/10.2.1/../../../../arm-none-eabi/lib/thumb/v8-m.main/nofp/libg.a(lib_a-strcmp.o)
                0x0000000020000348                strcmp
 *(.text.*)
 *fill*         0x0000000020000504        0xc 
 .text.__ctl.lto_priv.0
                0x0000000020000510        0xc /tmp/ch.elf.W9bGgI.ltrans0.ltrans.o
                0x0000000020000510                __ctl.lto_priv.0
 *fill*         0x000000002000051c        0x4 
 .text.chSysGetStatusAndLockX
                0x0000000020000520       0x3c /tmp/ch.elf.W9bGgI.ltrans0.ltrans.o
 *fill*         0x000000002000055c        0x4 
 .text.__idle_thread
                0x0000000020000560        0x4 /tmp/ch.elf.W9bGgI.ltrans0.ltrans.o
 *fill*         0x0000000020000564        0xc 
 .text.chThdRelease
                0x0000000020000570       0x48 /tmp/ch.elf.W9bGgI.ltrans0.ltrans.o
 *fill*         0x00000000200005b8        0x8 
 .text.thd_poolfree.lto_priv.0
                0x00000000200005c0       0x28 /tmp/ch.elf.W9bGgI.ltrans0.ltrans.o
                0x00000000200005c0                thd_poolfree.lto_priv.0
 *fill*         0x00000000200005e8        0x8 
 .text.chCoreAllocFromTop
                0x00000000200005f0       0x48 /tmp/ch.elf.W9bGgI.ltrans0.ltrans.o
                0x00000000200005f0                chCoreAllocFromTop
 *fill*         0x0000000020000638        0x8 
 .text.__ch_delegate_fn0
                0x0000000020000640        0xc /tmp/ch.elf.W9bGgI.ltrans0.ltrans.o
                0x0000000020000640                __ch_delegate_fn0
 *fill*         0x000000002000064c        0x4 
 .text.__ch_delegate_fn1
                0x0000000020000650       0x14 /tmp/ch.elf.W9bGgI.ltrans0.ltrans.o
                0x0000000020000650                __ch_delegate_fn1
 *fill*         0x0000000020000664        0xc 
 .text.__ch_delegate_fn2
                0x0000000020000670       0x1c /tmp/ch.elf.W9bGgI.ltrans0.ltrans.o
                0x0000000020000670                __ch_delegate_fn2
 *fill*         0x000000002000068c        0x4 
 .text.__ch_delegate_fn3
                0x0000000020000690       0x20 /tmp/ch.elf.W9bGgI.ltrans0.ltrans.o
                0x0000000020000690                __ch_delegate_fn3
 .text.__ch_delegate_fn4
                0x00000000200006b0       0x24 /tmp/ch.elf.W9bGgI.ltrans0.ltrans.o
                0x00000000200006b0                __ch_delegate_fn4
 *fill*         0x00000000200006d4        0xc 
 .text.chCoreAllocAlignedI.lto_priv.0
                0x00000000200006e0       0x20 /tmp/ch.elf.W9bGgI.ltrans0.ltrans.o
                0x00000000200006e0                chCoreAllocAlignedI.lto_priv.0
 .text.__port_irq_epilogue.part.0
                0x0000000020000700       0x58 /tmp/ch.elf.W9bGgI.ltrans0.ltrans.o
 *fill*         0x0000000020000758        0x8 
 .text.test_stream_putchar
                0x0000000020000760       0x18 /tmp/ch.elf.W9bGgI.ltrans0.ltrans.o
 *fill*         0x0000000020000778        0x8 
 .text.test_terminate_threads
                0x0000000020000780       0x3c /tmp/ch.elf.W9bGgI.ltrans0.ltrans.o
 *fill*         0x00000000200007bc        0x4 
 .text.rt_test_002_001_execute
                0x00000000200007c0      0x1a0 /tmp/ch.elf.W9bGgI.ltrans0.ltrans.o
 .text.rt_test_002_003_execute
                0x0000000020000960       0x14 /tmp/ch.elf.W9bGgI.ltrans0.ltrans.o
 *fill*         0x0000000020000974        0xc 
 .text.rt_test_003_001_execute
                0x0000000020000980       0x1c /tmp/ch.elf.W9bGgI.ltrans0.ltrans.o
 *fill*         0x000000002000099c        0x4 
 .text.rt_test_003_002_execute
                0x00000000200009a0        0xc /tmp/ch.elf.W9bGgI.ltrans0.ltrans.o
 *fill*         0x00000000200009ac        0x4 
 .text.thread   0x00000000200009b0       0x1c /tmp/ch.elf.W9bGgI.ltrans0.ltrans.o
 *fill*         0x00000000200009cc        0x4 
 .text.rt_test_006_001_setup
                0x00000000200009d0        0xc /tmp/ch.elf.W9bGgI.ltrans0.ltrans.o
 *fill*         0x00000000200009dc        0x4 
 .text.rt_test_007_001_setup
                0x00000000200009e0       0x10 /tmp/ch.elf.W9bGgI.ltrans0.ltrans.o
 .text.rt_test_007_005_setup
                0x00000000200009f0       0x10 /tmp/ch.elf.W9bGgI.ltrans0.ltrans.o
 .text.rt_test_007_002_setup
                0x0000000020000a00       0x10 /tmp/ch.elf.W9bGgI.ltrans0.ltrans.o
 .text.rt_test_007_003_setup
                0x0000000020000a10       0x10 /tmp/ch.elf.W9bGgI.ltrans0.ltrans.o
 .text.rt_test_007_004_setup
                0x0000000020000a20       0x10 /tmp/ch.elf.W9bGgI.ltrans0.ltrans.o
 .text.rt_test_008_005_setup
                0x0000000020000a30       0x10 /tmp/ch.elf.W9bGgI.ltrans0.ltrans.o
 .text.rt_test_008_001_setup
                0x0000000020000a40       0x10 /tmp/ch.elf.W9bGgI.ltrans0.ltrans.o
 .text.rt_test_008_004_setup
                0x0000000020000a50       0x1c /tmp/ch.elf.W9bGgI.ltrans0.ltrans.o
 *fill*         0x0000000020000a6c        0x4 
 .text.rt_test_008_008_setup
                0x0000000020000a70       0x1c /tmp/ch.elf.W9bGgI.ltrans0.ltrans.o
 *fill*         0x0000000020000a8c        0x4 
 .text.rt_test_008_007_setup
                0x0000000020000a90       0x1c /tmp/ch.elf.W9bGgI.ltrans0.ltrans.o
 *fill*         0x0000000020000aac        0x4 
 .text.rt_test_008_009_setup
                0x0000000020000ab0       0x28 /tmp/ch.elf.W9bGgI.ltrans0.ltrans.o
 *fill*         0x0000000020000ad8        0x8 
 .text.h1       0x0000000020000ae0       0x1c /tmp/ch.elf.W9bGgI.ltrans0.ltrans.o
 *fill*         0x0000000020000afc        0x4 
 .text.h2       0x0000000020000b00       0x1c /tmp/ch.elf.W9bGgI.ltrans0.ltrans.o
 *fill*         0x0000000020000b1c        0x4 
 .text.h3       0x0000000020000b20       0x1c /tmp/ch.elf.W9bGgI.ltrans0.ltrans.o
 *fill*         0x0000000020000b3c        0x4 
 .text.rt_test_010_001_execute
                0x0000000020000b40      0x19c /tmp/ch.elf.W9bGgI.ltrans0.ltrans.o
 *fill*         0x0000000020000cdc        0x4 
 .text.rt_test_010_002_setup
                0x0000000020000ce0       0x34 /tmp/ch.elf.W9bGgI.ltrans0.ltrans.o
 *fill*         0x0000000020000d14        0xc 
 .text.rt_test_010_003_setup
                0x0000000020000d20       0x34 /tmp/ch.elf.W9bGgI.ltrans0.ltrans.o
 *fill*         0x0000000020000d54        0xc 
 .text.rt_test_010_004_setup
                0x0000000020000d60       0x34 /tmp/ch.elf.W9bGgI.ltrans0.ltrans.o
 *fill*         0x0000000020000d94        0xc 
 .text.rt_test_010_005_setup
                0x0000000020000da0       0x34 /tmp/ch.elf.W9bGgI.ltrans0.ltrans.o
 *fill*         0x0000000020000dd4        0xc 
 .text.rt_test_010_006_setup
                0x0000000020000de0       0x34 /tmp/ch.elf.W9bGgI.ltrans0.ltrans.o
 *fill*         0x0000000020000e14        0xc 
 .text.rt_test_010_007_setup
                0x0000000020000e20       0x44 /tmp/ch.elf.W9bGgI.ltrans0.ltrans.o
 *fill*         0x0000000020000e64        0xc 
 .text.dyn_thread1
                0x0000000020000e70       0x1c /tmp/ch.elf.W9bGgI.ltrans0.ltrans.o
                0x0000000020000e70                dyn_thread1.lto_priv.0
 *fill*         0x0000000020000e8c        0x4 
 .text.rt_test_011_001_setup
                0x0000000020000e90       0x3c /tmp/ch.elf.W9bGgI.ltrans0.ltrans.o
 *fill*         0x0000000020000ecc        0x4 
 .text.rt_test_011_002_setup
                0x0000000020000ed0       0x18 /tmp/ch.elf.W9bGgI.ltrans0.ltrans.o
 *fill*         0x0000000020000ee8        0x8 
 .text.tmo      0x0000000020000ef0        0x4 /tmp/ch.elf.W9bGgI.ltrans0.ltrans.o
 *fill*         0x0000000020000ef4        0xc 
 .text.rt_test_012_007_setup
                0x0000000020000f00       0x10 /tmp/ch.elf.W9bGgI.ltrans0.ltrans.o
 .text.rt_test_012_010_setup
                0x0000000020000f10       0x10 /tmp/ch.elf.W9bGgI.ltrans0.ltrans.o
 .text.rt_test_012_011_setup
                0x0000000020000f20       0x10 /tmp/ch.elf.W9bGgI.ltrans0.ltrans.o
 .text.oslib_test_002_003_setup
                0x0000000020000f30       0x34 /tmp/ch.elf.W9bGgI.ltrans0.ltrans.o
 *fill*         0x0000000020000f64        0xc 
 .text.oslib_test_002_001_setup
                0x0000000020000f70       0x34 /tmp/ch.elf.W9bGgI.ltrans0.ltrans.o
 *fill*         0x0000000020000fa4        0xc 
 .text.oslib_test_002_002_setup
                0x0000000020000fb0       0x34 /tmp/ch.elf.W9bGgI.ltrans0.ltrans.o
 *fill*         0x0000000020000fe4        0xc 
 .text.oslib_test_003_001_setup
                0x0000000020000ff0       0x48 /tmp/ch.elf.W9bGgI.ltrans0.ltrans.o
 *fill*         0x0000000020001038        0x8 
 .text.vt_set_alarm
                0x0000000020001040       0x70 /tmp/ch.elf.W9bGgI.ltrans0.ltrans.o
 .text.vt_insert_first
                0x00000000200010b0       0x98 /tmp/ch.elf.W9bGgI.ltrans0.ltrans.o
 *fill*         0x0000000020001148        0x8 
 .text.chVTDoTickI
                0x0000000020001150      0x128 /tmp/ch.elf.W9bGgI.ltrans0.ltrans.o
 *fill*         0x0000000020001278        0x8 
 .text.__sch_wakeup.lto_priv.0
                0x0000000020001280       0x88 /tmp/ch.elf.W9bGgI.ltrans0.ltrans.o
                0x0000000020001280                __sch_wakeup.lto_priv.0
 *fill*         0x0000000020001308        0x8 
 .text.chThdYield
                0x0000000020001310       0x88 /tmp/ch.elf.W9bGgI.ltrans0.ltrans.o
 *fill*         0x0000000020001398        0x8 
 .text.bmk_thread8
                0x00000000200013a0       0x38 /tmp/ch.elf.W9bGgI.ltrans0.ltrans.o
 *fill*         0x00000000200013d8        0x8 
 .text.bmk_thread4
                0x00000000200013e0       0x64 /tmp/ch.elf.W9bGgI.ltrans0.ltrans.o
 *fill*         0x0000000020001444        0xc 
 .text.chprintf
                0x0000000020001450      0x440 /tmp/ch.elf.W9bGgI.ltrans0.ltrans.o
 .text.cmd_info
                0x0000000020001890       0xbc /tmp/ch.elf.W9bGgI.ltrans0.ltrans.o
 *fill*         0x000000002000194c        0x4 
 .text.cmd_echo
                0x0000000020001950       0x20 /tmp/ch.elf.W9bGgI.ltrans0.ltrans.o
 .text.cmd_systime
                0x0000000020001970       0x28 /tmp/ch.elf.W9bGgI.ltrans0.ltrans.o
 *fill*         0x0000000020001998        0x8 
 .text.cmd_threads
                0x00000000200019a0       0xf8 /tmp/ch.elf.W9bGgI.ltrans0.ltrans.o
 *fill*         0x0000000020001a98        0x8 
 .text.parse_arguments
                0x0000000020001aa0       0x54 /tmp/ch.elf.W9bGgI.ltrans0.ltrans.o
 *fill*         0x0000000020001af4        0xc 
 .text.test_rt  0x0000000020001b00       0x1c /tmp/ch.elf.W9bGgI.ltrans0.ltrans.o
 *fill*         0x0000000020001b1c        0x4 
 .text.test_oslib
                0x0000000020001b20       0x1c /tmp/ch.elf.W9bGgI.ltrans0.ltrans.o
 *fill*         0x0000000020001b3c        0x4 
 .text.rt_test_007_001_teardown
                0x0000000020001b40        0xc /tmp/ch.elf.W9bGgI.ltrans0.ltrans.o
 *fill*         0x0000000020001b4c        0x4 
 .text.rt_test_010_006_execute
                0x0000000020001b50       0x54 /tmp/ch.elf.W9bGgI.ltrans0.ltrans.o
 *fill*         0x0000000020001ba4        0xc 
 .text.__cpu_init
                0x0000000020001bb0        0x4 /tmp/ch.elf.W9bGgI.ltrans0.ltrans.o
                0x0000000020001bb0                __cpu_init
 *fill*         0x0000000020001bb4        0xc 
 .text.__late_init
                0x0000000020001bc0        0x4 /tmp/ch.elf.W9bGgI.ltrans0.ltrans.o
                0x0000000020001bc0                __late_init
 *fill*         0x0000000020001bc4        0xc 
 .text.__default_exit
                0x0000000020001bd0        0x4 /tmp/ch.elf.W9bGgI.ltrans0.ltrans.o
                0x0000000020001bd0                __default_exit
 *fill*         0x0000000020001bd4        0xc 
 .text.__c1_cpu_init
                0x0000000020001be0        0x4 /tmp/ch.elf.W9bGgI.ltrans0.ltrans.o
                0x0000000020001be0                __c1_cpu_init
 *fill*         0x0000000020001be4        0xc 
 .text.__c1_early_init
                0x0000000020001bf0        0x4 /tmp/ch.elf.W9bGgI.ltrans0.ltrans.o
                0x0000000020001bf0                __c1_early_init
 *fill*         0x0000000020001bf4        0xc 
 .text.__c1_late_init
                0x0000000020001c00        0x4 /tmp/ch.elf.W9bGgI.ltrans0.ltrans.o
                0x0000000020001c00                __c1_late_init
 *fill*         0x0000000020001c04        0xc 
 .text.__c1_default_exit
                0x0000000020001c10        0x4 /tmp/ch.elf.W9bGgI.ltrans0.ltrans.o
                0x0000000020001c10                __c1_default_exit
 *fill*         0x0000000020001c14        0xc 
 .text.__init_ram_areas
                0x0000000020001c20       0x6c /tmp/ch.elf.W9bGgI.ltrans0.ltrans.o
                0x0000000020001c20                __init_ram_areas
 *fill*         0x0000000020001c8c        0x4 
 .text.irqInit  0x0000000020001c90        0x4 /tmp/ch.elf.W9bGgI.ltrans0.ltrans.o
                0x0000000020001c90                irqInit
                0x0000000020001c90                __early_init
 *fill*         0x0000000020001c94        0xc 
 .text.Vector40
                0x0000000020001ca0       0x3c /tmp/ch.elf.W9bGgI.ltrans0.ltrans.o
                0x0000000020001ca0                Vector40
 *fill*         0x0000000020001cdc        0x4 
 .text.Vector44
                0x0000000020001ce0       0x3c /tmp/ch.elf.W9bGgI.ltrans0.ltrans.o
                0x0000000020001ce0                Vector44
 *fill*         0x0000000020001d1c        0x4 
 .text.Vector48
                0x0000000020001d20       0x2c /tmp/ch.elf.W9bGgI.ltrans0.ltrans.o
                0x0000000020001d20                Vector48
 *fill*         0x0000000020001d4c        0x4 
 .text.Vector4C
                0x0000000020001d50       0x2c /tmp/ch.elf.W9bGgI.ltrans0.ltrans.o
                0x0000000020001d50                Vector4C
 *fill*         0x0000000020001d7c        0x4 
 .text.chVTDoSetI
                0x0000000020001d80       0x8c /tmp/ch.elf.W9bGgI.ltrans0.ltrans.o
                0x0000000020001d80                chVTDoSetI
 *fill*         0x0000000020001e0c        0x4 
 .text.chVTDoResetI
                0x0000000020001e10       0x8c /tmp/ch.elf.W9bGgI.ltrans0.ltrans.o
                0x0000000020001e10                chVTDoResetI
 *fill*         0x0000000020001e9c        0x4 
 .text.__sch_reschedule_ahead.lto_priv.0
                0x0000000020001ea0       0x48 /tmp/ch.elf.W9bGgI.ltrans0.ltrans.o
                0x0000000020001ea0                chSchDoPreemption
                0x0000000020001ea0                __sch_reschedule_ahead.lto_priv.0
 *fill*         0x0000000020001ee8        0x8 
 .text.chThdSetPriority
                0x0000000020001ef0       0x64 /tmp/ch.elf.W9bGgI.ltrans0.ltrans.o
 *fill*         0x0000000020001f54        0xc 
 .text.rt_test_005_003_execute
                0x0000000020001f60       0x8c /tmp/ch.elf.W9bGgI.ltrans0.ltrans.o
 *fill*         0x0000000020001fec        0x4 
 .text.rt_test_005_004_execute
                0x0000000020001ff0      0x128 /tmp/ch.elf.W9bGgI.ltrans0.ltrans.o
 *fill*         0x0000000020002118        0x8 
 .text.vtcb     0x0000000020002120       0x8c /tmp/ch.elf.W9bGgI.ltrans0.ltrans.o
 *fill*         0x00000000200021ac        0x4 
 .text.oslib_test_002_001_teardown
                0x00000000200021b0       0x48 /tmp/ch.elf.W9bGgI.ltrans0.ltrans.o
 *fill*         0x00000000200021f8        0x8 
 .text.oslib_test_002_002_teardown
                0x0000000020002200       0x48 /tmp/ch.elf.W9bGgI.ltrans0.ltrans.o
 *fill*         0x0000000020002248        0x8 
 .text.oslib_test_002_003_teardown
                0x0000000020002250       0x48 /tmp/ch.elf.W9bGgI.ltrans0.ltrans.o
 *fill*         0x0000000020002298        0x8 
 .text.chSchReadyI
                0x00000000200022a0       0x40 /tmp/ch.elf.W9bGgI.ltrans0.ltrans.o
                0x00000000200022a0                chSchReadyI
 .text.sio_lld_serve_interrupt
                0x00000000200022e0      0x150 /tmp/ch.elf.W9bGgI.ltrans0.ltrans.o
 .text.Vector90
                0x0000000020002430       0x1c /tmp/ch.elf.W9bGgI.ltrans0.ltrans.o
                0x0000000020002430                Vector90
 *fill*         0x000000002000244c        0x4 
 .text.Vector94
                0x0000000020002450       0x1c /tmp/ch.elf.W9bGgI.ltrans0.ltrans.o
                0x0000000020002450                Vector94
 *fill*         0x000000002000246c        0x4 
 .text.chMtxUnlockS
                0x0000000020002470       0x5c /tmp/ch.elf.W9bGgI.ltrans0.ltrans.o
 *fill*         0x00000000200024cc        0x4 
 .text.chMsgSend
                0x00000000200024d0       0x78 /tmp/ch.elf.W9bGgI.ltrans0.ltrans.o
 *fill*         0x0000000020002548        0x8 
 .text.msg_thread1
                0x0000000020002550       0x28 /tmp/ch.elf.W9bGgI.ltrans0.ltrans.o
 *fill*         0x0000000020002578        0x8 
 .text.thread1.lto_priv.0
                0x0000000020002580       0x74 /tmp/ch.elf.W9bGgI.ltrans0.ltrans.o
 *fill*         0x00000000200025f4        0xc 
 .text.thread2  0x0000000020002600       0xcc /tmp/ch.elf.W9bGgI.ltrans0.ltrans.o
 *fill*         0x00000000200026cc        0x4 
 .text.thread4  0x00000000200026d0       0x68 /tmp/ch.elf.W9bGgI.ltrans0.ltrans.o
 *fill*         0x0000000020002738        0x8 
 .text.chSchGoSleepTimeoutS
                0x0000000020002740       0x80 /tmp/ch.elf.W9bGgI.ltrans0.ltrans.o
                0x0000000020002740                chSchGoSleepTimeoutS
 .text.sioSynchronizeRX
                0x00000000200027c0       0x88 /tmp/ch.elf.W9bGgI.ltrans0.ltrans.o
 *fill*         0x0000000020002848        0x8 
 .text.sync_read
                0x0000000020002850       0x98 /tmp/ch.elf.W9bGgI.ltrans0.ltrans.o
 *fill*         0x00000000200028e8        0x8 
 .text.__read.lto_priv.0
                0x00000000200028f0        0x8 /tmp/ch.elf.W9bGgI.ltrans0.ltrans.o
                0x00000000200028f0                __read.lto_priv.0
 *fill*         0x00000000200028f8        0x8 
 .text.__readt.lto_priv.0
                0x0000000020002900        0x4 /tmp/ch.elf.W9bGgI.ltrans0.ltrans.o
                0x0000000020002900                __readt.lto_priv.0
 *fill*         0x0000000020002904        0xc 
 .text.__get.lto_priv.0
                0x0000000020002910       0x38 /tmp/ch.elf.W9bGgI.ltrans0.ltrans.o
                0x0000000020002910                __get.lto_priv.0
 *fill*         0x0000000020002948        0x8 
 .text.__gett.lto_priv.0
                0x0000000020002950       0x34 /tmp/ch.elf.W9bGgI.ltrans0.ltrans.o
                0x0000000020002950                __gett.lto_priv.0
 *fill*         0x0000000020002984        0xc 
 .text.sioSynchronizeTX
                0x0000000020002990       0x6c /tmp/ch.elf.W9bGgI.ltrans0.ltrans.o
 *fill*         0x00000000200029fc        0x4 
 .text.sync_write
                0x0000000020002a00       0x88 /tmp/ch.elf.W9bGgI.ltrans0.ltrans.o
 *fill*         0x0000000020002a88        0x8 
 .text.__write.lto_priv.0
                0x0000000020002a90        0x8 /tmp/ch.elf.W9bGgI.ltrans0.ltrans.o
                0x0000000020002a90                __write.lto_priv.0
 *fill*         0x0000000020002a98        0x8 
 .text.__writet.lto_priv.0
                0x0000000020002aa0        0x4 /tmp/ch.elf.W9bGgI.ltrans0.ltrans.o
                0x0000000020002aa0                __writet.lto_priv.0
 *fill*         0x0000000020002aa4        0xc 
 .text.__put.lto_priv.0
                0x0000000020002ab0       0x2c /tmp/ch.elf.W9bGgI.ltrans0.ltrans.o
                0x0000000020002ab0                __put.lto_priv.0
 *fill*         0x0000000020002adc        0x4 
 .text.__putt.lto_priv.0
                0x0000000020002ae0       0x2c /tmp/ch.elf.W9bGgI.ltrans0.ltrans.o
                0x0000000020002ae0                __putt.lto_priv.0
 *fill*         0x0000000020002b0c        0x4 
 .text.rt_test_002_002_execute
                0x0000000020002b10      0x1d8 /tmp/ch.elf.W9bGgI.ltrans0.ltrans.o
 *fill*         0x0000000020002ce8        0x8 
 .text.rt_test_004_001_execute
                0x0000000020002cf0      0x114 /tmp/ch.elf.W9bGgI.ltrans0.ltrans.o
 *fill*         0x0000000020002e04        0xc 
 .text.rt_test_005_001_execute
                0x0000000020002e10      0x190 /tmp/ch.elf.W9bGgI.ltrans0.ltrans.o
 .text.evt_thread3
                0x0000000020002fa0       0xa8 /tmp/ch.elf.W9bGgI.ltrans0.ltrans.o
 *fill*         0x0000000020003048        0x8 
 .text.evt_thread7
                0x0000000020003050       0xb0 /tmp/ch.elf.W9bGgI.ltrans0.ltrans.o
 .text.msg_loop_test
                0x0000000020003100       0x7c /tmp/ch.elf.W9bGgI.ltrans0.ltrans.o
 *fill*         0x000000002000317c        0x4 
 .text.chSchWakeupS
                0x0000000020003180       0x9c /tmp/ch.elf.W9bGgI.ltrans0.ltrans.o
                0x0000000020003180                chSchWakeupS
 *fill*         0x000000002000321c        0x4 
 .text.bmk_thread1
                0x0000000020003220       0x9c /tmp/ch.elf.W9bGgI.ltrans0.ltrans.o
 *fill*         0x00000000200032bc        0x4 
 .text.chInstanceObjectInit
                0x00000000200032c0      0x1c8 /tmp/ch.elf.W9bGgI.ltrans0.ltrans.o
                0x00000000200032c0                chInstanceObjectInit
 *fill*         0x0000000020003488        0x8 
 .text.chThdCreateSuspendedI
                0x0000000020003490       0xac /tmp/ch.elf.W9bGgI.ltrans0.ltrans.o
                0x0000000020003490                chThdCreateSuspendedI
 *fill*         0x000000002000353c        0x4 
 .text.chThdCreateStatic
                0x0000000020003540       0xd4 /tmp/ch.elf.W9bGgI.ltrans0.ltrans.o
                0x0000000020003540                chThdCreateStatic
 *fill*         0x0000000020003614        0xc 
 .text.rt_test_007_005_execute
                0x0000000020003620       0x94 /tmp/ch.elf.W9bGgI.ltrans0.ltrans.o
 *fill*         0x00000000200036b4        0xc 
 .text.chThdExitS
                0x00000000200036c0       0x74 /tmp/ch.elf.W9bGgI.ltrans0.ltrans.o
                0x00000000200036c0                chThdExitS
 *fill*         0x0000000020003734        0xc 
 .text.chThdExit
                0x0000000020003740       0x18 /tmp/ch.elf.W9bGgI.ltrans0.ltrans.o
                0x0000000020003740                chThdExit
 *fill*         0x0000000020003758        0x8 
 .text.shellThread
                0x0000000020003760      0x278 /tmp/ch.elf.W9bGgI.ltrans0.ltrans.o
                0x0000000020003760                shellThread
 *fill*         0x00000000200039d8        0x8 
 .text.cmd_exit
                0x00000000200039e0       0x3c /tmp/ch.elf.W9bGgI.ltrans0.ltrans.o
 *fill*         0x0000000020003a1c        0x4 
 .text.bmk_thread3
                0x0000000020003a20       0x18 /tmp/ch.elf.W9bGgI.ltrans0.ltrans.o
 *fill*         0x0000000020003a38        0x8 
 .text.chThdWait
                0x0000000020003a40       0x6c /tmp/ch.elf.W9bGgI.ltrans0.ltrans.o
                0x0000000020003a40                chThdWait
 *fill*         0x0000000020003aac        0x4 
 .text.rt_test_010_003_execute
                0x0000000020003ab0      0x1bc /tmp/ch.elf.W9bGgI.ltrans0.ltrans.o
 *fill*         0x0000000020003c6c        0x4 
 .text.rt_test_006_001_execute
                0x0000000020003c70      0x168 /tmp/ch.elf.W9bGgI.ltrans0.ltrans.o
 *fill*         0x0000000020003dd8        0x8 
 .text.rt_test_007_005_teardown
                0x0000000020003de0       0x24 /tmp/ch.elf.W9bGgI.ltrans0.ltrans.o
 *fill*         0x0000000020003e04        0xc 
 .text.rt_test_007_006_teardown
                0x0000000020003e10       0x24 /tmp/ch.elf.W9bGgI.ltrans0.ltrans.o
 *fill*         0x0000000020003e34        0xc 
 .text.rt_test_008_004_teardown
                0x0000000020003e40       0x24 /tmp/ch.elf.W9bGgI.ltrans0.ltrans.o
 *fill*         0x0000000020003e64        0xc 
 .text.rt_test_010_004_execute
                0x0000000020003e70      0x1ac /tmp/ch.elf.W9bGgI.ltrans0.ltrans.o
 *fill*         0x000000002000401c        0x4 
 .text.rt_test_010_005_execute
                0x0000000020004020      0x1e0 /tmp/ch.elf.W9bGgI.ltrans0.ltrans.o
 .text.rt_test_010_007_execute
                0x0000000020004200      0x244 /tmp/ch.elf.W9bGgI.ltrans0.ltrans.o
 *fill*         0x0000000020004444        0xc 
 .text.chTMStartMeasurementX
                0x0000000020004450        0xc /tmp/ch.elf.W9bGgI.ltrans0.ltrans.o
                0x0000000020004450                chTMStartMeasurementX
 *fill*         0x000000002000445c        0x4 
 .text.chTMStopMeasurementX
                0x0000000020004460       0x44 /tmp/ch.elf.W9bGgI.ltrans0.ltrans.o
                0x0000000020004460                chTMStopMeasurementX
 *fill*         0x00000000200044a4        0xc 
 .text.chSemWait
                0x00000000200044b0       0x70 /tmp/ch.elf.W9bGgI.ltrans0.ltrans.o
                0x00000000200044b0                chSemWait
 .text.thread1.lto_priv.1
                0x0000000020004520       0x28 /tmp/ch.elf.W9bGgI.ltrans0.ltrans.o
 *fill*         0x0000000020004548        0x8 
 .text.rt_test_007_006_execute
                0x0000000020004550      0x26c /tmp/ch.elf.W9bGgI.ltrans0.ltrans.o
 *fill*         0x00000000200047bc        0x4 
 .text.bmk_thread7
                0x00000000200047c0       0x40 /tmp/ch.elf.W9bGgI.ltrans0.ltrans.o
 .text.chSemSignal
                0x0000000020004800       0x40 /tmp/ch.elf.W9bGgI.ltrans0.ltrans.o
                0x0000000020004800                chSemSignal
 .text.thread3  0x0000000020004840       0x18 /tmp/ch.elf.W9bGgI.ltrans0.ltrans.o
 *fill*         0x0000000020004858        0x8 
 .text.rt_test_007_001_execute
                0x0000000020004860       0xc4 /tmp/ch.elf.W9bGgI.ltrans0.ltrans.o
 *fill*         0x0000000020004924        0xc 
 .text.chMtxLockS
                0x0000000020004930       0xec /tmp/ch.elf.W9bGgI.ltrans0.ltrans.o
                0x0000000020004930                chMtxLockS
 *fill*         0x0000000020004a1c        0x4 
 .text.thread4B
                0x0000000020004a20       0xb8 /tmp/ch.elf.W9bGgI.ltrans0.ltrans.o
 *fill*         0x0000000020004ad8        0x8 
 .text.chMtxUnlock
                0x0000000020004ae0       0x90 /tmp/ch.elf.W9bGgI.ltrans0.ltrans.o
                0x0000000020004ae0                chMtxUnlock
 .text.cmd_mem  0x0000000020004b70       0xbc /tmp/ch.elf.W9bGgI.ltrans0.ltrans.o
 *fill*         0x0000000020004c2c        0x4 
 .text.thread1.lto_priv.2
                0x0000000020004c30       0x4c /tmp/ch.elf.W9bGgI.ltrans0.ltrans.o
 *fill*         0x0000000020004c7c        0x4 
 .text.thread4A
                0x0000000020004c80       0x9c /tmp/ch.elf.W9bGgI.ltrans0.ltrans.o
 *fill*         0x0000000020004d1c        0x4 
 .text.thread6  0x0000000020004d20       0xe0 /tmp/ch.elf.W9bGgI.ltrans0.ltrans.o
 .text.thread8  0x0000000020004e00      0x11c /tmp/ch.elf.W9bGgI.ltrans0.ltrans.o
 *fill*         0x0000000020004f1c        0x4 
 .text.thread9  0x0000000020004f20       0x4c /tmp/ch.elf.W9bGgI.ltrans0.ltrans.o
 *fill*         0x0000000020004f6c        0x4 
 .text.rt_test_008_004_execute
                0x0000000020004f70      0x1ac /tmp/ch.elf.W9bGgI.ltrans0.ltrans.o
 *fill*         0x000000002000511c        0x4 
 .text.rt_test_008_005_execute
                0x0000000020005120      0x178 /tmp/ch.elf.W9bGgI.ltrans0.ltrans.o
 *fill*         0x0000000020005298        0x8 
 .text.chMBPostTimeout
                0x00000000200052a0       0xd0 /tmp/ch.elf.W9bGgI.ltrans0.ltrans.o
                0x00000000200052a0                chMBPostTimeout
 .text.chMBFetchTimeout
                0x0000000020005370       0xc4 /tmp/ch.elf.W9bGgI.ltrans0.ltrans.o
                0x0000000020005370                chMBFetchTimeout
 *fill*         0x0000000020005434        0xc 
 .text.oslib_test_002_003_execute
                0x0000000020005440      0x180 /tmp/ch.elf.W9bGgI.ltrans0.ltrans.o
 .text.chHeapAllocAligned
                0x00000000200055c0      0x100 /tmp/ch.elf.W9bGgI.ltrans0.ltrans.o
                0x00000000200055c0                chHeapAllocAligned
 .text.chThdCreateFromHeap
                0x00000000200056c0       0x64 /tmp/ch.elf.W9bGgI.ltrans0.ltrans.o
                0x00000000200056c0                chThdCreateFromHeap
 *fill*         0x0000000020005724        0xc 
 .text.cmd_test
                0x0000000020005730       0x98 /tmp/ch.elf.W9bGgI.ltrans0.ltrans.o
 *fill*         0x00000000200057c8        0x8 
 .text.chHeapFree
                0x00000000200057d0       0xb4 /tmp/ch.elf.W9bGgI.ltrans0.ltrans.o
                0x00000000200057d0                chHeapFree
 *fill*         0x0000000020005884        0xc 
 .text.thd_heapfree
                0x0000000020005890        0x8 /tmp/ch.elf.W9bGgI.ltrans0.ltrans.o
 *fill*         0x0000000020005898        0x8 
 .text.chHeapStatus
                0x00000000200058a0       0x7c /tmp/ch.elf.W9bGgI.ltrans0.ltrans.o
                0x00000000200058a0                chHeapStatus
 *fill*         0x000000002000591c        0x4 
 .text.chPoolAlloc
                0x0000000020005920       0x44 /tmp/ch.elf.W9bGgI.ltrans0.ltrans.o
                0x0000000020005920                chPoolAlloc
 *fill*         0x0000000020005964        0xc 
 .text.chGuardedPoolAllocTimeout
                0x0000000020005970       0x78 /tmp/ch.elf.W9bGgI.ltrans0.ltrans.o
                0x0000000020005970                chGuardedPoolAllocTimeout
 *fill*         0x00000000200059e8        0x8 
 .text.chDelegateCallVeneer
                0x00000000200059f0       0x24 /tmp/ch.elf.W9bGgI.ltrans0.ltrans.o
                0x00000000200059f0                chDelegateCallVeneer
 *fill*         0x0000000020005a14        0xc 
 .text.dyn_create_object_heap.lto_priv.0
                0x0000000020005a20       0x64 /tmp/ch.elf.W9bGgI.ltrans0.ltrans.o
                0x0000000020005a20                dyn_create_object_heap.lto_priv.0
 *fill*         0x0000000020005a84        0xc 
 .text.NMI_Handler
                0x0000000020005a90       0x1c /tmp/ch.elf.W9bGgI.ltrans0.ltrans.o
                0x0000000020005a90                NMI_Handler
 *fill*         0x0000000020005aac        0x4 
 .text.Vector7C
                0x0000000020005ab0       0x2c /tmp/ch.elf.W9bGgI.ltrans0.ltrans.o
                0x0000000020005ab0                Vector7C
 *fill*         0x0000000020005adc        0x4 
 .text.Vector80
                0x0000000020005ae0       0x48 /tmp/ch.elf.W9bGgI.ltrans0.ltrans.o
                0x0000000020005ae0                Vector80
 *fill*         0x0000000020005b28        0x8 
 .text.__port_spinlock_release
                0x0000000020005b30       0x10 /tmp/ch.elf.W9bGgI.ltrans0.ltrans.o
                0x0000000020005b30                __port_spinlock_release
 .text.__test_assert
                0x0000000020005b40       0x18 /tmp/ch.elf.W9bGgI.ltrans0.ltrans.o
                0x0000000020005b40                __test_assert
 *fill*         0x0000000020005b58        0x8 
 .text.oslib_test_003_001_execute
                0x0000000020005b60      0x4ac /tmp/ch.elf.W9bGgI.ltrans0.ltrans.o
 *fill*         0x000000002000600c        0x4 
 .text.__test_assert_sequence
                0x0000000020006010       0x3c /tmp/ch.elf.W9bGgI.ltrans0.ltrans.o
                0x0000000020006010                __test_assert_sequence
 *fill*         0x000000002000604c        0x4 
 .text.rt_test_005_002_execute
                0x0000000020006050      0x2f0 /tmp/ch.elf.W9bGgI.ltrans0.ltrans.o
 .text.rt_test_007_002_execute
                0x0000000020006340      0x150 /tmp/ch.elf.W9bGgI.ltrans0.ltrans.o
 .text.rt_test_007_003_execute
                0x0000000020006490      0x1d8 /tmp/ch.elf.W9bGgI.ltrans0.ltrans.o
 *fill*         0x0000000020006668        0x8 
 .text.rt_test_007_004_execute
                0x0000000020006670      0x128 /tmp/ch.elf.W9bGgI.ltrans0.ltrans.o
 *fill*         0x0000000020006798        0x8 
 .text.rt_test_008_001_execute
                0x00000000200067a0      0x154 /tmp/ch.elf.W9bGgI.ltrans0.ltrans.o
 *fill*         0x00000000200068f4        0xc 
 .text.rt_test_008_007_execute
                0x0000000020006900      0x194 /tmp/ch.elf.W9bGgI.ltrans0.ltrans.o
 *fill*         0x0000000020006a94        0xc 
 .text.rt_test_008_008_execute
                0x0000000020006aa0      0x158 /tmp/ch.elf.W9bGgI.ltrans0.ltrans.o
 *fill*         0x0000000020006bf8        0x8 
 .text.rt_test_008_009_execute
                0x0000000020006c00      0x138 /tmp/ch.elf.W9bGgI.ltrans0.ltrans.o
 *fill*         0x0000000020006d38        0x8 
 .text.rt_test_009_001_execute
                0x0000000020006d40      0x134 /tmp/ch.elf.W9bGgI.ltrans0.ltrans.o
 *fill*         0x0000000020006e74        0xc 
 .text.rt_test_010_002_execute
                0x0000000020006e80       0x4c /tmp/ch.elf.W9bGgI.ltrans0.ltrans.o
 *fill*         0x0000000020006ecc        0x4 
 .text.rt_test_011_001_execute
                0x0000000020006ed0      0x1ec /tmp/ch.elf.W9bGgI.ltrans0.ltrans.o
 *fill*         0x00000000200070bc        0x4 
 .text.rt_test_011_002_execute
                0x00000000200070c0      0x17c /tmp/ch.elf.W9bGgI.ltrans0.ltrans.o
 *fill*         0x000000002000723c        0x4 
 .text.oslib_test_002_001_execute
                0x0000000020007240      0x3dc /tmp/ch.elf.W9bGgI.ltrans0.ltrans.o
 *fill*         0x000000002000761c        0x4 
 .text.oslib_test_002_002_execute
                0x0000000020007620      0x3d0 /tmp/ch.elf.W9bGgI.ltrans0.ltrans.o
 .text.test_printf
                0x00000000200079f0      0x450 /tmp/ch.elf.W9bGgI.ltrans0.ltrans.o
                0x00000000200079f0                test_printf
 .text.rt_test_001_001_execute
                0x0000000020007e40       0xdc /tmp/ch.elf.W9bGgI.ltrans0.ltrans.o
 *fill*         0x0000000020007f1c        0x4 
 .text.oslib_test_001_001_execute
                0x0000000020007f20        0x4 /tmp/ch.elf.W9bGgI.ltrans0.ltrans.o
 *fill*         0x0000000020007f24        0xc 
 .text.rt_test_001_002_execute
                0x0000000020007f30       0xbc /tmp/ch.elf.W9bGgI.ltrans0.ltrans.o
 *fill*         0x0000000020007fec        0x4 
 .text.rt_test_001_003_execute
                0x0000000020007ff0      0x3ec /tmp/ch.elf.W9bGgI.ltrans0.ltrans.o
 *fill*         0x00000000200083dc        0x4 
 .text.rt_test_012_001_execute
                0x00000000200083e0       0xbc /tmp/ch.elf.W9bGgI.ltrans0.ltrans.o
 *fill*         0x000000002000849c        0x4 
 .text.rt_test_012_002_execute
                0x00000000200084a0       0xbc /tmp/ch.elf.W9bGgI.ltrans0.ltrans.o
 *fill*         0x000000002000855c        0x4 
 .text.rt_test_012_003_execute
                0x0000000020008560      0x160 /tmp/ch.elf.W9bGgI.ltrans0.ltrans.o
 .text.rt_test_012_004_execute
                0x00000000200086c0      0x16c /tmp/ch.elf.W9bGgI.ltrans0.ltrans.o
 *fill*         0x000000002000882c        0x4 
 .text.rt_test_012_005_execute
                0x0000000020008830       0xe8 /tmp/ch.elf.W9bGgI.ltrans0.ltrans.o
 *fill*         0x0000000020008918        0x8 
 .text.rt_test_012_006_execute
                0x0000000020008920       0xe8 /tmp/ch.elf.W9bGgI.ltrans0.ltrans.o
 *fill*         0x0000000020008a08        0x8 
 .text.rt_test_012_007_execute
                0x0000000020008a10      0x1c4 /tmp/ch.elf.W9bGgI.ltrans0.ltrans.o
 *fill*         0x0000000020008bd4        0xc 
 .text.rt_test_012_008_execute
                0x0000000020008be0      0x1a4 /tmp/ch.elf.W9bGgI.ltrans0.ltrans.o
 *fill*         0x0000000020008d84        0xc 
 .text.rt_test_012_009_execute
                0x0000000020008d90      0x100 /tmp/ch.elf.W9bGgI.ltrans0.ltrans.o
 .text.rt_test_012_010_execute
                0x0000000020008e90       0xd8 /tmp/ch.elf.W9bGgI.ltrans0.ltrans.o
 *fill*         0x0000000020008f68        0x8 
 .text.rt_test_012_011_execute
                0x0000000020008f70      0x140 /tmp/ch.elf.W9bGgI.ltrans0.ltrans.o
 .text.rt_test_012_012_execute
                0x00000000200090b0      0x14c /tmp/ch.elf.W9bGgI.ltrans0.ltrans.o
 *fill*         0x00000000200091fc        0x4 
 .text.oslib_test_001_002_execute
                0x0000000020009200       0xc4 /tmp/ch.elf.W9bGgI.ltrans0.ltrans.o
 *fill*         0x00000000200092c4        0xc 
 .text.oslib_test_001_003_execute
                0x00000000200092d0      0x228 /tmp/ch.elf.W9bGgI.ltrans0.ltrans.o
 *fill*         0x00000000200094f8        0x8 
 .text.oslib_test_003_002_setup.lto_priv.0
                0x0000000020009500       0x48 /tmp/ch.elf.W9bGgI.ltrans1.ltrans.o
                0x0000000020009500                oslib_test_003_002_setup.lto_priv.0
 *fill*         0x0000000020009548        0x8 
 .text.dis_func0
                0x0000000020009550       0x20 /tmp/ch.elf.W9bGgI.ltrans1.ltrans.o
 .text.dis_func1
                0x0000000020009570       0x18 /tmp/ch.elf.W9bGgI.ltrans1.ltrans.o
 *fill*         0x0000000020009588        0x8 
 .text.dis_func2
                0x0000000020009590       0x2c /tmp/ch.elf.W9bGgI.ltrans1.ltrans.o
 *fill*         0x00000000200095bc        0x4 
 .text.dis_func3
                0x00000000200095c0       0x38 /tmp/ch.elf.W9bGgI.ltrans1.ltrans.o
 *fill*         0x00000000200095f8        0x8 
 .text.dis_func4
                0x0000000020009600       0x48 /tmp/ch.elf.W9bGgI.ltrans1.ltrans.o
 *fill*         0x0000000020009648        0x8 
 .text.dis_func_end
                0x0000000020009650       0x28 /tmp/ch.elf.W9bGgI.ltrans1.ltrans.o
 *fill*         0x0000000020009678        0x8 
 .text.obj_write
                0x0000000020009680       0x20 /tmp/ch.elf.W9bGgI.ltrans1.ltrans.o
 .text.null_provider
                0x00000000200096a0        0x4 /tmp/ch.elf.W9bGgI.ltrans1.ltrans.o
 *fill*         0x00000000200096a4        0xc 
 .text.oslib_test_007_001_setup.lto_priv.0
                0x00000000200096b0       0x14 /tmp/ch.elf.W9bGgI.ltrans1.ltrans.o
                0x00000000200096b0                oslib_test_007_001_setup.lto_priv.0
 *fill*         0x00000000200096c4        0xc 
 .text.oslib_test_007_003_setup.lto_priv.0
                0x00000000200096d0       0x1c /tmp/ch.elf.W9bGgI.ltrans1.ltrans.o
                0x00000000200096d0                oslib_test_007_003_setup.lto_priv.0
 *fill*         0x00000000200096ec        0x4 
 .text.oslib_test_007_002_setup
                0x00000000200096f0       0x1c /tmp/ch.elf.W9bGgI.ltrans1.ltrans.o
                0x00000000200096f0                oslib_test_007_002_setup.lto_priv.0
 *fill*         0x000000002000970c        0x4 
 .text.oslib_test_008_001_setup.lto_priv.0
                0x0000000020009710       0x3c /tmp/ch.elf.W9bGgI.ltrans1.ltrans.o
                0x0000000020009710                oslib_test_008_001_setup.lto_priv.0
 *fill*         0x000000002000974c        0x4 
 .text.job_slow
                0x0000000020009750       0x88 /tmp/ch.elf.W9bGgI.ltrans1.ltrans.o
 *fill*         0x00000000200097d8        0x8 
 .text.chCacheGetObject.constprop.0
                0x00000000200097e0      0x1a8 /tmp/ch.elf.W9bGgI.ltrans1.ltrans.o
 *fill*         0x0000000020009988        0x8 
 .text.Thread1.lto_priv.0
                0x0000000020009990       0x94 /tmp/ch.elf.W9bGgI.ltrans1.ltrans.o
 *fill*         0x0000000020009a24        0xc 
 .text.obj_read
                0x0000000020009a30      0x114 /tmp/ch.elf.W9bGgI.ltrans1.ltrans.o
 *fill*         0x0000000020009b44        0xc 
 .text.oslib_test_006_001_execute.lto_priv.0
                0x0000000020009b50      0x718 /tmp/ch.elf.W9bGgI.ltrans1.ltrans.o
                0x0000000020009b50                oslib_test_006_001_execute.lto_priv.0
 *fill*         0x000000002000a268        0x8 
 .text.oslib_test_007_002_execute.lto_priv.0
                0x000000002000a270      0x178 /tmp/ch.elf.W9bGgI.ltrans1.ltrans.o
                0x000000002000a270                oslib_test_007_002_execute.lto_priv.0
 *fill*         0x000000002000a3e8        0x8 
 .text.oslib_test_007_003_execute.lto_priv.0
                0x000000002000a3f0       0x30 /tmp/ch.elf.W9bGgI.ltrans1.ltrans.o
                0x000000002000a3f0                oslib_test_007_003_execute.lto_priv.0
 .text.oslib_test_004_001_execute.lto_priv.0
                0x000000002000a420      0x218 /tmp/ch.elf.W9bGgI.ltrans1.ltrans.o
                0x000000002000a420                oslib_test_004_001_execute.lto_priv.0
 *fill*         0x000000002000a638        0x8 
 .text.Thread1.lto_priv.1
                0x000000002000a640       0xd0 /tmp/ch.elf.W9bGgI.ltrans1.ltrans.o
 .text.oslib_test_005_001_execute.lto_priv.0
                0x000000002000a710      0x168 /tmp/ch.elf.W9bGgI.ltrans1.ltrans.o
                0x000000002000a710                oslib_test_005_001_execute.lto_priv.0
 *fill*         0x000000002000a878        0x8 
 .text.oslib_test_007_001_execute.lto_priv.0
                0x000000002000a880      0x10c /tmp/ch.elf.W9bGgI.ltrans1.ltrans.o
                0x000000002000a880                oslib_test_007_001_execute.lto_priv.0
 *fill*         0x000000002000a98c        0x4 
 .text.oslib_test_008_002_execute.lto_priv.0
                0x000000002000a990       0x8c /tmp/ch.elf.W9bGgI.ltrans1.ltrans.o
                0x000000002000a990                oslib_test_008_002_execute.lto_priv.0
 *fill*         0x000000002000aa1c        0x4 
 .text.chHeapIntegrityCheck.constprop.0
                0x000000002000aa20       0x7c /tmp/ch.elf.W9bGgI.ltrans1.ltrans.o
 *fill*         0x000000002000aa9c        0x4 
 .text.oslib_test_008_001_execute.lto_priv.0
                0x000000002000aaa0      0x3f0 /tmp/ch.elf.W9bGgI.ltrans1.ltrans.o
                0x000000002000aaa0                oslib_test_008_001_execute.lto_priv.0
 .text.chFactoryReleasePipe.isra.0
                0x000000002000ae90       0x68 /tmp/ch.elf.W9bGgI.ltrans1.ltrans.o
 *fill*         0x000000002000aef8        0x8 
 .text.chFactoryReleaseObjectsFIFO.isra.0
                0x000000002000af00       0x68 /tmp/ch.elf.W9bGgI.ltrans1.ltrans.o
 *fill*         0x000000002000af68        0x8 
 .text.chFactoryReleaseMailbox.isra.0
                0x000000002000af70       0x68 /tmp/ch.elf.W9bGgI.ltrans1.ltrans.o
 *fill*         0x000000002000afd8        0x8 
 .text.chFactoryReleaseSemaphore.isra.0
                0x000000002000afe0       0x88 /tmp/ch.elf.W9bGgI.ltrans1.ltrans.o
 *fill*         0x000000002000b068        0x8 
 .text.chFactoryReleaseBuffer.isra.0
                0x000000002000b070       0x68 /tmp/ch.elf.W9bGgI.ltrans1.ltrans.o
 *fill*         0x000000002000b0d8        0x8 
 .text.chFactoryReleaseObject.isra.0
                0x000000002000b0e0       0x88 /tmp/ch.elf.W9bGgI.ltrans1.ltrans.o
 *fill*         0x000000002000b168        0x8 
 .text.chFactoryCreateSemaphore.constprop.0
                0x000000002000b170       0xb4 /tmp/ch.elf.W9bGgI.ltrans1.ltrans.o
 *fill*         0x000000002000b224        0xc 
 .text.oslib_test_009_004_teardown.lto_priv.0
                0x000000002000b230       0xd4 /tmp/ch.elf.W9bGgI.ltrans1.ltrans.o
                0x000000002000b230                oslib_test_009_004_teardown.lto_priv.0
 *fill*         0x000000002000b304        0xc 
 .text.oslib_test_009_001_teardown.lto_priv.0
                0x000000002000b310       0x78 /tmp/ch.elf.W9bGgI.ltrans1.ltrans.o
                0x000000002000b310                oslib_test_009_001_teardown.lto_priv.0
 *fill*         0x000000002000b388        0x8 
 .text.oslib_test_009_002_teardown.lto_priv.0
                0x000000002000b390       0xd4 /tmp/ch.elf.W9bGgI.ltrans1.ltrans.o
                0x000000002000b390                oslib_test_009_002_teardown.lto_priv.0
 *fill*         0x000000002000b464        0xc 
 .text.oslib_test_009_003_teardown.lto_priv.0
                0x000000002000b470       0x78 /tmp/ch.elf.W9bGgI.ltrans1.ltrans.o
                0x000000002000b470                oslib_test_009_003_teardown.lto_priv.0
 *fill*         0x000000002000b4e8        0x8 
 .text.oslib_test_009_005_teardown.lto_priv.0
                0x000000002000b4f0       0xd4 /tmp/ch.elf.W9bGgI.ltrans1.ltrans.o
                0x000000002000b4f0                oslib_test_009_005_teardown.lto_priv.0
 *fill*         0x000000002000b5c4        0xc 
 .text.oslib_test_009_006_teardown.lto_priv.0
                0x000000002000b5d0       0xd4 /tmp/ch.elf.W9bGgI.ltrans1.ltrans.o
                0x000000002000b5d0                oslib_test_009_006_teardown.lto_priv.0
 *fill*         0x000000002000b6a4        0xc 
 .text.chFactoryFindPipe.constprop.0
                0x000000002000b6b0       0x6c /tmp/ch.elf.W9bGgI.ltrans1.ltrans.o
 *fill*         0x000000002000b71c        0x4 
 .text.chFactoryFindObjectsFIFO.constprop.0
                0x000000002000b720       0x6c /tmp/ch.elf.W9bGgI.ltrans1.ltrans.o
 *fill*         0x000000002000b78c        0x4 
 .text.chFactoryFindMailbox.constprop.0
                0x000000002000b790       0x6c /tmp/ch.elf.W9bGgI.ltrans1.ltrans.o
 *fill*         0x000000002000b7fc        0x4 
 .text.chFactoryFindSemaphore.constprop.0
                0x000000002000b800       0x6c /tmp/ch.elf.W9bGgI.ltrans1.ltrans.o
 *fill*         0x000000002000b86c        0x4 
 .text.oslib_test_009_003_execute.lto_priv.0
                0x000000002000b870      0x130 /tmp/ch.elf.W9bGgI.ltrans1.ltrans.o
                0x000000002000b870                oslib_test_009_003_execute.lto_priv.0
 .text.chFactoryFindBuffer.constprop.0
                0x000000002000b9a0       0x6c /tmp/ch.elf.W9bGgI.ltrans1.ltrans.o
 *fill*         0x000000002000ba0c        0x4 
 .text.chFactoryFindObject.constprop.0
                0x000000002000ba10       0x6c /tmp/ch.elf.W9bGgI.ltrans1.ltrans.o
 *fill*         0x000000002000ba7c        0x4 
 .text.chFactoryRegisterObject.constprop.0
                0x000000002000ba80       0xbc /tmp/ch.elf.W9bGgI.ltrans1.ltrans.o
 *fill*         0x000000002000bb3c        0x4 
 .text.oslib_test_009_001_execute.lto_priv.0
                0x000000002000bb40      0x170 /tmp/ch.elf.W9bGgI.ltrans1.ltrans.o
                0x000000002000bb40                oslib_test_009_001_execute.lto_priv.0
 .text.chFactoryCreatePipe.constprop.0
                0x000000002000bcb0       0x84 /tmp/ch.elf.W9bGgI.ltrans1.ltrans.o
 *fill*         0x000000002000bd34        0xc 
 .text.oslib_test_009_006_execute.lto_priv.0
                0x000000002000bd40      0x130 /tmp/ch.elf.W9bGgI.ltrans1.ltrans.o
                0x000000002000bd40                oslib_test_009_006_execute.lto_priv.0
 .text.chFactoryCreateObjectsFIFO.constprop.0
                0x000000002000be70      0x108 /tmp/ch.elf.W9bGgI.ltrans1.ltrans.o
 *fill*         0x000000002000bf78        0x8 
 .text.oslib_test_009_005_execute.lto_priv.0
                0x000000002000bf80      0x130 /tmp/ch.elf.W9bGgI.ltrans1.ltrans.o
                0x000000002000bf80                oslib_test_009_005_execute.lto_priv.0
 .text.chFactoryCreateMailbox.constprop.0
                0x000000002000c0b0       0x70 /tmp/ch.elf.W9bGgI.ltrans1.ltrans.o
 .text.oslib_test_009_004_execute.lto_priv.0
                0x000000002000c120      0x130 /tmp/ch.elf.W9bGgI.ltrans1.ltrans.o
                0x000000002000c120                oslib_test_009_004_execute.lto_priv.0
 .text.oslib_test_009_002_execute.lto_priv.0
                0x000000002000c250      0x1bc /tmp/ch.elf.W9bGgI.ltrans1.ltrans.o
                0x000000002000c250                oslib_test_009_002_execute.lto_priv.0
 *fill*         0x000000002000c40c        0x4 
 .text.Thread1.lto_priv.2
                0x000000002000c410       0x34 /tmp/ch.elf.W9bGgI.ltrans1.ltrans.o
 *fill*         0x000000002000c444        0xc 
 .text.ThreadTimer
                0x000000002000c450       0x94 /tmp/ch.elf.W9bGgI.ltrans1.ltrans.o
 *fill*         0x000000002000c4e4        0xc 
 .text.startup.main
                0x000000002000c4f0      0x324 /tmp/ch.elf.W9bGgI.ltrans1.ltrans.o
                0x000000002000c4f0                main
 *fill*         0x000000002000c814        0xc 
 .text.c1_main  0x000000002000c820      0x18c /tmp/ch.elf.W9bGgI.ltrans1.ltrans.o
                0x000000002000c820                c1_main
 *fill*         0x000000002000c9ac        0x4 
 .text.chPipeReadTimeout.part.0.constprop.0
                0x000000002000c9b0      0x140 /tmp/ch.elf.W9bGgI.ltrans1.ltrans.o
                0x000000002000c9b0                chPipeReadTimeout.part.0.constprop.0
 .text.chPipeWriteTimeout.part.0.constprop.0
                0x000000002000caf0      0x140 /tmp/ch.elf.W9bGgI.ltrans1.ltrans.o
                0x000000002000caf0                chPipeWriteTimeout.part.0.constprop.0
 .text.oslib_test_003_002_execute.lto_priv.0
                0x000000002000cc30       0x88 /tmp/ch.elf.W9bGgI.ltrans1.ltrans.o
                0x000000002000cc30                oslib_test_003_002_execute.lto_priv.0
 *fill*         0x000000002000ccb8        0x8 
 .text.chMBFetchI.constprop.0
                0x000000002000ccc0       0x58 /tmp/ch.elf.W9bGgI.ltrans1.ltrans.o
                0x000000002000ccc0                chMBFetchI.constprop.0
 *fill*         0x000000002000cd18        0x8 
 .text.chMBPostAheadI.constprop.0
                0x000000002000cd20       0x5c /tmp/ch.elf.W9bGgI.ltrans1.ltrans.o
                0x000000002000cd20                chMBPostAheadI.constprop.0
 *fill*         0x000000002000cd7c        0x4 
 .text.chMBPostAheadTimeout.constprop.0
                0x000000002000cd80       0xcc /tmp/ch.elf.W9bGgI.ltrans1.ltrans.o
                0x000000002000cd80                chMBPostAheadTimeout.constprop.0
 *fill*         0x000000002000ce4c        0x4 
 .text.chMBResetI.constprop.0
                0x000000002000ce50       0x5c /tmp/ch.elf.W9bGgI.ltrans1.ltrans.o
                0x000000002000ce50                chMBResetI.constprop.0
 *fill*         0x000000002000ceac        0x4 
 .text.chThdCreateFromMemoryPool.constprop.0
                0x000000002000ceb0       0x74 /tmp/ch.elf.W9bGgI.ltrans1.ltrans.o
                0x000000002000ceb0                chThdCreateFromMemoryPool.constprop.0
 *fill*         0x000000002000cf24        0xc 
 .text.chEvtWaitAllTimeout.constprop.0
                0x000000002000cf30       0x70 /tmp/ch.elf.W9bGgI.ltrans1.ltrans.o
                0x000000002000cf30                chEvtWaitAllTimeout.constprop.0
 .text.chEvtWaitAnyTimeout.constprop.0
                0x000000002000cfa0       0x64 /tmp/ch.elf.W9bGgI.ltrans1.ltrans.o
                0x000000002000cfa0                chEvtWaitAnyTimeout.constprop.0
 *fill*         0x000000002000d004        0xc 
 .text.chEvtWaitOneTimeout.constprop.0
                0x000000002000d010       0x74 /tmp/ch.elf.W9bGgI.ltrans1.ltrans.o
                0x000000002000d010                chEvtWaitOneTimeout.constprop.0
 *fill*         0x000000002000d084        0xc 
 .text.chEvtWaitAll.constprop.0
                0x000000002000d090       0x70 /tmp/ch.elf.W9bGgI.ltrans1.ltrans.o
                0x000000002000d090                chEvtWaitAll.constprop.0
 .text.chEvtWaitAny.constprop.0
                0x000000002000d100       0x6c /tmp/ch.elf.W9bGgI.ltrans1.ltrans.o
                0x000000002000d100                chEvtWaitAny.constprop.0
 *fill*         0x000000002000d16c        0x4 
 .text.chEvtWaitOne.constprop.0
                0x000000002000d170       0x70 /tmp/ch.elf.W9bGgI.ltrans1.ltrans.o
                0x000000002000d170                chEvtWaitOne.constprop.0
 .text.chEvtBroadcastFlagsI.constprop.0
                0x000000002000d1e0       0x48 /tmp/ch.elf.W9bGgI.ltrans1.ltrans.o
                0x000000002000d1e0                chEvtBroadcastFlagsI.constprop.0
 *fill*         0x000000002000d228        0x8 
 .text.chMtxTryLock.constprop.0
                0x000000002000d230       0x4c /tmp/ch.elf.W9bGgI.ltrans1.ltrans.o
                0x000000002000d230                chMtxTryLock.constprop.0
 *fill*         0x000000002000d27c        0x4 
 .text.chSemWaitTimeout.constprop.0
                0x000000002000d280       0x68 /tmp/ch.elf.W9bGgI.ltrans1.ltrans.o
                0x000000002000d280                chSemWaitTimeout.constprop.0
 *fill*         0x000000002000d2e8        0x8 
 .text.chSemResetWithMessage.constprop.0
                0x000000002000d2f0       0xa8 /tmp/ch.elf.W9bGgI.ltrans1.ltrans.o
                0x000000002000d2f0                chSemResetWithMessage.constprop.0
 *fill*         0x000000002000d398        0x8 
 .text.chSemSignalWait.constprop.0.isra.0
                0x000000002000d3a0       0xb8 /tmp/ch.elf.W9bGgI.ltrans1.ltrans.o
                0x000000002000d3a0                chSemSignalWait.constprop.0.isra.0
 *fill*         0x000000002000d458        0x8 
 .text.test_execute_inner.isra.0
                0x000000002000d460      0x314 /tmp/ch.elf.W9bGgI.ltrans1.ltrans.o
                0x000000002000d460                test_execute_inner.isra.0
 .text.memcmp   0x000000002000d774       0x64 /opt/gcc-arm-none-eabi-10-2020-q4-major/bin/../lib/gcc/arm-none-eabi/10.2.1/../../../../arm-none-eabi/lib/thumb/v8-m.main/nofp/libg.a(lib_a-memcmp.o)
                0x000000002000d774                memcmp
 .text.memset   0x000000002000d7d8       0xa4 /opt/gcc-arm-none-eabi-10-2020-q4-major/bin/../lib/gcc/arm-none-eabi/10.2.1/../../../../arm-none-eabi/lib/thumb/v8-m.main/nofp/libg.a(lib_a-memset.o)
                0x000000002000d7d8                memset
 .text.strchr   0x000000002000d87c       0xcc /opt/gcc-arm-none-eabi-10-2020-q4-major/bin/../lib/gcc/arm-none-eabi/10.2.1/../../../../arm-none-eabi/lib/thumb/v8-m.main/nofp/libg.a(lib_a-strchr.o)
                0x000000002000d87c                strchr
 .text.strncmp  0x000000002000d948       0x78 /opt/gcc-arm-none-eabi-10-2020-q4-major/bin/../lib/gcc/arm-none-eabi/10.2.1/../../../../arm-none-eabi/lib/thumb/v8-m.main/nofp/libg.a(lib_a-strncmp.o)
                0x000000002000d948                strncmp
 .text.strpbrk  0x000000002000d9c0       0x38 /opt/gcc-arm-none-eabi-10-2020-q4-major/bin/../lib/gcc/arm-none-eabi/10.2.1/../../../../arm-none-eabi/lib/thumb/v8-m.main/nofp/libg.a(lib_a-strpbrk.o)
                0x000000002000d9c0                strpbrk
 .text.strspn   0x000000002000d9f8       0x34 /opt/gcc-arm-none-eabi-10-2020-q4-major/bin/../lib/gcc/arm-none-eabi/10.2.1/../../../../arm-none-eabi/lib/thumb/v8-m.main/nofp/libg.a(lib_a-strspn.o)
                0x000000002000d9f8                strspn
 *(.glue_7t)
 .glue_7t       0x000000002000da2c        0x0 linker stubs
 *(.glue_7)
 .glue_7        0x000000002000da2c        0x0 linker stubs
 *(.gcc*)
                0x000000002000da2c                __text_end__ = .

.vfp11_veneer   0x000000002000da2c        0x0
 .vfp11_veneer  0x000000002000da2c        0x0 linker stubs

.v4_bx          0x000000002000da2c        0x0
 .v4_bx         0x000000002000da2c        0x0 linker stubs

.iplt           0x000000002000da2c        0x0
 .iplt          0x000000002000da2c        0x0 ./build/obj/crt0_v8m-ml.o

.rodata         0x000000002000da2c     0x2ba0
                0x000000002000da2c                __rodata_base__ = .
 *(.rodata)
 *(.rodata.*)
 .rodata.rt_test_002_001_execute.str1.4
                0x000000002000da2c       0x57 /tmp/ch.elf.W9bGgI.ltrans0.ltrans.o
 *fill*         0x000000002000da83        0x1 
 .rodata.rt_test_010_001_execute.str1.4
                0x000000002000da84       0x1b /tmp/ch.elf.W9bGgI.ltrans0.ltrans.o
 *fill*         0x000000002000da9f        0x1 
 .rodata.chprintf.str1.4
                0x000000002000daa0        0x7 /tmp/ch.elf.W9bGgI.ltrans0.ltrans.o
 *fill*         0x000000002000daa7        0x1 
 .rodata.cmd_info.str1.4
                0x000000002000daa8      0x135 /tmp/ch.elf.W9bGgI.ltrans0.ltrans.o
                                        0x149 (size before relaxing)
 *fill*         0x000000002000dbdd        0x3 
 .rodata.cmd_echo.str1.4
                0x000000002000dbe0        0xf /tmp/ch.elf.W9bGgI.ltrans0.ltrans.o
                                         0x15 (size before relaxing)
 *fill*         0x000000002000dbef        0x1 
 .rodata.cmd_systime.str1.4
                0x000000002000dbf0        0xe /tmp/ch.elf.W9bGgI.ltrans0.ltrans.o
 *fill*         0x000000002000dbfe        0x2 
 .rodata.cmd_threads.str1.4
                0x000000002000dc00       0x70 /tmp/ch.elf.W9bGgI.ltrans0.ltrans.o
                                         0x7c (size before relaxing)
 .rodata.parse_arguments.str1.4
                0x000000002000dc70        0x3 /tmp/ch.elf.W9bGgI.ltrans0.ltrans.o
 *fill*         0x000000002000dc73        0x1 
 .rodata.rt_test_010_006_execute.str1.4
                0x000000002000dc74        0xf /tmp/ch.elf.W9bGgI.ltrans0.ltrans.o
 *fill*         0x000000002000dc83        0x1 
 .rodata.rt_test_005_003_execute.str1.4
                0x000000002000dc84       0x3e /tmp/ch.elf.W9bGgI.ltrans0.ltrans.o
 *fill*         0x000000002000dcc2        0x2 
 .rodata.rt_test_005_004_execute.str1.4
                0x000000002000dcc4       0x47 /tmp/ch.elf.W9bGgI.ltrans0.ltrans.o
 *fill*         0x000000002000dd0b        0x1 
 .rodata.rt_test_002_002_execute.str1.4
                0x000000002000dd0c       0x12 /tmp/ch.elf.W9bGgI.ltrans0.ltrans.o
 *fill*         0x000000002000dd1e        0x2 
 .rodata.rt_test_004_001_execute.str1.4
                0x000000002000dd20        0xe /tmp/ch.elf.W9bGgI.ltrans0.ltrans.o
 *fill*         0x000000002000dd2e        0x2 
 .rodata.rt_test_005_001_execute.str1.4
                0x000000002000dd30       0x13 /tmp/ch.elf.W9bGgI.ltrans0.ltrans.o
 *fill*         0x000000002000dd43        0x1 
 .rodata.chInstanceObjectInit.str1.4
                0x000000002000dd44        0xd /tmp/ch.elf.W9bGgI.ltrans0.ltrans.o
 *fill*         0x000000002000dd51        0x3 
 .rodata.chThdCreateStatic.str1.4
                0x000000002000dd54        0x7 /tmp/ch.elf.W9bGgI.ltrans0.ltrans.o
 *fill*         0x000000002000dd5b        0x1 
 .rodata.rt_test_007_005_execute.str1.4
                0x000000002000dd5c       0x21 /tmp/ch.elf.W9bGgI.ltrans0.ltrans.o
 *fill*         0x000000002000dd7d        0x3 
 .rodata.shellThread.str1.4
                0x000000002000dd80       0x75 /tmp/ch.elf.W9bGgI.ltrans0.ltrans.o
                                         0x79 (size before relaxing)
 *fill*         0x000000002000ddf5        0x3 
 .rodata.rt_test_010_003_execute.str1.4
                0x000000002000ddf8       0x31 /tmp/ch.elf.W9bGgI.ltrans0.ltrans.o
 *fill*         0x000000002000de29        0x3 
 .rodata.rt_test_006_001_execute.str1.4
                0x000000002000de2c       0x27 /tmp/ch.elf.W9bGgI.ltrans0.ltrans.o
 *fill*         0x000000002000de53        0x1 
 .rodata.rt_test_010_004_execute.str1.4
                0x000000002000de54       0x17 /tmp/ch.elf.W9bGgI.ltrans0.ltrans.o
 *fill*         0x000000002000de6b        0x1 
 .rodata.rt_test_010_005_execute.str1.4
                0x000000002000de6c       0x12 /tmp/ch.elf.W9bGgI.ltrans0.ltrans.o
 *fill*         0x000000002000de7e        0x2 
 .rodata.rt_test_007_006_execute.str1.4
                0x000000002000de80       0x3f /tmp/ch.elf.W9bGgI.ltrans0.ltrans.o
                                         0x46 (size before relaxing)
 *fill*         0x000000002000debf        0x1 
 .rodata.rt_test_007_001_execute.str1.4
                0x000000002000dec0       0x14 /tmp/ch.elf.W9bGgI.ltrans0.ltrans.o
 .rodata.cmd_mem.str1.4
                0x000000002000ded4       0x7a /tmp/ch.elf.W9bGgI.ltrans0.ltrans.o
 *fill*         0x000000002000df4e        0x2 
 .rodata.rt_test_008_004_execute.str1.4
                0x000000002000df50       0x19 /tmp/ch.elf.W9bGgI.ltrans0.ltrans.o
 *fill*         0x000000002000df69        0x3 
 .rodata.rt_test_008_005_execute.str1.4
                0x000000002000df6c       0x28 /tmp/ch.elf.W9bGgI.ltrans0.ltrans.o
 .rodata.oslib_test_002_003_execute.str1.4
                0x000000002000df94       0x16 /tmp/ch.elf.W9bGgI.ltrans0.ltrans.o
 *fill*         0x000000002000dfaa        0x2 
 .rodata.cmd_test.str1.4
                0x000000002000dfac       0x20 /tmp/ch.elf.W9bGgI.ltrans0.ltrans.o
                                         0x30 (size before relaxing)
 .rodata.Vector80.str1.4
                0x000000002000dfcc        0xd /tmp/ch.elf.W9bGgI.ltrans0.ltrans.o
 *fill*         0x000000002000dfd9        0x3 
 .rodata.oslib_test_003_001_execute.str1.4
                0x000000002000dfdc       0x3f /tmp/ch.elf.W9bGgI.ltrans0.ltrans.o
 *fill*         0x000000002000e01b        0x1 
 .rodata.rt_test_005_002_execute.str1.4
                0x000000002000e01c       0x1e /tmp/ch.elf.W9bGgI.ltrans0.ltrans.o
                                         0x26 (size before relaxing)
 *fill*         0x000000002000e03a        0x2 
 .rodata.rt_test_007_004_execute.str1.4
                0x000000002000e03c       0x10 /tmp/ch.elf.W9bGgI.ltrans0.ltrans.o
 .rodata.rt_test_008_009_execute.str1.4
                0x000000002000e04c        0x4 /tmp/ch.elf.W9bGgI.ltrans0.ltrans.o
 .rodata.rt_test_009_001_execute.str1.4
                0x000000002000e050        0x5 /tmp/ch.elf.W9bGgI.ltrans0.ltrans.o
 *fill*         0x000000002000e055        0x3 
 .rodata.rt_test_011_001_execute.str1.4
                0x000000002000e058       0xb2 /tmp/ch.elf.W9bGgI.ltrans0.ltrans.o
 *fill*         0x000000002000e10a        0x2 
 .rodata.rt_test_011_002_execute.str1.4
                0x000000002000e10c       0x34 /tmp/ch.elf.W9bGgI.ltrans0.ltrans.o
 .rodata.oslib_test_002_001_execute.str1.4
                0x000000002000e140       0xb7 /tmp/ch.elf.W9bGgI.ltrans0.ltrans.o
 *fill*         0x000000002000e1f7        0x1 
 .rodata.rt_test_001_001_execute.str1.4
                0x000000002000e1f8      0x135 /tmp/ch.elf.W9bGgI.ltrans0.ltrans.o
 *fill*         0x000000002000e32d        0x3 
 .rodata.rt_test_001_002_execute.str1.4
                0x000000002000e330      0x10d /tmp/ch.elf.W9bGgI.ltrans0.ltrans.o
 *fill*         0x000000002000e43d        0x3 
 .rodata.rt_test_001_003_execute.str1.4
                0x000000002000e440      0x5d5 /tmp/ch.elf.W9bGgI.ltrans0.ltrans.o
 *fill*         0x000000002000ea15        0x3 
 .rodata.rt_test_012_001_execute.str1.4
                0x000000002000ea18       0x26 /tmp/ch.elf.W9bGgI.ltrans0.ltrans.o
 *fill*         0x000000002000ea3e        0x2 
 .rodata.rt_test_012_005_execute.str1.4
                0x000000002000ea40        0xb /tmp/ch.elf.W9bGgI.ltrans0.ltrans.o
 *fill*         0x000000002000ea4b        0x1 
 .rodata.rt_test_012_007_execute.str1.4
                0x000000002000ea4c       0x11 /tmp/ch.elf.W9bGgI.ltrans0.ltrans.o
 *fill*         0x000000002000ea5d        0x3 
 .rodata.rt_test_012_009_execute.str1.4
                0x000000002000ea60        0xa /tmp/ch.elf.W9bGgI.ltrans0.ltrans.o
 *fill*         0x000000002000ea6a        0x2 
 .rodata.rt_test_012_010_execute.str1.4
                0x000000002000ea6c        0xf /tmp/ch.elf.W9bGgI.ltrans0.ltrans.o
 *fill*         0x000000002000ea7b        0x1 
 .rodata.rt_test_012_011_execute.str1.4
                0x000000002000ea7c        0xf /tmp/ch.elf.W9bGgI.ltrans0.ltrans.o
 *fill*         0x000000002000ea8b        0x1 
 .rodata.rt_test_012_012_execute.str1.4
                0x000000002000ea8c       0x95 /tmp/ch.elf.W9bGgI.ltrans0.ltrans.o
 *fill*         0x000000002000eb21        0x3 
 .rodata.oslib_test_001_002_execute.str1.4
                0x000000002000eb24       0x3a /tmp/ch.elf.W9bGgI.ltrans0.ltrans.o
 *fill*         0x000000002000eb5e        0x2 
 .rodata.oslib_test_001_003_execute.str1.4
                0x000000002000eb60      0x315 /tmp/ch.elf.W9bGgI.ltrans0.ltrans.o
 *fill*         0x000000002000ee75        0x3 
 .rodata.str1.4
                0x000000002000ee78      0xa99 /tmp/ch.elf.W9bGgI.ltrans0.ltrans.o
 *fill*         0x000000002000f911        0x3 
 .rodata.alarm_irqs
                0x000000002000f914       0x20 /tmp/ch.elf.W9bGgI.ltrans0.ltrans.o
 .rodata.evhndl
                0x000000002000f934        0xc /tmp/ch.elf.W9bGgI.ltrans0.ltrans.o
 .rodata.oslib_test_001_001
                0x000000002000f940       0x10 /tmp/ch.elf.W9bGgI.ltrans0.ltrans.o
 .rodata.oslib_test_001_002
                0x000000002000f950       0x10 /tmp/ch.elf.W9bGgI.ltrans0.ltrans.o
 .rodata.oslib_test_001_003
                0x000000002000f960       0x10 /tmp/ch.elf.W9bGgI.ltrans0.ltrans.o
 .rodata.oslib_test_002_001
                0x000000002000f970       0x10 /tmp/ch.elf.W9bGgI.ltrans0.ltrans.o
 .rodata.oslib_test_002_002
                0x000000002000f980       0x10 /tmp/ch.elf.W9bGgI.ltrans0.ltrans.o
 .rodata.oslib_test_002_003
                0x000000002000f990       0x10 /tmp/ch.elf.W9bGgI.ltrans0.ltrans.o
 .rodata.oslib_test_003_001
                0x000000002000f9a0       0x10 /tmp/ch.elf.W9bGgI.ltrans0.ltrans.o
 .rodata.oslib_test_003_002
                0x000000002000f9b0       0x10 /tmp/ch.elf.W9bGgI.ltrans0.ltrans.o
 .rodata.oslib_test_004_001
                0x000000002000f9c0       0x10 /tmp/ch.elf.W9bGgI.ltrans0.ltrans.o
 .rodata.oslib_test_005_001
                0x000000002000f9d0       0x10 /tmp/ch.elf.W9bGgI.ltrans0.ltrans.o
 .rodata.oslib_test_006_001
                0x000000002000f9e0       0x10 /tmp/ch.elf.W9bGgI.ltrans0.ltrans.o
 .rodata.oslib_test_007_001
                0x000000002000f9f0       0x10 /tmp/ch.elf.W9bGgI.ltrans0.ltrans.o
 .rodata.oslib_test_007_002
                0x000000002000fa00       0x10 /tmp/ch.elf.W9bGgI.ltrans0.ltrans.o
 .rodata.oslib_test_007_003
                0x000000002000fa10       0x10 /tmp/ch.elf.W9bGgI.ltrans0.ltrans.o
 .rodata.oslib_test_008_001
                0x000000002000fa20       0x10 /tmp/ch.elf.W9bGgI.ltrans0.ltrans.o
 .rodata.oslib_test_008_002
                0x000000002000fa30       0x10 /tmp/ch.elf.W9bGgI.ltrans0.ltrans.o
 .rodata.oslib_test_009_001
                0x000000002000fa40       0x10 /tmp/ch.elf.W9bGgI.ltrans0.ltrans.o
 .rodata.oslib_test_009_002
                0x000000002000fa50       0x10 /tmp/ch.elf.W9bGgI.ltrans0.ltrans.o
 .rodata.oslib_test_009_003
                0x000000002000fa60       0x10 /tmp/ch.elf.W9bGgI.ltrans0.ltrans.o
 .rodata.oslib_test_009_004
                0x000000002000fa70       0x10 /tmp/ch.elf.W9bGgI.ltrans0.ltrans.o
 .rodata.oslib_test_009_005
                0x000000002000fa80       0x10 /tmp/ch.elf.W9bGgI.ltrans0.ltrans.o
 .rodata.oslib_test_009_006
                0x000000002000fa90       0x10 /tmp/ch.elf.W9bGgI.ltrans0.ltrans.o
 .rodata.oslib_test_sequence_001
                0x000000002000faa0        0x8 /tmp/ch.elf.W9bGgI.ltrans0.ltrans.o
 .rodata.oslib_test_sequence_001_array
                0x000000002000faa8       0x10 /tmp/ch.elf.W9bGgI.ltrans0.ltrans.o
 .rodata.oslib_test_sequence_002
                0x000000002000fab8        0x8 /tmp/ch.elf.W9bGgI.ltrans0.ltrans.o
 .rodata.oslib_test_sequence_002_array
                0x000000002000fac0       0x10 /tmp/ch.elf.W9bGgI.ltrans0.ltrans.o
 .rodata.oslib_test_sequence_003
                0x000000002000fad0        0x8 /tmp/ch.elf.W9bGgI.ltrans0.ltrans.o
 .rodata.oslib_test_sequence_003_array
                0x000000002000fad8        0xc /tmp/ch.elf.W9bGgI.ltrans0.ltrans.o
 .rodata.oslib_test_sequence_004
                0x000000002000fae4        0x8 /tmp/ch.elf.W9bGgI.ltrans0.ltrans.o
 .rodata.oslib_test_sequence_004_array
                0x000000002000faec        0x8 /tmp/ch.elf.W9bGgI.ltrans0.ltrans.o
 .rodata.oslib_test_sequence_005
                0x000000002000faf4        0x8 /tmp/ch.elf.W9bGgI.ltrans0.ltrans.o
 .rodata.oslib_test_sequence_005_array
                0x000000002000fafc        0x8 /tmp/ch.elf.W9bGgI.ltrans0.ltrans.o
 .rodata.oslib_test_sequence_006
                0x000000002000fb04        0x8 /tmp/ch.elf.W9bGgI.ltrans0.ltrans.o
 .rodata.oslib_test_sequence_006_array
                0x000000002000fb0c        0x8 /tmp/ch.elf.W9bGgI.ltrans0.ltrans.o
 .rodata.oslib_test_sequence_007
                0x000000002000fb14        0x8 /tmp/ch.elf.W9bGgI.ltrans0.ltrans.o
 .rodata.oslib_test_sequence_007_array
                0x000000002000fb1c       0x10 /tmp/ch.elf.W9bGgI.ltrans0.ltrans.o
 .rodata.oslib_test_sequence_008
                0x000000002000fb2c        0x8 /tmp/ch.elf.W9bGgI.ltrans0.ltrans.o
 .rodata.oslib_test_sequence_008_array
                0x000000002000fb34        0xc /tmp/ch.elf.W9bGgI.ltrans0.ltrans.o
 .rodata.oslib_test_sequence_009
                0x000000002000fb40        0x8 /tmp/ch.elf.W9bGgI.ltrans0.ltrans.o
 .rodata.oslib_test_sequence_009_array
                0x000000002000fb48       0x1c /tmp/ch.elf.W9bGgI.ltrans0.ltrans.o
 .rodata.oslib_test_suite
                0x000000002000fb64        0x8 /tmp/ch.elf.W9bGgI.ltrans0.ltrans.o
 .rodata.oslib_test_suite_array
                0x000000002000fb6c       0x28 /tmp/ch.elf.W9bGgI.ltrans0.ltrans.o
 .rodata.pipe_pattern.lto_priv.0
                0x000000002000fb94       0x11 /tmp/ch.elf.W9bGgI.ltrans0.ltrans.o
                0x000000002000fb94                pipe_pattern.lto_priv.0
 *fill*         0x000000002000fba5        0x3 
 .rodata.ram_areas
                0x000000002000fba8       0x80 /tmp/ch.elf.W9bGgI.ltrans0.ltrans.o
 .rodata.rt_test_001_001
                0x000000002000fc28       0x10 /tmp/ch.elf.W9bGgI.ltrans0.ltrans.o
 .rodata.rt_test_001_002
                0x000000002000fc38       0x10 /tmp/ch.elf.W9bGgI.ltrans0.ltrans.o
 .rodata.rt_test_001_003
                0x000000002000fc48       0x10 /tmp/ch.elf.W9bGgI.ltrans0.ltrans.o
 .rodata.rt_test_002_001
                0x000000002000fc58       0x10 /tmp/ch.elf.W9bGgI.ltrans0.ltrans.o
 .rodata.rt_test_002_002
                0x000000002000fc68       0x10 /tmp/ch.elf.W9bGgI.ltrans0.ltrans.o
 .rodata.rt_test_002_003
                0x000000002000fc78       0x10 /tmp/ch.elf.W9bGgI.ltrans0.ltrans.o
 .rodata.rt_test_003_001
                0x000000002000fc88       0x10 /tmp/ch.elf.W9bGgI.ltrans0.ltrans.o
 .rodata.rt_test_003_002
                0x000000002000fc98       0x10 /tmp/ch.elf.W9bGgI.ltrans0.ltrans.o
 .rodata.rt_test_004_001
                0x000000002000fca8       0x10 /tmp/ch.elf.W9bGgI.ltrans0.ltrans.o
 .rodata.rt_test_005_001
                0x000000002000fcb8       0x10 /tmp/ch.elf.W9bGgI.ltrans0.ltrans.o
 .rodata.rt_test_005_002
                0x000000002000fcc8       0x10 /tmp/ch.elf.W9bGgI.ltrans0.ltrans.o
 .rodata.rt_test_005_003
                0x000000002000fcd8       0x10 /tmp/ch.elf.W9bGgI.ltrans0.ltrans.o
 .rodata.rt_test_005_004
                0x000000002000fce8       0x10 /tmp/ch.elf.W9bGgI.ltrans0.ltrans.o
 .rodata.rt_test_006_001
                0x000000002000fcf8       0x10 /tmp/ch.elf.W9bGgI.ltrans0.ltrans.o
 .rodata.rt_test_007_001
                0x000000002000fd08       0x10 /tmp/ch.elf.W9bGgI.ltrans0.ltrans.o
 .rodata.rt_test_007_002
                0x000000002000fd18       0x10 /tmp/ch.elf.W9bGgI.ltrans0.ltrans.o
 .rodata.rt_test_007_003
                0x000000002000fd28       0x10 /tmp/ch.elf.W9bGgI.ltrans0.ltrans.o
 .rodata.rt_test_007_004
                0x000000002000fd38       0x10 /tmp/ch.elf.W9bGgI.ltrans0.ltrans.o
 .rodata.rt_test_007_005
                0x000000002000fd48       0x10 /tmp/ch.elf.W9bGgI.ltrans0.ltrans.o
 .rodata.rt_test_007_006
                0x000000002000fd58       0x10 /tmp/ch.elf.W9bGgI.ltrans0.ltrans.o
 .rodata.rt_test_008_001
                0x000000002000fd68       0x10 /tmp/ch.elf.W9bGgI.ltrans0.ltrans.o
 .rodata.rt_test_008_004
                0x000000002000fd78       0x10 /tmp/ch.elf.W9bGgI.ltrans0.ltrans.o
 .rodata.rt_test_008_005
                0x000000002000fd88       0x10 /tmp/ch.elf.W9bGgI.ltrans0.ltrans.o
 .rodata.rt_test_008_007
                0x000000002000fd98       0x10 /tmp/ch.elf.W9bGgI.ltrans0.ltrans.o
 .rodata.rt_test_008_008
                0x000000002000fda8       0x10 /tmp/ch.elf.W9bGgI.ltrans0.ltrans.o
 .rodata.rt_test_008_009
                0x000000002000fdb8       0x10 /tmp/ch.elf.W9bGgI.ltrans0.ltrans.o
 .rodata.rt_test_009_001
                0x000000002000fdc8       0x10 /tmp/ch.elf.W9bGgI.ltrans0.ltrans.o
 .rodata.rt_test_010_001
                0x000000002000fdd8       0x10 /tmp/ch.elf.W9bGgI.ltrans0.ltrans.o
 .rodata.rt_test_010_002
                0x000000002000fde8       0x10 /tmp/ch.elf.W9bGgI.ltrans0.ltrans.o
 .rodata.rt_test_010_003
                0x000000002000fdf8       0x10 /tmp/ch.elf.W9bGgI.ltrans0.ltrans.o
 .rodata.rt_test_010_004
                0x000000002000fe08       0x10 /tmp/ch.elf.W9bGgI.ltrans0.ltrans.o
 .rodata.rt_test_010_005
                0x000000002000fe18       0x10 /tmp/ch.elf.W9bGgI.ltrans0.ltrans.o
 .rodata.rt_test_010_006
                0x000000002000fe28       0x10 /tmp/ch.elf.W9bGgI.ltrans0.ltrans.o
 .rodata.rt_test_010_007
                0x000000002000fe38       0x10 /tmp/ch.elf.W9bGgI.ltrans0.ltrans.o
 .rodata.rt_test_011_001
                0x000000002000fe48       0x10 /tmp/ch.elf.W9bGgI.ltrans0.ltrans.o
 .rodata.rt_test_011_002
                0x000000002000fe58       0x10 /tmp/ch.elf.W9bGgI.ltrans0.ltrans.o
 .rodata.rt_test_012_001
                0x000000002000fe68       0x10 /tmp/ch.elf.W9bGgI.ltrans0.ltrans.o
 .rodata.rt_test_012_002
                0x000000002000fe78       0x10 /tmp/ch.elf.W9bGgI.ltrans0.ltrans.o
 .rodata.rt_test_012_003
                0x000000002000fe88       0x10 /tmp/ch.elf.W9bGgI.ltrans0.ltrans.o
 .rodata.rt_test_012_004
                0x000000002000fe98       0x10 /tmp/ch.elf.W9bGgI.ltrans0.ltrans.o
 .rodata.rt_test_012_005
                0x000000002000fea8       0x10 /tmp/ch.elf.W9bGgI.ltrans0.ltrans.o
 .rodata.rt_test_012_006
                0x000000002000feb8       0x10 /tmp/ch.elf.W9bGgI.ltrans0.ltrans.o
 .rodata.rt_test_012_007
                0x000000002000fec8       0x10 /tmp/ch.elf.W9bGgI.ltrans0.ltrans.o
 .rodata.rt_test_012_008
                0x000000002000fed8       0x10 /tmp/ch.elf.W9bGgI.ltrans0.ltrans.o
 .rodata.rt_test_012_009
                0x000000002000fee8       0x10 /tmp/ch.elf.W9bGgI.ltrans0.ltrans.o
 .rodata.rt_test_012_010
                0x000000002000fef8       0x10 /tmp/ch.elf.W9bGgI.ltrans0.ltrans.o
 .rodata.rt_test_012_011
                0x000000002000ff08       0x10 /tmp/ch.elf.W9bGgI.ltrans0.ltrans.o
 .rodata.rt_test_012_012
                0x000000002000ff18       0x10 /tmp/ch.elf.W9bGgI.ltrans0.ltrans.o
 .rodata.rt_test_sequence_001
                0x000000002000ff28        0x8 /tmp/ch.elf.W9bGgI.ltrans0.ltrans.o
 .rodata.rt_test_sequence_001_array
                0x000000002000ff30       0x10 /tmp/ch.elf.W9bGgI.ltrans0.ltrans.o
 .rodata.rt_test_sequence_002
                0x000000002000ff40        0x8 /tmp/ch.elf.W9bGgI.ltrans0.ltrans.o
 .rodata.rt_test_sequence_002_array
                0x000000002000ff48       0x10 /tmp/ch.elf.W9bGgI.ltrans0.ltrans.o
 .rodata.rt_test_sequence_003
                0x000000002000ff58        0x8 /tmp/ch.elf.W9bGgI.ltrans0.ltrans.o
 .rodata.rt_test_sequence_003_array
                0x000000002000ff60        0xc /tmp/ch.elf.W9bGgI.ltrans0.ltrans.o
 .rodata.rt_test_sequence_004
                0x000000002000ff6c        0x8 /tmp/ch.elf.W9bGgI.ltrans0.ltrans.o
 .rodata.rt_test_sequence_004_array
                0x000000002000ff74        0x8 /tmp/ch.elf.W9bGgI.ltrans0.ltrans.o
 .rodata.rt_test_sequence_005
                0x000000002000ff7c        0x8 /tmp/ch.elf.W9bGgI.ltrans0.ltrans.o
 .rodata.rt_test_sequence_005_array
                0x000000002000ff84       0x14 /tmp/ch.elf.W9bGgI.ltrans0.ltrans.o
 .rodata.rt_test_sequence_006
                0x000000002000ff98        0x8 /tmp/ch.elf.W9bGgI.ltrans0.ltrans.o
 .rodata.rt_test_sequence_006_array
                0x000000002000ffa0        0x8 /tmp/ch.elf.W9bGgI.ltrans0.ltrans.o
 .rodata.rt_test_sequence_007
                0x000000002000ffa8        0x8 /tmp/ch.elf.W9bGgI.ltrans0.ltrans.o
 .rodata.rt_test_sequence_007_array
                0x000000002000ffb0       0x1c /tmp/ch.elf.W9bGgI.ltrans0.ltrans.o
 .rodata.rt_test_sequence_008
                0x000000002000ffcc        0x8 /tmp/ch.elf.W9bGgI.ltrans0.ltrans.o
 .rodata.rt_test_sequence_008_array
                0x000000002000ffd4       0x1c /tmp/ch.elf.W9bGgI.ltrans0.ltrans.o
 .rodata.rt_test_sequence_009
                0x000000002000fff0        0x8 /tmp/ch.elf.W9bGgI.ltrans0.ltrans.o
 .rodata.rt_test_sequence_009_array
                0x000000002000fff8        0x8 /tmp/ch.elf.W9bGgI.ltrans0.ltrans.o
 .rodata.rt_test_sequence_010
                0x0000000020010000        0x8 /tmp/ch.elf.W9bGgI.ltrans0.ltrans.o
 .rodata.rt_test_sequence_010_array
                0x0000000020010008       0x20 /tmp/ch.elf.W9bGgI.ltrans0.ltrans.o
 .rodata.rt_test_sequence_011
                0x0000000020010028        0x8 /tmp/ch.elf.W9bGgI.ltrans0.ltrans.o
 .rodata.rt_test_sequence_011_array
                0x0000000020010030        0xc /tmp/ch.elf.W9bGgI.ltrans0.ltrans.o
 .rodata.rt_test_sequence_012
                0x000000002001003c        0x8 /tmp/ch.elf.W9bGgI.ltrans0.ltrans.o
 .rodata.rt_test_sequence_012_array
                0x0000000020010044       0x34 /tmp/ch.elf.W9bGgI.ltrans0.ltrans.o
 .rodata.rt_test_suite
                0x0000000020010078        0x8 /tmp/ch.elf.W9bGgI.ltrans0.ltrans.o
 .rodata.rt_test_suite_array
                0x0000000020010080       0x34 /tmp/ch.elf.W9bGgI.ltrans0.ltrans.o
 .rodata.shell_local_commands
                0x00000000200100b4       0x40 /tmp/ch.elf.W9bGgI.ltrans0.ltrans.o
 .rodata.states.0
                0x00000000200100f4       0x40 /tmp/ch.elf.W9bGgI.ltrans0.ltrans.o
 .rodata.wa     0x0000000020010134       0x14 /tmp/ch.elf.W9bGgI.ltrans0.ltrans.o
 .rodata.oslib_test_006_001_execute.lto_priv.0.str1.4
                0x0000000020010148       0x5d /tmp/ch.elf.W9bGgI.ltrans1.ltrans.o
                                         0x69 (size before relaxing)
 *fill*         0x00000000200101a5        0x3 
 .rodata.oslib_test_007_002_execute.lto_priv.0.str1.4
                0x00000000200101a8       0x1b /tmp/ch.elf.W9bGgI.ltrans1.ltrans.o
 *fill*         0x00000000200101c3        0x1 
 .rodata.oslib_test_004_001_execute.lto_priv.0.str1.4
                0x00000000200101c4       0x18 /tmp/ch.elf.W9bGgI.ltrans1.ltrans.o
 .rodata.oslib_test_005_001_execute.lto_priv.0.str1.4
                0x00000000200101dc       0x46 /tmp/ch.elf.W9bGgI.ltrans1.ltrans.o
 *fill*         0x0000000020010222        0x2 
 .rodata.oslib_test_007_001_execute.lto_priv.0.str1.4
                0x0000000020010224       0x19 /tmp/ch.elf.W9bGgI.ltrans1.ltrans.o
 *fill*         0x000000002001023d        0x3 
 .rodata.oslib_test_008_002_execute.lto_priv.0.str1.4
                0x0000000020010240       0x2a /tmp/ch.elf.W9bGgI.ltrans1.ltrans.o
 *fill*         0x000000002001026a        0x2 
 .rodata.oslib_test_008_001_execute.lto_priv.0.str1.4
                0x000000002001026c       0x5d /tmp/ch.elf.W9bGgI.ltrans1.ltrans.o
                                         0x79 (size before relaxing)
 *fill*         0x00000000200102c9        0x3 
 .rodata.chFactoryCreateSemaphore.constprop.0.str1.4
                0x00000000200102cc        0x6 /tmp/ch.elf.W9bGgI.ltrans1.ltrans.o
 *fill*         0x00000000200102d2        0x2 
 .rodata.oslib_test_009_004_teardown.lto_priv.0.str1.4
                0x00000000200102d4        0x6 /tmp/ch.elf.W9bGgI.ltrans1.ltrans.o
 *fill*         0x00000000200102da        0x2 
 .rodata.oslib_test_009_001_teardown.lto_priv.0.str1.4
                0x00000000200102dc        0x6 /tmp/ch.elf.W9bGgI.ltrans1.ltrans.o
 *fill*         0x00000000200102e2        0x2 
 .rodata.oslib_test_009_002_teardown.lto_priv.0.str1.4
                0x00000000200102e4        0x6 /tmp/ch.elf.W9bGgI.ltrans1.ltrans.o
 *fill*         0x00000000200102ea        0x2 
 .rodata.oslib_test_009_005_teardown.lto_priv.0.str1.4
                0x00000000200102ec        0x7 /tmp/ch.elf.W9bGgI.ltrans1.ltrans.o
 *fill*         0x00000000200102f3        0x1 
 .rodata.oslib_test_009_006_teardown.lto_priv.0.str1.4
                0x00000000200102f4        0x7 /tmp/ch.elf.W9bGgI.ltrans1.ltrans.o
 *fill*         0x00000000200102fb        0x1 
 .rodata.oslib_test_009_003_execute.lto_priv.0.str1.4
                0x00000000200102fc       0x58 /tmp/ch.elf.W9bGgI.ltrans1.ltrans.o
                                         0x60 (size before relaxing)
 .rodata.oslib_test_009_001_execute.lto_priv.0.str1.4
                0x0000000020010354       0x30 /tmp/ch.elf.W9bGgI.ltrans1.ltrans.o
 .rodata.Thread1.lto_priv.2.str1.4
                0x0000000020010384        0x8 /tmp/ch.elf.W9bGgI.ltrans1.ltrans.o
 .rodata.ThreadTimer.str1.4
                0x000000002001038c        0x6 /tmp/ch.elf.W9bGgI.ltrans1.ltrans.o
 .rodata.c1_main.str1.4
                0x0000000020010392        0x6 /tmp/ch.elf.W9bGgI.ltrans1.ltrans.o
 .rodata.oslib_test_003_002_execute.lto_priv.0.str1.4
                0x0000000020010392       0x1f /tmp/ch.elf.W9bGgI.ltrans1.ltrans.o
 *fill*         0x0000000020010392        0x2 
 .rodata.test_execute_inner.isra.0.str1.4
                0x0000000020010394      0x1a3 /tmp/ch.elf.W9bGgI.ltrans1.ltrans.o
                                        0x1c3 (size before relaxing)
 *fill*         0x0000000020010537        0x1 
 .rodata.str1.4
                0x0000000020010538        0x7 /tmp/ch.elf.W9bGgI.ltrans1.ltrans.o
 *fill*         0x000000002001053f        0x1 
 .rodata.ch_core0_cfg
                0x0000000020010540       0x14 /tmp/ch.elf.W9bGgI.ltrans1.ltrans.o
 .rodata.ch_core1_cfg
                0x0000000020010554       0x14 /tmp/ch.elf.W9bGgI.ltrans1.ltrans.o
 .rodata.cmd_sequence.0
                0x0000000020010568       0x18 /tmp/ch.elf.W9bGgI.ltrans1.ltrans.o
 .rodata.commands
                0x0000000020010580        0x8 /tmp/ch.elf.W9bGgI.ltrans1.ltrans.o
 .rodata.default_config
                0x0000000020010588       0x14 /tmp/ch.elf.W9bGgI.ltrans1.ltrans.o
 .rodata.shell_cfg1
                0x000000002001059c        0x8 /tmp/ch.elf.W9bGgI.ltrans1.ltrans.o
 .rodata.vmt    0x00000000200105a4       0x28 /tmp/ch.elf.W9bGgI.ltrans1.ltrans.o